Archive member included to satisfy reference by file (symbol)

c:/mounriver/mounriver_studio2/resources/app/resources/win32/components/wch/toolchain/arm-none-eabi-gcc/bin/../lib/gcc/arm-none-eabi/9.3.1/../../../../arm-none-eabi/lib/thumb/v7-m/nofp\libg_nano.a(lib_a-memset.o)
                              ./User/Main.o (memset)
c:/mounriver/mounriver_studio2/resources/app/resources/win32/components/wch/toolchain/arm-none-eabi-gcc/bin/../lib/gcc/arm-none-eabi/9.3.1/../../../../arm-none-eabi/lib/thumb/v7-m/nofp\libg_nano.a(lib_a-printf.o)
                              ./User/Main.o (printf)
c:/mounriver/mounriver_studio2/resources/app/resources/win32/components/wch/toolchain/arm-none-eabi-gcc/bin/../lib/gcc/arm-none-eabi/9.3.1/../../../../arm-none-eabi/lib/thumb/v7-m/nofp\libg_nano.a(lib_a-sprintf.o)
                              ./User/Main.o (sprintf)
c:/mounriver/mounriver_studio2/resources/app/resources/win32/components/wch/toolchain/arm-none-eabi-gcc/bin/../lib/gcc/arm-none-eabi/9.3.1/../../../../arm-none-eabi/lib/thumb/v7-m/nofp\libg_nano.a(lib_a-findfp.o)
                              c:/mounriver/mounriver_studio2/resources/app/resources/win32/components/wch/toolchain/arm-none-eabi-gcc/bin/../lib/gcc/arm-none-eabi/9.3.1/../../../../arm-none-eabi/lib/thumb/v7-m/nofp\libg_nano.a(lib_a-printf.o) (__sinit)
c:/mounriver/mounriver_studio2/resources/app/resources/win32/components/wch/toolchain/arm-none-eabi-gcc/bin/../lib/gcc/arm-none-eabi/9.3.1/../../../../arm-none-eabi/lib/thumb/v7-m/nofp\libg_nano.a(lib_a-fwalk.o)
                              c:/mounriver/mounriver_studio2/resources/app/resources/win32/components/wch/toolchain/arm-none-eabi-gcc/bin/../lib/gcc/arm-none-eabi/9.3.1/../../../../arm-none-eabi/lib/thumb/v7-m/nofp\libg_nano.a(lib_a-findfp.o) (_fwalk)
c:/mounriver/mounriver_studio2/resources/app/resources/win32/components/wch/toolchain/arm-none-eabi-gcc/bin/../lib/gcc/arm-none-eabi/9.3.1/../../../../arm-none-eabi/lib/thumb/v7-m/nofp\libg_nano.a(lib_a-impure.o)
                              c:/mounriver/mounriver_studio2/resources/app/resources/win32/components/wch/toolchain/arm-none-eabi-gcc/bin/../lib/gcc/arm-none-eabi/9.3.1/../../../../arm-none-eabi/lib/thumb/v7-m/nofp\libg_nano.a(lib_a-findfp.o) (_global_impure_ptr)
c:/mounriver/mounriver_studio2/resources/app/resources/win32/components/wch/toolchain/arm-none-eabi-gcc/bin/../lib/gcc/arm-none-eabi/9.3.1/../../../../arm-none-eabi/lib/thumb/v7-m/nofp\libg_nano.a(lib_a-lock.o)
                              c:/mounriver/mounriver_studio2/resources/app/resources/win32/components/wch/toolchain/arm-none-eabi-gcc/bin/../lib/gcc/arm-none-eabi/9.3.1/../../../../arm-none-eabi/lib/thumb/v7-m/nofp\libg_nano.a(lib_a-findfp.o) (__retarget_lock_init_recursive)
c:/mounriver/mounriver_studio2/resources/app/resources/win32/components/wch/toolchain/arm-none-eabi-gcc/bin/../lib/gcc/arm-none-eabi/9.3.1/../../../../arm-none-eabi/lib/thumb/v7-m/nofp\libg_nano.a(lib_a-nano-mallocr.o)
                              c:/mounriver/mounriver_studio2/resources/app/resources/win32/components/wch/toolchain/arm-none-eabi-gcc/bin/../lib/gcc/arm-none-eabi/9.3.1/../../../../arm-none-eabi/lib/thumb/v7-m/nofp\libg_nano.a(lib_a-findfp.o) (_malloc_r)
c:/mounriver/mounriver_studio2/resources/app/resources/win32/components/wch/toolchain/arm-none-eabi-gcc/bin/../lib/gcc/arm-none-eabi/9.3.1/../../../../arm-none-eabi/lib/thumb/v7-m/nofp\libg_nano.a(lib_a-nano-svfprintf.o)
                              c:/mounriver/mounriver_studio2/resources/app/resources/win32/components/wch/toolchain/arm-none-eabi-gcc/bin/../lib/gcc/arm-none-eabi/9.3.1/../../../../arm-none-eabi/lib/thumb/v7-m/nofp\libg_nano.a(lib_a-sprintf.o) (_svfprintf_r)
c:/mounriver/mounriver_studio2/resources/app/resources/win32/components/wch/toolchain/arm-none-eabi-gcc/bin/../lib/gcc/arm-none-eabi/9.3.1/../../../../arm-none-eabi/lib/thumb/v7-m/nofp\libg_nano.a(lib_a-nano-vfprintf.o)
                              c:/mounriver/mounriver_studio2/resources/app/resources/win32/components/wch/toolchain/arm-none-eabi-gcc/bin/../lib/gcc/arm-none-eabi/9.3.1/../../../../arm-none-eabi/lib/thumb/v7-m/nofp\libg_nano.a(lib_a-printf.o) (_vfprintf_r)
c:/mounriver/mounriver_studio2/resources/app/resources/win32/components/wch/toolchain/arm-none-eabi-gcc/bin/../lib/gcc/arm-none-eabi/9.3.1/../../../../arm-none-eabi/lib/thumb/v7-m/nofp\libg_nano.a(lib_a-nano-vfprintf_i.o)
                              c:/mounriver/mounriver_studio2/resources/app/resources/win32/components/wch/toolchain/arm-none-eabi-gcc/bin/../lib/gcc/arm-none-eabi/9.3.1/../../../../arm-none-eabi/lib/thumb/v7-m/nofp\libg_nano.a(lib_a-nano-svfprintf.o) (_printf_i)
c:/mounriver/mounriver_studio2/resources/app/resources/win32/components/wch/toolchain/arm-none-eabi-gcc/bin/../lib/gcc/arm-none-eabi/9.3.1/../../../../arm-none-eabi/lib/thumb/v7-m/nofp\libg_nano.a(lib_a-sbrkr.o)
[...]
Memory Configuration

Name             Origin             Length             Attributes
FLASH            0x08000000         0x00010000         xr
RAM              0x20000000         0x00005000         xrw
*default*        0x00000000         0xffffffff

Linker script and memory map

LOAD ./User/Main.o
LOAD ./User/ch32f10x_it.o
LOAD ./User/system_ch32f10x.o
LOAD ./Startup/startup_ch32f10x.o
LOAD ./Peripheral/src/ch32f10x_adc.o
LOAD ./Peripheral/src/ch32f10x_bkp.o
LOAD ./Peripheral/src/ch32f10x_can.o
LOAD ./Peripheral/src/ch32f10x_crc.o
LOAD ./Peripheral/src/ch32f10x_dac.o
LOAD ./Peripheral/src/ch32f10x_dbgmcu.o
LOAD ./Peripheral/src/ch32f10x_dma.o
LOAD ./Peripheral/src/ch32f10x_exti.o
LOAD ./Peripheral/src/ch32f10x_flash.o
LOAD ./Peripheral/src/ch32f10x_gpio.o
LOAD ./Peripheral/src/ch32f10x_i2c.o
LOAD ./Peripheral/src/ch32f10x_iwdg.o
LOAD ./Peripheral/src/ch32f10x_misc.o
LOAD ./Peripheral/src/ch32f10x_pwr.o
LOAD ./Peripheral/src/ch32f10x_rcc.o
LOAD ./Peripheral/src/ch32f10x_rtc.o
LOAD ./Peripheral/src/ch32f10x_spi.o
LOAD ./Peripheral/src/ch32f10x_tim.o
LOAD ./Peripheral/src/ch32f10x_usart.o
LOAD ./Peripheral/src/ch32f10x_usb.o
LOAD ./Peripheral/src/ch32f10x_usb_host.o
LOAD ./Peripheral/src/ch32f10x_wwdg.o
LOAD ./Debug/debug.o
LOAD ./Core/core_cm3.o
LOAD c:/mounriver/mounriver_studio2/resources/app/resources/win32/components/wch/toolchain/arm-none-eabi-gcc/bin/../lib/gcc/arm-none-eabi/9.3.1/../../../../arm-none-eabi/lib/thumb/v7-m/nofp\libm.a
START GROUP
LOAD c:/mounriver/mounriver_studio2/resources/app/resources/win32/components/wch/toolchain/arm-none-eabi-gcc/bin/../lib/gcc/arm-none-eabi/9.3.1/thumb/v7-m/nofp\libgcc.a
LOAD c:/mounriver/mounriver_studio2/resources/app/resources/win32/components/wch/toolchain/arm-none-eabi-gcc/bin/../lib/gcc/arm-none-eabi/9.3.1/../../../../arm-none-eabi/lib/thumb/v7-m/nofp\libg_nano.a
LOAD c:/mounriver/mounriver_studio2/resources/app/resources/win32/components/wch/toolchain/arm-none-eabi-gcc/bin/../lib/gcc/arm-none-eabi/9.3.1/../../../../arm-none-eabi/lib/thumb/v7-m/nofp\libc_nano.a
END GROUP
START GROUP
LOAD c:/mounriver/mounriver_studio2/resources/app/resources/win32/components/wch/toolchain/arm-none-eabi-gcc/bin/../lib/gcc/arm-none-eabi/9.3.1/thumb/v7-m/nofp\libgcc.a
LOAD c:/mounriver/mounriver_studio2/resources/app/resources/win32/components/wch/toolchain/arm-none-eabi-gcc/bin/../lib/gcc/arm-none-eabi/9.3.1/../../../../arm-none-eabi/lib/thumb/v7-m/nofp\libc_nano.a
LOAD c:/mounriver/mounriver_studio2/resources/app/resources/win32/components/wch/toolchain/arm-none-eabi-gcc/bin/../lib/gcc/arm-none-eabi/9.3.1/../../../../arm-none-eabi/lib/thumb/v7-m/nofp\libnosys.a
END GROUP
START GROUP
LOAD c:/mounriver/mounriver_studio2/resources/app/resources/win32/components/wch/toolchain/arm-none-eabi-gcc/bin/../lib/gcc/arm-none-eabi/9.3.1/thumb/v7-m/nofp\libgcc.a
LOAD c:/mounriver/mounriver_studio2/resources/app/resources/win32/components/wch/toolchain/arm-none-eabi-gcc/bin/../lib/gcc/arm-none-eabi/9.3.1/../../../../arm-none-eabi/lib/thumb/v7-m/nofp\libc_nano.a
LOAD c:/mounriver/mounriver_studio2/resources/app/resources/win32/components/wch/toolchain/arm-none-eabi-gcc/bin/../lib/gcc/arm-none-eabi/9.3.1/../../../../arm-none-eabi/lib/thumb/v7-m/nofp\libnosys.a
END GROUP
                0x20005000                _estack = 0x20005000
                0x00000200                _Min_Heap_Size = 0x200
                0x00000400                _Min_Stack_Size = 0x400

.isr_vector     0x08000000       0xf0
                0x08000000                . = ALIGN (0x4)
 *(.isr_vector)
 .isr_vector    0x08000000       0xf0 ./Startup/startup_ch32f10x.o
                0x08000000                g_pfnVectors
                0x080000f0                . = ALIGN (0x4)

.text           0x080000f0     0x235c
                0x080000f0                . = ALIGN (0x4)
 *(.text)
 *(.text*)
 .text.ADC_Function_Init
                0x080000f0       0xb4 ./User/Main.o
                0x080000f0                ADC_Function_Init
 .text.DMA_Tx_Init
                0x080001a4       0x56 ./User/Main.o
                0x080001a4                DMA_Tx_Init
 *fill*         0x080001fa        0x2 
 .text.Get_ConversionVal
                0x080001fc       0x28 ./User/Main.o
                0x080001fc                Get_ConversionVal
 .text.PWM_Init
                0x08000224       0x94 ./User/Main.o
                0x08000224                PWM_Init
 .text.UART1_Init
                0x080002b8       0x74 ./User/Main.o
                0x080002b8                UART1_Init
 .text.I2C1_Init
                0x0800032c       0x74 ./User/Main.o
                0x0800032c                I2C1_Init
 .text.Set_PWM_Duty
                0x080003a0       0x1c ./User/Main.o
                0x080003a0                Set_PWM_Duty
 .text.UART1_SendStr
                0x080003bc       0x2c ./User/Main.o
                0x080003bc                UART1_SendStr
 .text.startup.main
                0x080003e8      0x140 ./User/Main.o
                0x080003e8                main
 .text.NMI_Handler
                0x08000528        0x2 ./User/ch32f10x_it.o
                0x08000528                NMI_Handler
 .text.HardFault_Handler
                0x0800052a        0x2 ./User/ch32f10x_it.o
                0x0800052a                HardFault_Handler
 .text.MemManage_Handler
                0x0800052c        0x2 ./User/ch32f10x_it.o
                0x0800052c                MemManage_Handler
 .text.BusFault_Handler
                0x0800052e        0x2 ./User/ch32f10x_it.o
                0x0800052e                BusFault_Handler
 .text.UsageFault_Handler
                0x08000530        0x2 ./User/ch32f10x_it.o
                0x08000530                UsageFault_Handler
 .text.SVC_Handler
                0x08000532        0x2 ./User/ch32f10x_it.o
                0x08000532                SVC_Handler
 .text.DebugMon_Handler
                0x08000534        0x2 ./User/ch32f10x_it.o
                0x08000534                DebugMon_Handler
 .text.PendSV_Handler
                0x08000536        0x2 ./User/ch32f10x_it.o
                0x08000536                PendSV_Handler
 .text.SysTick_Handler
                0x08000538        0x2 ./User/ch32f10x_it.o
                0x08000538                SysTick_Handler
 *fill*         0x0800053a        0x2 
 .text.SystemInit
                0x0800053c       0xf0 ./User/system_ch32f10x.o
                0x0800053c                SystemInit
 .text.SystemCoreClockUpdate
                0x0800062c       0x64 ./User/system_ch32f10x.o
                0x0800062c                SystemCoreClockUpdate
 .text.Reset_Handler
                0x08000690       0x44 ./Startup/startup_ch32f10x.o
                0x08000690                Reset_Handler
 .text.Default_Handler
                0x080006d4        0x2 ./Startup/startup_ch32f10x.o
                0x080006d4                EXTI2_IRQHandler
                0x080006d4                TIM1_CC_IRQHandler
                0x080006d4                PVD_IRQHandler
                0x080006d4                EXTI3_IRQHandler
                0x080006d4                EXTI0_IRQHandler
                0x080006d4                I2C2_EV_IRQHandler
                0x080006d4                ADC1_2_IRQHandler
                0x080006d4                SPI1_IRQHandler
                0x080006d4                TAMPER_IRQHandler
                0x080006d4                DMA1_Channel4_IRQHandler
                0x080006d4                USART3_IRQHandler
                0x080006d4                RTC_IRQHandler
                0x080006d4                DMA1_Channel7_IRQHandler
                0x080006d4                CAN1_RX1_IRQHandler
                0x080006d4                TIM4_IRQHandler
                0x080006d4                I2C1_EV_IRQHandler
                0x080006d4                USBHD_IRQHandler
                0x080006d4                DMA1_Channel6_IRQHandler
                0x080006d4                TIM3_IRQHandler
                0x080006d4                RCC_IRQHandler
                0x080006d4                TIM1_TRG_COM_IRQHandler
                0x080006d4                DMA1_Channel1_IRQHandler
                0x080006d4                Default_Handler
                0x080006d4                EXTI15_10_IRQHandler
                0x080006d4                EXTI9_5_IRQHandler
                0x080006d4                SPI2_IRQHandler
                0x080006d4                DMA1_Channel5_IRQHandler
                0x080006d4                EXTI4_IRQHandler
                0x080006d4                USB_LP_CAN1_RX0_IRQHandler
                0x080006d4                USB_HP_CAN1_TX_IRQHandler
                0x080006d4                DMA1_Channel3_IRQHandler
                0x080006d4                TIM1_UP_IRQHandler
                0x080006d4                WWDG_IRQHandler
                0x080006d4                TIM2_IRQHandler
                0x080006d4                TIM1_BRK_IRQHandler
                0x080006d4                EXTI1_IRQHandler
                0x080006d4                RTCAlarm_IRQHandler
                0x080006d4                USART2_IRQHandler
                0x080006d4                I2C2_ER_IRQHandler
                0x080006d4                DMA1_Channel2_IRQHandler
                0x080006d4                CAN1_SCE_IRQHandler
                0x080006d4                FLASH_IRQHandler
                0x080006d4                USART1_IRQHandler
                0x080006d4                I2C1_ER_IRQHandler
                0x080006d4                USBWakeUp_IRQHandler
 *fill*         0x080006d6        0x2 
 .text.ADC_DeInit
                0x080006d8       0x28 ./Peripheral/src/ch32f10x_adc.o
                0x080006d8                ADC_DeInit
 .text.ADC_Init
                0x08000700       0x48 ./Peripheral/src/ch32f10x_adc.o
                0x08000700                ADC_Init
 .text.ADC_Cmd  0x08000748       0x12 ./Peripheral/src/ch32f10x_adc.o
                0x08000748                ADC_Cmd
 .text.ADC_DMACmd
                0x0800075a       0x12 ./Peripheral/src/ch32f10x_adc.o
                0x0800075a                ADC_DMACmd
 .text.ADC_ResetCalibration
                0x0800076c        0xa ./Peripheral/src/ch32f10x_adc.o
                0x0800076c                ADC_ResetCalibration
 .text.ADC_GetResetCalibrationStatus
                0x08000776        0x8 ./Peripheral/src/ch32f10x_adc.o
                0x08000776                ADC_GetResetCalibrationStatus
 .text.ADC_StartCalibration
                0x0800077e        0xa ./Peripheral/src/ch32f10x_adc.o
                0x0800077e                ADC_StartCalibration
 .text.ADC_GetCalibrationStatus
                0x08000788        0x8 ./Peripheral/src/ch32f10x_adc.o
                0x08000788                ADC_GetCalibrationStatus
 .text.ADC_SoftwareStartConvCmd
                0x08000790       0x12 ./Peripheral/src/ch32f10x_adc.o
                0x08000790                ADC_SoftwareStartConvCmd
 .text.ADC_RegularChannelConfig
                0x080007a2       0x8e ./Peripheral/src/ch32f10x_adc.o
                0x080007a2                ADC_RegularChannelConfig
 .text.Get_CalibrationValue
                0x08000830      0x14a ./Peripheral/src/ch32f10x_adc.o
                0x08000830                Get_CalibrationValue
 *fill*         0x0800097a        0x2 
 .text.DBGMCU_GetCHIPID
                0x0800097c        0xc ./Peripheral/src/ch32f10x_dbgmcu.o
                0x0800097c                DBGMCU_GetCHIPID
 .text.DMA_DeInit
                0x08000988       0xf4 ./Peripheral/src/ch32f10x_dma.o
                0x08000988                DMA_DeInit
 .text.DMA_Init
                0x08000a7c       0x3c ./Peripheral/src/ch32f10x_dma.o
                0x08000a7c                DMA_Init
 .text.DMA_Cmd  0x08000ab8       0x16 ./Peripheral/src/ch32f10x_dma.o
                0x08000ab8                DMA_Cmd
 .text.GPIO_Init
                0x08000ace       0xa0 ./Peripheral/src/ch32f10x_gpio.o
                0x08000ace                GPIO_Init
 *fill*         0x08000b6e        0x2 
 .text.I2C_DeInit
                0x08000b70       0x34 ./Peripheral/src/ch32f10x_i2c.o
                0x08000b70                I2C_DeInit
 .text.I2C_Init
                0x08000ba4       0xd4 ./Peripheral/src/ch32f10x_i2c.o
                0x08000ba4                I2C_Init
 .text.I2C_Cmd  0x08000c78       0x18 ./Peripheral/src/ch32f10x_i2c.o
                0x08000c78                I2C_Cmd
 .text.SysTick_CLKSourceConfig
                0x08000c90       0x18 ./Peripheral/src/ch32f10x_misc.o
                0x08000c90                SysTick_CLKSourceConfig
 .text.RCC_ADCCLKConfig
                0x08000ca8       0x14 ./Peripheral/src/ch32f10x_rcc.o
                0x08000ca8                RCC_ADCCLKConfig
 .text.RCC_GetClocksFreq
                0x08000cbc       0x90 ./Peripheral/src/ch32f10x_rcc.o
                0x08000cbc                RCC_GetClocksFreq
 .text.RCC_AHBPeriphClockCmd
                0x08000d4c       0x18 ./Peripheral/src/ch32f10x_rcc.o
                0x08000d4c                RCC_AHBPeriphClockCmd
 .text.RCC_APB2PeriphClockCmd
                0x08000d64       0x18 ./Peripheral/src/ch32f10x_rcc.o
                0x08000d64                RCC_APB2PeriphClockCmd
 .text.RCC_APB1PeriphClockCmd
                0x08000d7c       0x18 ./Peripheral/src/ch32f10x_rcc.o
                0x08000d7c                RCC_APB1PeriphClockCmd
 .text.RCC_APB2PeriphResetCmd
                0x08000d94       0x18 ./Peripheral/src/ch32f10x_rcc.o
                0x08000d94                RCC_APB2PeriphResetCmd
 .text.RCC_APB1PeriphResetCmd
                0x08000dac       0x18 ./Peripheral/src/ch32f10x_rcc.o
                0x08000dac                RCC_APB1PeriphResetCmd
 .text.TIM_TimeBaseInit
                0x08000dc4       0x50 ./Peripheral/src/ch32f10x_tim.o
                0x08000dc4                TIM_TimeBaseInit
 .text.TIM_OC1Init
                0x08000e14       0x68 ./Peripheral/src/ch32f10x_tim.o
                0x08000e14                TIM_OC1Init
 .text.TIM_Cmd  0x08000e7c       0x18 ./Peripheral/src/ch32f10x_tim.o
                0x08000e7c                TIM_Cmd
 .text.TIM_ARRPreloadConfig
                0x08000e94       0x18 ./Peripheral/src/ch32f10x_tim.o
                0x08000e94                TIM_ARRPreloadConfig
 .text.TIM_OC1PreloadConfig
                0x08000eac       0x10 ./Peripheral/src/ch32f10x_tim.o
                0x08000eac                TIM_OC1PreloadConfig
 .text.TIM_SetCompare1
                0x08000ebc        0x4 ./Peripheral/src/ch32f10x_tim.o
                0x08000ebc                TIM_SetCompare1
 .text.USART_Init
                0x08000ec0       0x88 ./Peripheral/src/ch32f10x_usart.o
                0x08000ec0                USART_Init
 .text.USART_Cmd
                0x08000f48       0x18 ./Peripheral/src/ch32f10x_usart.o
                0x08000f48                USART_Cmd
 .text.USART_SendData
                0x08000f60        0x8 ./Peripheral/src/ch32f10x_usart.o
                0x08000f60                USART_SendData
 .text.USART_GetFlagStatus
                0x08000f68        0xc ./Peripheral/src/ch32f10x_usart.o
                0x08000f68                USART_GetFlagStatus
 .text.Delay_Init
                0x08000f74       0x3c ./Debug/debug.o
                0x08000f74                Delay_Init
 .text.Delay_Ms
                0x08000fb0       0x38 ./Debug/debug.o
                0x08000fb0                Delay_Ms
 .text.USART_Printf_Init
                0x08000fe8       0x50 ./Debug/debug.o
                0x08000fe8                USART_Printf_Init
 .text._write   0x08001038       0x30 ./Debug/debug.o
                0x08001038                _write
 .text.memset   0x08001068       0x10 c:/mounriver/mounriver_studio2/resources/app/resources/win32/components/wch/toolchain/arm-none-eabi-gcc/bin/../lib/gcc/arm-none-eabi/9.3.1/../../../../arm-none-eabi/lib/thumb/v7-m/nofp\libg_nano.a(lib_a-memset.o)
                0x08001068                memset
 .text.printf   0x08001078       0x30 c:/mounriver/mounriver_studio2/resources/app/resources/win32/components/wch/toolchain/arm-none-eabi-gcc/bin/../lib/gcc/arm-none-eabi/9.3.1/../../../../arm-none-eabi/lib/thumb/v7-m/nofp\libg_nano.a(lib_a-printf.o)
                0x08001078                iprintf
                0x08001078                printf
 .text.sprintf  0x080010a8       0x40 c:/mounriver/mounriver_studio2/resources/app/resources/win32/components/wch/toolchain/arm-none-eabi-gcc/bin/../lib/gcc/arm-none-eabi/9.3.1/../../../../arm-none-eabi/lib/thumb/v7-m/nofp\libg_nano.a(lib_a-sprintf.o)
                0x080010a8                siprintf
                0x080010a8                sprintf
 .text.std      0x080010e8       0x48 c:/mounriver/mounriver_studio2/resources/app/resources/win32/components/wch/toolchain/arm-none-eabi-gcc/bin/../lib/gcc/arm-none-eabi/9.3.1/../../../../arm-none-eabi/lib/thumb/v7-m/nofp\libg_nano.a(lib_a-findfp.o)
 .text._cleanup_r
                0x08001130        0xc c:/mounriver/mounriver_studio2/resources/app/resources/win32/components/wch/toolchain/arm-none-eabi-gcc/bin/../lib/gcc/arm-none-eabi/9.3.1/../../../../arm-none-eabi/lib/thumb/v7-m/nofp\libg_nano.a(lib_a-findfp.o)
                0x08001130                _cleanup_r
 .text.__sfmoreglue
                0x0800113c       0x2c c:/mounriver/mounriver_studio2/resources/app/resources/win32/components/wch/toolchain/arm-none-eabi-gcc/bin/../lib/gcc/arm-none-eabi/9.3.1/../../../../arm-none-eabi/lib/thumb/v7-m/nofp\libg_nano.a(lib_a-findfp.o)
                0x0800113c                __sfmoreglue
 .text.__sfp_lock_acquire
                0x08001168        0xc c:/mounriver/mounriver_studio2/resources/app/resources/win32/components/wch/toolchain/arm-none-eabi-gcc/bin/../lib/gcc/arm-none-eabi/9.3.1/../../../../arm-none-eabi/lib/thumb/v7-m/nofp\libg_nano.a(lib_a-findfp.o)
                0x08001168                __sfp_lock_acquire
 .text.__sfp_lock_release
                0x08001174        0xc c:/mounriver/mounriver_studio2/resources/app/resources/win32/components/wch/toolchain/arm-none-eabi-gcc/bin/../lib/gcc/arm-none-eabi/9.3.1/../../../../arm-none-eabi/lib/thumb/v7-m/nofp\libg_nano.a(lib_a-findfp.o)
                0x08001174                __sfp_lock_release
 .text.__sinit_lock_acquire
                0x08001180        0xc c:/mounriver/mounriver_studio2/resources/app/resources/win32/components/wch/toolchain/arm-none-eabi-gcc/bin/../lib/gcc/arm-none-eabi/9.3.1/../../../../arm-none-eabi/lib/thumb/v7-m/nofp\libg_nano.a(lib_a-findfp.o)
                0x08001180                __sinit_lock_acquire
 .text.__sinit_lock_release
                0x0800118c        0xc c:/mounriver/mounriver_studio2/resources/app/resources/win32/components/wch/toolchain/arm-none-eabi-gcc/bin/../lib/gcc/arm-none-eabi/9.3.1/../../../../arm-none-eabi/lib/thumb/v7-m/nofp\libg_nano.a(lib_a-findfp.o)
                0x0800118c                __sinit_lock_release
 .text.__sinit  0x08001198       0x70 c:/mounriver/mounriver_studio2/resources/app/resources/win32/components/wch/toolchain/arm-none-eabi-gcc/bin/../lib/gcc/arm-none-eabi/9.3.1/../../../../arm-none-eabi/lib/thumb/v7-m/nofp\libg_nano.a(lib_a-findfp.o)
                0x08001198                __sinit
 .text.__sfp    0x08001208       0x8c c:/mounriver/mounriver_studio2/resources/app/resources/win32/components/wch/toolchain/arm-none-eabi-gcc/bin/../lib/gcc/arm-none-eabi/9.3.1/../../../../arm-none-eabi/lib/thumb/v7-m/nofp\libg_nano.a(lib_a-findfp.o)
                0x08001208                __sfp
 .text._fwalk_reent
                0x08001294       0x3e c:/mounriver/mounriver_studio2/resources/app/resources/win32/components/wch/toolchain/arm-none-eabi-gcc/bin/../lib/gcc/arm-none-eabi/9.3.1/../../../../arm-none-eabi/lib/thumb/v7-m/nofp\libg_nano.a(lib_a-fwalk.o)
                0x08001294                _fwalk_reent
 .text.__retarget_lock_init_recursive
                0x080012d2        0x2 c:/mounriver/mounriver_studio2/resources/app/resources/win32/components/wch/toolchain/arm-none-eabi-gcc/bin/../lib/gcc/arm-none-eabi/9.3.1/../../../../arm-none-eabi/lib/thumb/v7-m/nofp\libg_nano.a(lib_a-lock.o)
                0x080012d2                __retarget_lock_init_recursive
 .text.__retarget_lock_acquire_recursive
                0x080012d4        0x2 c:/mounriver/mounriver_studio2/resources/app/resources/win32/components/wch/toolchain/arm-none-eabi-gcc/bin/../lib/gcc/arm-none-eabi/9.3.1/../../../../arm-none-eabi/lib/thumb/v7-m/nofp\libg_nano.a(lib_a-lock.o)
                0x080012d4                __retarget_lock_acquire_recursive
 .text.__retarget_lock_release_recursive
                0x080012d6        0x2 c:/mounriver/mounriver_studio2/resources/app/resources/win32/components/wch/toolchain/arm-none-eabi-gcc/bin/../lib/gcc/arm-none-eabi/9.3.1/../../../../arm-none-eabi/lib/thumb/v7-m/nofp\libg_nano.a(lib_a-lock.o)
                0x080012d6                __retarget_lock_release_recursive
 .text._malloc_r
                0x080012d8       0xb4 c:/mounriver/mounriver_studio2/resources/app/resources/win32/components/wch/toolchain/arm-none-eabi-gcc/bin/../lib/gcc/arm-none-eabi/9.3.1/../../../../arm-none-eabi/lib/thumb/v7-m/nofp\libg_nano.a(lib_a-nano-mallocr.o)
                0x080012d8                _malloc_r
 .text.__ssputs_r
                0x0800138c       0xb6 c:/mounriver/mounriver_studio2/resources/app/resources/win32/components/wch/toolchain/arm-none-eabi-gcc/bin/../lib/gcc/arm-none-eabi/9.3.1/../../../../arm-none-eabi/lib/thumb/v7-m/nofp\libg_nano.a(lib_a-nano-svfprintf.o)
                0x0800138c                __ssputs_r
 *fill*         0x08001442        0x2 
 .text._svfprintf_r
                0x08001444      0x200 c:/mounriver/mounriver_studio2/resources/app/resources/win32/components/wch/toolchain/arm-none-eabi-gcc/bin/../lib/gcc/arm-none-eabi/9.3.1/../../../../arm-none-eabi/lib/thumb/v7-m/nofp\libg_nano.a(lib_a-nano-svfprintf.o)
                0x08001444                _svfiprintf_r
                0x08001444                _svfprintf_r
 .text.__sfputc_r
                0x08001644       0x2a c:/mounriver/mounriver_studio2/resources/app/resources/win32/components/wch/toolchain/arm-none-eabi-gcc/bin/../lib/gcc/arm-none-eabi/9.3.1/../../../../arm-none-eabi/lib/thumb/v7-m/nofp\libg_nano.a(lib_a-nano-vfprintf.o)
 .text.__sfputs_r
                0x0800166e       0x24 c:/mounriver/mounriver_studio2/resources/app/resources/win32/components/wch/toolchain/arm-none-eabi-gcc/bin/../lib/gcc/arm-none-eabi/9.3.1/../../../../arm-none-eabi/lib/thumb/v7-m/nofp\libg_nano.a(lib_a-nano-vfprintf.o)
                0x0800166e                __sfputs_r
 *fill*         0x08001692        0x2 
 .text._vfprintf_r
                0x08001694      0x260 c:/mounriver/mounriver_studio2/resources/app/resources/win32/components/wch/toolchain/arm-none-eabi-gcc/bin/../lib/gcc/arm-none-eabi/9.3.1/../../../../arm-none-eabi/lib/thumb/v7-m/nofp\libg_nano.a(lib_a-nano-vfprintf.o)
                0x08001694                _vfprintf_r
                0x08001694                _vfiprintf_r
 .text._printf_common
                0x080018f4       0xde c:/mounriver/mounriver_studio2/resources/app/resources/win32/components/wch/toolchain/arm-none-eabi-gcc/bin/../lib/gcc/arm-none-eabi/9.3.1/../../../../arm-none-eabi/lib/thumb/v7-m/nofp\libg_nano.a(lib_a-nano-vfprintf_i.o)
                0x080018f4                _printf_common
 *fill*         0x080019d2        0x2 
 .text._printf_i
                0x080019d4      0x24c c:/mounriver/mounriver_studio2/resources/app/resources/win32/components/wch/toolchain/arm-none-eabi-gcc/bin/../lib/gcc/arm-none-eabi/9.3.1/../../../../arm-none-eabi/lib/thumb/v7-m/nofp\libg_nano.a(lib_a-nano-vfprintf_i.o)
                0x080019d4                _printf_i
 .text._sbrk_r  0x08001c20       0x20 c:/mounriver/mounriver_studio2/resources/app/resources/win32/components/wch/toolchain/arm-none-eabi-gcc/bin/../lib/gcc/arm-none-eabi/9.3.1/../../../../arm-none-eabi/lib/thumb/v7-m/nofp\libg_nano.a(lib_a-sbrkr.o)
                0x08001c20                _sbrk_r
 .text.__sread  0x08001c40       0x22 c:/mounriver/mounriver_studio2/resources/app/resources/win32/components/wch/toolchain/arm-none-eabi-gcc/bin/../lib/gcc/arm-none-eabi/9.3.1/../../../../arm-none-eabi/lib/thumb/v7-m/nofp\libg_nano.a(lib_a-stdio.o)
                0x08001c40                __sread
 .text.__swrite
                0x08001c62       0x38 c:/mounriver/mounriver_studio2/resources/app/resources/win32/components/wch/toolchain/arm-none-eabi-gcc/bin/../lib/gcc/arm-none-eabi/9.3.1/../../../../arm-none-eabi/lib/thumb/v7-m/nofp\libg_nano.a(lib_a-stdio.o)
                0x08001c62                __swrite
 .text.__sseek  0x08001c9a       0x24 c:/mounriver/mounriver_studio2/resources/app/resources/win32/components/wch/toolchain/arm-none-eabi-gcc/bin/../lib/gcc/arm-none-eabi/9.3.1/../../../../arm-none-eabi/lib/thumb/v7-m/nofp\libg_nano.a(lib_a-stdio.o)
                0x08001c9a                __sseek
 .text.__sclose
                0x08001cbe        0x8 c:/mounriver/mounriver_studio2/resources/app/resources/win32/components/wch/toolchain/arm-none-eabi-gcc/bin/../lib/gcc/arm-none-eabi/9.3.1/../../../../arm-none-eabi/lib/thumb/v7-m/nofp\libg_nano.a(lib_a-stdio.o)
                0x08001cbe                __sclose
 *fill*         0x08001cc6        0x2 
 .text.__swbuf_r
                0x08001cc8       0xa4 c:/mounriver/mounriver_studio2/resources/app/resources/win32/components/wch/toolchain/arm-none-eabi-gcc/bin/../lib/gcc/arm-none-eabi/9.3.1/../../../../arm-none-eabi/lib/thumb/v7-m/nofp\libg_nano.a(lib_a-wbuf.o)
                0x08001cc8                __swbuf_r
 .text._write_r
                0x08001d6c       0x24 c:/mounriver/mounriver_studio2/resources/app/resources/win32/components/wch/toolchain/arm-none-eabi-gcc/bin/../lib/gcc/arm-none-eabi/9.3.1/../../../../arm-none-eabi/lib/thumb/v7-m/nofp\libg_nano.a(lib_a-writer.o)
                0x08001d6c                _write_r
 .text.__swsetup_r
                0x08001d90       0xdc c:/mounriver/mounriver_studio2/resources/app/resources/win32/components/wch/toolchain/arm-none-eabi-gcc/bin/../lib/gcc/arm-none-eabi/9.3.1/../../../../arm-none-eabi/lib/thumb/v7-m/nofp\libg_nano.a(lib_a-wsetup.o)
                0x08001d90                __swsetup_r
 .text._close_r
                0x08001e6c       0x20 c:/mounriver/mounriver_studio2/resources/app/resources/win32/components/wch/toolchain/arm-none-eabi-gcc/bin/../lib/gcc/arm-none-eabi/9.3.1/../../../../arm-none-eabi/lib/thumb/v7-m/nofp\libg_nano.a(lib_a-closer.o)
                0x08001e6c                _close_r
 .text.__sflush_r
                0x08001e8c      0x10c c:/mounriver/mounriver_studio2/resources/app/resources/win32/components/wch/toolchain/arm-none-eabi-gcc/bin/../lib/gcc/arm-none-eabi/9.3.1/../../../../arm-none-eabi/lib/thumb/v7-m/nofp\libg_nano.a(lib_a-fflush.o)
                0x08001e8c                __sflush_r
 .text._fflush_r
                0x08001f98       0x78 c:/mounriver/mounriver_studio2/resources/app/resources/win32/components/wch/toolchain/arm-none-eabi-gcc/bin/../lib/gcc/arm-none-eabi/9.3.1/../../../../arm-none-eabi/lib/thumb/v7-m/nofp\libg_nano.a(lib_a-fflush.o)
                0x08001f98                _fflush_r
 .text._lseek_r
                0x08002010       0x24 c:/mounriver/mounriver_studio2/resources/app/resources/win32/components/wch/toolchain/arm-none-eabi-gcc/bin/../lib/gcc/arm-none-eabi/9.3.1/../../../../arm-none-eabi/lib/thumb/v7-m/nofp\libg_nano.a(lib_a-lseekr.o)
                0x08002010                _lseek_r
 .text.__swhatbuf_r
                0x08002034       0x48 c:/mounriver/mounriver_studio2/resources/app/resources/win32/components/wch/toolchain/arm-none-eabi-gcc/bin/../lib/gcc/arm-none-eabi/9.3.1/../../../../arm-none-eabi/lib/thumb/v7-m/nofp\libg_nano.a(lib_a-makebuf.o)
                0x08002034                __swhatbuf_r
 .text.__smakebuf_r
                0x0800207c       0x80 c:/mounriver/mounriver_studio2/resources/app/resources/win32/components/wch/toolchain/arm-none-eabi-gcc/bin/../lib/gcc/arm-none-eabi/9.3.1/../../../../arm-none-eabi/lib/thumb/v7-m/nofp\libg_nano.a(lib_a-makebuf.o)
                0x0800207c                __smakebuf_r
 .text.memchr   0x080020fc       0x1c c:/mounriver/mounriver_studio2/resources/app/resources/win32/components/wch/toolchain/arm-none-eabi-gcc/bin/../lib/gcc/arm-none-eabi/9.3.1/../../../../arm-none-eabi/lib/thumb/v7-m/nofp\libg_nano.a(lib_a-memchr-stub.o)
                0x080020fc                memchr
 .text.memcpy   0x08002118       0x1c c:/mounriver/mounriver_studio2/resources/app/resources/win32/components/wch/toolchain/arm-none-eabi-gcc/bin/../lib/gcc/arm-none-eabi/9.3.1/../../../../arm-none-eabi/lib/thumb/v7-m/nofp\libg_nano.a(lib_a-memcpy-stub.o)
                0x08002118                memcpy
 .text.memmove  0x08002134       0x34 c:/mounriver/mounriver_studio2/resources/app/resources/win32/components/wch/toolchain/arm-none-eabi-gcc/bin/../lib/gcc/arm-none-eabi/9.3.1/../../../../arm-none-eabi/lib/thumb/v7-m/nofp\libg_nano.a(lib_a-memmove.o)
                0x08002134                memmove
 .text.__malloc_lock
                0x08002168        0xc c:/mounriver/mounriver_studio2/resources/app/resources/win32/components/wch/toolchain/arm-none-eabi-gcc/bin/../lib/gcc/arm-none-eabi/9.3.1/../../../../arm-none-eabi/lib/thumb/v7-m/nofp\libg_nano.a(lib_a-mlock.o)
                0x08002168                __malloc_lock
 .text.__malloc_unlock
                0x08002174        0xc c:/mounriver/mounriver_studio2/resources/app/resources/win32/components/wch/toolchain/arm-none-eabi-gcc/bin/../lib/gcc/arm-none-eabi/9.3.1/../../../../arm-none-eabi/lib/thumb/v7-m/nofp\libg_nano.a(lib_a-mlock.o)
                0x08002174                __malloc_unlock
 .text._free_r  0x08002180       0x98 c:/mounriver/mounriver_studio2/resources/app/resources/win32/components/wch/toolchain/arm-none-eabi-gcc/bin/../lib/gcc/arm-none-eabi/9.3.1/../../../../arm-none-eabi/lib/thumb/v7-m/nofp\libg_nano.a(lib_a-nano-freer.o)
                0x08002180                _free_r
 .text._realloc_r
                0x08002218       0x4c c:/mounriver/mounriver_studio2/resources/app/resources/win32/components/wch/toolchain/arm-none-eabi-gcc/bin/../lib/gcc/arm-none-eabi/9.3.1/../../../../arm-none-eabi/lib/thumb/v7-m/nofp\libg_nano.a(lib_a-nano-reallocr.o)
                0x08002218                _realloc_r
 .text._read_r  0x08002264       0x24 c:/mounriver/mounriver_studio2/resources/app/resources/win32/components/wch/toolchain/arm-none-eabi-gcc/bin/../lib/gcc/arm-none-eabi/9.3.1/../../../../arm-none-eabi/lib/thumb/v7-m/nofp\libg_nano.a(lib_a-readr.o)
                0x08002264                _read_r
 .text._fstat_r
                0x08002288       0x24 c:/mounriver/mounriver_studio2/resources/app/resources/win32/components/wch/toolchain/arm-none-eabi-gcc/bin/../lib/gcc/arm-none-eabi/9.3.1/../../../../arm-none-eabi/lib/thumb/v7-m/nofp\libg_nano.a(lib_a-fstatr.o)
                0x08002288                _fstat_r
 .text._isatty_r
                0x080022ac       0x20 c:/mounriver/mounriver_studio2/resources/app/resources/win32/components/wch/toolchain/arm-none-eabi-gcc/bin/../lib/gcc/arm-none-eabi/9.3.1/../../../../arm-none-eabi/lib/thumb/v7-m/nofp\libg_nano.a(lib_a-isattyr.o)
                0x080022ac                _isatty_r
 .text._malloc_usable_size_r
                0x080022cc       0x10 c:/mounriver/mounriver_studio2/resources/app/resources/win32/components/wch/toolchain/arm-none-eabi-gcc/bin/../lib/gcc/arm-none-eabi/9.3.1/../../../../arm-none-eabi/lib/thumb/v7-m/nofp\libg_nano.a(lib_a-nano-msizer.o)
                0x080022cc                _malloc_usable_size_r
 .text._close   0x080022dc       0x10 c:/mounriver/mounriver_studio2/resources/app/resources/win32/components/wch/toolchain/arm-none-eabi-gcc/bin/../lib/gcc/arm-none-eabi/9.3.1/../../../../arm-none-eabi/lib/thumb/v7-m/nofp\libnosys.a(close.o)
                0x080022dc                _close
 .text._fstat   0x080022ec       0x10 c:/mounriver/mounriver_studio2/resources/app/resources/win32/components/wch/toolchain/arm-none-eabi-gcc/bin/../lib/gcc/arm-none-eabi/9.3.1/../../../../arm-none-eabi/lib/thumb/v7-m/nofp\libnosys.a(fstat.o)
                0x080022ec                _fstat
 .text._isatty  0x080022fc       0x10 c:/mounriver/mounriver_studio2/resources/app/resources/win32/components/wch/toolchain/arm-none-eabi-gcc/bin/../lib/gcc/arm-none-eabi/9.3.1/../../../../arm-none-eabi/lib/thumb/v7-m/nofp\libnosys.a(isatty.o)
                0x080022fc                _isatty
 .text._lseek   0x0800230c       0x10 c:/mounriver/mounriver_studio2/resources/app/resources/win32/components/wch/toolchain/arm-none-eabi-gcc/bin/../lib/gcc/arm-none-eabi/9.3.1/../../../../arm-none-eabi/lib/thumb/v7-m/nofp\libnosys.a(lseek.o)
                0x0800230c                _lseek
 .text._read    0x0800231c       0x10 c:/mounriver/mounriver_studio2/resources/app/resources/win32/components/wch/toolchain/arm-none-eabi-gcc/bin/../lib/gcc/arm-none-eabi/9.3.1/../../../../arm-none-eabi/lib/thumb/v7-m/nofp\libnosys.a(read.o)
                0x0800231c                _read
 .text._sbrk    0x0800232c       0x1c c:/mounriver/mounriver_studio2/resources/app/resources/win32/components/wch/toolchain/arm-none-eabi-gcc/bin/../lib/gcc/arm-none-eabi/9.3.1/../../../../arm-none-eabi/lib/thumb/v7-m/nofp\libnosys.a(sbrk.o)
                0x0800232c                _sbrk
 *(.rodata)
 *(.rodata*)
 .rodata.main.str1.1
                0x08002348       0x6c ./User/Main.o
 .rodata.__sf_fake_stderr
                0x080023b4       0x20 c:/mounriver/mounriver_studio2/resources/app/resources/win32/components/wch/toolchain/arm-none-eabi-gcc/bin/../lib/gcc/arm-none-eabi/9.3.1/../../../../arm-none-eabi/lib/thumb/v7-m/nofp\libg_nano.a(lib_a-findfp.o)
                0x080023b4                __sf_fake_stderr
 .rodata.__sf_fake_stdin
                0x080023d4       0x20 c:/mounriver/mounriver_studio2/resources/app/resources/win32/components/wch/toolchain/arm-none-eabi-gcc/bin/../lib/gcc/arm-none-eabi/9.3.1/../../../../arm-none-eabi/lib/thumb/v7-m/nofp\libg_nano.a(lib_a-findfp.o)
                0x080023d4                __sf_fake_stdin
 .rodata.__sf_fake_stdout
                0x080023f4       0x20 c:/mounriver/mounriver_studio2/resources/app/resources/win32/components/wch/toolchain/arm-none-eabi-gcc/bin/../lib/gcc/arm-none-eabi/9.3.1/../../../../arm-none-eabi/lib/thumb/v7-m/nofp\libg_nano.a(lib_a-findfp.o)
                0x080023f4                __sf_fake_stdout
 .rodata._global_impure_ptr
                0x08002414        0x4 c:/mounriver/mounriver_studio2/resources/app/resources/win32/components/wch/toolchain/arm-none-eabi-gcc/bin/../lib/gcc/arm-none-eabi/9.3.1/../../../../arm-none-eabi/lib/thumb/v7-m/nofp\libg_nano.a(lib_a-impure.o)
                0x08002414                _global_impure_ptr
 .rodata._svfprintf_r.str1.1
                0x08002418       0x11 c:/mounriver/mounriver_studio2/resources/app/resources/win32/components/wch/toolchain/arm-none-eabi-gcc/bin/../lib/gcc/arm-none-eabi/9.3.1/../../../../arm-none-eabi/lib/thumb/v7-m/nofp\libg_nano.a(lib_a-nano-svfprintf.o)
 .rodata._vfprintf_r.str1.1
                0x08002429       0x11 c:/mounriver/mounriver_studio2/resources/app/resources/win32/components/wch/toolchain/arm-none-eabi-gcc/bin/../lib/gcc/arm-none-eabi/9.3.1/../../../../arm-none-eabi/lib/thumb/v7-m/nofp\libg_nano.a(lib_a-nano-vfprintf.o)
 .rodata._printf_i.str1.1
                0x08002429       0x22 c:/mounriver/mounriver_studio2/resources/app/resources/win32/components/wch/toolchain/arm-none-eabi-gcc/bin/../lib/gcc/arm-none-eabi/9.3.1/../../../../arm-none-eabi/lib/thumb/v7-m/nofp\libg_nano.a(lib_a-nano-vfprintf_i.o)
 *(.glue_7)
 .glue_7        0x0800244b        0x0 linker stubs
 *(.glue_7t)
 .glue_7t       0x0800244b        0x0 linker stubs
 *(.eh_frame)
 *(.init)
 *(.fini)
                0x0800244c                . = ALIGN (0x4)
 *fill*         0x0800244b        0x1 
                0x0800244c                _etext = .

.vfp11_veneer   0x0800244c        0x0
 .vfp11_veneer  0x0800244c        0x0 linker stubs

.v4_bx          0x0800244c        0x0
 .v4_bx         0x0800244c        0x0 linker stubs

.iplt           0x0800244c        0x0
 .iplt          0x0800244c        0x0 ./User/Main.o

.rel.dyn        0x0800244c        0x0
 .rel.iplt      0x0800244c        0x0 ./User/Main.o

.ARM.extab
 *(.ARM.extab* .gnu.linkonce.armextab.*)

.ARM            0x0800244c        0x0
                0x0800244c                __exidx_start = .
 *(.ARM.exidx*)
                0x0800244c                __exidx_end = .

.preinit_array  0x0800244c        0x0
                [!provide]                PROVIDE (__preinit_array_start = .)
 *(.preinit_array*)
                [!provide]                PROVIDE (__preinit_array_end = .)

.init_array     0x0800244c        0x0
                [!provide]                PROVIDE (__init_array_start = .)
 *(SORT_BY_NAME(.init_array.*))
 *(.init_array*)
                [!provide]                PROVIDE (__init_array_end = .)

.fini_array     0x0800244c        0x0
                [!provide]                PROVIDE (__fini_array_start = .)
 *(.fini_array*)
 *(SORT_BY_NAME(.fini_array.*))
                [!provide]                PROVIDE (__fini_array_end = .)
                0x0800244c                _sidata = .

.data           0x20000000       0x8c load address 0x0800244c
                0x20000000                . = ALIGN (0x4)
                0x20000000                _sdata = .
 *(.data)
 *(.data*)
 .data.AHBPrescTable
                0x20000000       0x10 ./User/system_ch32f10x.o
                0x20000000                AHBPrescTable
 .data.SystemCoreClock
                0x20000010        0x4 ./User/system_ch32f10x.o
                0x20000010                SystemCoreClock
 .data.ADCPrescTable
                0x20000014        0x4 ./Peripheral/src/ch32f10x_rcc.o
 .data.APBAHBPrescTable
                0x20000018       0x10 ./Peripheral/src/ch32f10x_rcc.o
 .data._impure_ptr
                0x20000028        0x4 c:/mounriver/mounriver_studio2/resources/app/resources/win32/components/wch/toolchain/arm-none-eabi-gcc/bin/../lib/gcc/arm-none-eabi/9.3.1/../../../../arm-none-eabi/lib/thumb/v7-m/nofp\libg_nano.a(lib_a-impure.o)
                0x20000028                _impure_ptr
 .data.impure_data
                0x2000002c       0x60 c:/mounriver/mounriver_studio2/resources/app/resources/win32/components/wch/toolchain/arm-none-eabi-gcc/bin/../lib/gcc/arm-none-eabi/9.3.1/../../../../arm-none-eabi/lib/thumb/v7-m/nofp\libg_nano.a(lib_a-impure.o)
                0x2000008c                . = ALIGN (0x4)
                0x2000008c                _edata = .

.igot.plt       0x2000008c        0x0 load address 0x080024d8
 .igot.plt      0x2000008c        0x0 ./User/Main.o
                0x2000008c                . = ALIGN (0x4)

.bss            0x2000008c      0x824 load address 0x080024d8
                0x2000008c                _sbss = .
                0x2000008c                __bss_start__ = _sbss
 *(.bss)
 *(.bss*)
 .bss.Calibrattion_Val
                0x2000008c        0x2 ./User/Main.o
                0x2000008c                Calibrattion_Val
 .bss.TxBuf     0x2000008e      0x800 ./User/Main.o
                0x2000008e                TxBuf
 .bss.p_ms      0x2000088e        0x2 ./Debug/debug.o
 .bss.p_us      0x20000890        0x1 ./Debug/debug.o
 *fill*         0x20000891        0x3 
 .bss.__malloc_free_list
                0x20000894        0x4 c:/mounriver/mounriver_studio2/resources/app/resources/win32/components/wch/toolchain/arm-none-eabi-gcc/bin/../lib/gcc/arm-none-eabi/9.3.1/../../../../arm-none-eabi/lib/thumb/v7-m/nofp\libg_nano.a(lib_a-nano-mallocr.o)
                0x20000894                __malloc_free_list
 .bss.__malloc_sbrk_start
                0x20000898        0x4 c:/mounriver/mounriver_studio2/resources/app/resources/win32/components/wch/toolchain/arm-none-eabi-gcc/bin/../lib/gcc/arm-none-eabi/9.3.1/../../../../arm-none-eabi/lib/thumb/v7-m/nofp\libg_nano.a(lib_a-nano-mallocr.o)
                0x20000898                __malloc_sbrk_start
 .bss.heap_end.4144
                0x2000089c        0x4 c:/mounriver/mounriver_studio2/resources/app/resources/win32/components/wch/toolchain/arm-none-eabi-gcc/bin/../lib/gcc/arm-none-eabi/9.3.1/../../../../arm-none-eabi/lib/thumb/v7-m/nofp\libnosys.a(sbrk.o)
 *(COMMON)
 COMMON         0x200008a0        0x9 c:/mounriver/mounriver_studio2/resources/app/resources/win32/components/wch/toolchain/arm-none-eabi-gcc/bin/../lib/gcc/arm-none-eabi/9.3.1/../../../../arm-none-eabi/lib/thumb/v7-m/nofp\libg_nano.a(lib_a-lock.o)
                0x200008a0                __lock___atexit_recursive_mutex
                0x200008a1                __lock___arc4random_mutex
                0x200008a2                __lock___env_recursive_mutex
                0x200008a3                __lock___sinit_recursive_mutex
                0x200008a4                __lock___malloc_recursive_mutex
                0x200008a5                __lock___at_quick_exit_mutex
                0x200008a6                __lock___dd_hash_mutex
                0x200008a7                __lock___tz_mutex
                0x200008a8                __lock___sfp_recursive_mutex
 *fill*         0x200008a9        0x3 
 COMMON         0x200008ac        0x4 c:/mounriver/mounriver_studio2/resources/app/resources/win32/components/wch/toolchain/arm-none-eabi-gcc/bin/../lib/gcc/arm-none-eabi/9.3.1/../../../../arm-none-eabi/lib/thumb/v7-m/nofp\libg_nano.a(lib_a-reent.o)
                0x200008ac                errno
                0x200008b0                . = ALIGN (0x4)
                0x200008b0                _ebss = .
                0x200008b0                __bss_end__ = _ebss
                0x200008b0                PROVIDE (end = _ebss)
                [!provide]                PROVIDE (_end = _ebss)

._user_heap_stack
                0x200008b0      0x600 load address 0x08002cfc
                0x200008b0                . = ALIGN (0x4)
                0x20000ab0                . = (. + _Min_Heap_Size)
 *fill*         0x200008b0      0x200 
                0x20000eb0                . = (. + _Min_Stack_Size)
 *fill*         0x20000ab0      0x400 
                0x20000eb0                . = ALIGN (0x4)

/DISCARD/
 libc.a(*)
 libm.a(*)
 libgcc.a(*)

.ARM.attributes
                0x00000000       0x2b
 *(.ARM.attributes)
 .ARM.attributes
                0x00000000       0x2d ./User/Main.o
 .ARM.attributes
                0x0000002d       0x2d ./User/ch32f10x_it.o
 .ARM.attributes
                0x0000005a       0x2d ./User/system_ch32f10x.o
 .ARM.attributes
                0x00000087       0x21 ./Startup/startup_ch32f10x.o
 .ARM.attributes
                0x000000a8       0x2d ./Peripheral/src/ch32f10x_adc.o
 .ARM.attributes
                0x000000d5       0x2d ./Peripheral/src/ch32f10x_dbgmcu.o
 .ARM.attributes
                0x00000102       0x2d ./Peripheral/src/ch32f10x_dma.o
 .ARM.attributes
                0x0000012f       0x2d ./Peripheral/src/ch32f10x_gpio.o
 .ARM.attributes
                0x0000015c       0x2d ./Peripheral/src/ch32f10x_i2c.o
 .ARM.attributes
                0x00000189       0x2d ./Peripheral/src/ch32f10x_misc.o
 .ARM.attributes
                0x000001b6       0x2d ./Peripheral/src/ch32f10x_rcc.o
 .ARM.attributes
                0x000001e3       0x2d ./Peripheral/src/ch32f10x_tim.o
 .ARM.attributes
                0x00000210       0x2d ./Peripheral/src/ch32f10x_usart.o
 .ARM.attributes
                0x0000023d       0x2d ./Debug/debug.o
 .ARM.attributes
                0x0000026a       0x2d c:/mounriver/mounriver_studio2/resources/app/resources/win32/components/wch/toolchain/arm-none-eabi-gcc/bin/../lib/gcc/arm-none-eabi/9.3.1/../../../../arm-none-eabi/lib/thumb/v7-m/nofp\libg_nano.a(lib_a-memset.o)
 .ARM.attributes
                0x00000297       0x2d c:/mounriver/mounriver_studio2/resources/app/resources/win32/components/wch/toolchain/arm-none-eabi-gcc/bin/../lib/gcc/arm-none-eabi/9.3.1/../../../../arm-none-eabi/lib/thumb/v7-m/nofp\libg_nano.a(lib_a-printf.o)
 .ARM.attributes
                0x000002c4       0x2d c:/mounriver/mounriver_studio2/resources/app/resources/win32/components/wch/toolchain/arm-none-eabi-gcc/bin/../lib/gcc/arm-none-eabi/9.3.1/../../../../arm-none-eabi/lib/thumb/v7-m/nofp\libg_nano.a(lib_a-sprintf.o)
 .ARM.attributes
                0x000002f1       0x2d c:/mounriver/mounriver_studio2/resources/app/resources/win32/components/wch/toolchain/arm-none-eabi-gcc/bin/../lib/gcc/arm-none-eabi/9.3.1/../../../../arm-none-eabi/lib/thumb/v7-m/nofp\libg_nano.a(lib_a-findfp.o)
 .ARM.attributes
                0x0000031e       0x2d c:/mounriver/mounriver_studio2/resources/app/resources/win32/components/wch/toolchain/arm-none-eabi-gcc/bin/../lib/gcc/arm-none-eabi/9.3.1/../../../../arm-none-eabi/lib/thumb/v7-m/nofp\libg_nano.a(lib_a-fwalk.o)
 .ARM.attributes
                0x0000034b       0x2d c:/mounriver/mounriver_studio2/resources/app/resources/win32/components/wch/toolchain/arm-none-eabi-gcc/bin/../lib/gcc/arm-none-eabi/9.3.1/../../../../arm-none-eabi/lib/thumb/v7-m/nofp\libg_nano.a(lib_a-impure.o)
 .ARM.attributes
                0x00000378       0x2d c:/mounriver/mounriver_studio2/resources/app/resources/win32/components/wch/toolchain/arm-none-eabi-gcc/bin/../lib/gcc/arm-none-eabi/9.3.1/../../../../arm-none-eabi/lib/thumb/v7-m/nofp\libg_nano.a(lib_a-lock.o)
 .ARM.attributes
                0x000003a5       0x2d c:/mounriver/mounriver_studio2/resources/app/resources/win32/components/wch/toolchain/arm-none-eabi-gcc/bin/../lib/gcc/arm-none-eabi/9.3.1/../../../../arm-none-eabi/lib/thumb/v7-m/nofp\libg_nano.a(lib_a-nano-mallocr.o)
 .ARM.attributes
                0x000003d2       0x2d c:/mounriver/mounriver_studio2/resources/app/resources/win32/components/wch/toolchain/arm-none-eabi-gcc/bin/../lib/gcc/arm-none-eabi/9.3.1/../../../../arm-none-eabi/lib/thumb/v7-m/nofp\libg_nano.a(lib_a-nano-svfprintf.o)
 .ARM.attributes
                0x000003ff       0x2d c:/mounriver/mounriver_studio2/resources/app/resources/win32/components/wch/toolchain/arm-none-eabi-gcc/bin/../lib/gcc/arm-none-eabi/9.3.1/../../../../arm-none-eabi/lib/thumb/v7-m/nofp\libg_nano.a(lib_a-nano-vfprintf.o)
 .ARM.attributes
                0x0000042c       0x2d c:/mounriver/mounriver_studio2/resources/app/resources/win32/components/wch/toolchain/arm-none-eabi-gcc/bin/../lib/gcc/arm-none-eabi/9.3.1/../../../../arm-none-eabi/lib/thumb/v7-m/nofp\libg_nano.a(lib_a-nano-vfprintf_i.o)
 .ARM.attributes
                0x00000459       0x2d c:/mounriver/mounriver_studio2/resources/app/resources/win32/components/wch/toolchain/arm-none-eabi-gcc/bin/../lib/gcc/arm-none-eabi/9.3.1/../../../../arm-none-eabi/lib/thumb/v7-m/nofp\libg_nano.a(lib_a-sbrkr.o)
 .ARM.attributes
                0x00000486       0x2d c:/mounriver/mounriver_studio2/resources/app/resources/win32/components/wch/toolchain/arm-none-eabi-gcc/bin/../lib/gcc/arm-none-eabi/9.3.1/../../../../arm-none-eabi/lib/thumb/v7-m/nofp\libg_nano.a(lib_a-stdio.o)
 .ARM.attributes
                0x000004b3       0x2d c:/mounriver/mounriver_studio2/resources/app/resources/win32/components/wch/toolchain/arm-none-eabi-gcc/bin/../lib/gcc/arm-none-eabi/9.3.1/../../../../arm-none-eabi/lib/thumb/v7-m/nofp\libg_nano.a(lib_a-wbuf.o)
 .ARM.attributes
                0x000004e0       0x2d c:/mounriver/mounriver_studio2/resources/app/resources/win32/components/wch/toolchain/arm-none-eabi-gcc/bin/../lib/gcc/arm-none-eabi/9.3.1/../../../../arm-none-eabi/lib/thumb/v7-m/nofp\libg_nano.a(lib_a-writer.o)
 .ARM.attributes
                0x0000050d       0x2d c:/mounriver/mounriver_studio2/resources/app/resources/win32/components/wch/toolchain/arm-none-eabi-gcc/bin/../lib/gcc/arm-none-eabi/9.3.1/../../../../arm-none-eabi/lib/thumb/v7-m/nofp\libg_nano.a(lib_a-wsetup.o)
 .ARM.attributes
                0x0000053a       0x2d c:/mounriver/mounriver_studio2/resources/app/resources/win32/components/wch/toolchain/arm-none-eabi-gcc/bin/../lib/gcc/arm-none-eabi/9.3.1/../../../../arm-none-eabi/lib/thumb/v7-m/nofp\libg_nano.a(lib_a-closer.o)
 .ARM.attributes
                0x00000567       0x2d c:/mounriver/mounriver_studio2/resources/app/resources/win32/components/wch/toolchain/arm-none-eabi-gcc/bin/../lib/gcc/arm-none-eabi/9.3.1/../../../../arm-none-eabi/lib/thumb/v7-m/nofp\libg_nano.a(lib_a-fflush.o)
 .ARM.attributes
                0x00000594       0x2d c:/mounriver/mounriver_studio2/resources/app/resources/win32/components/wch/toolchain/arm-none-eabi-gcc/bin/../lib/gcc/arm-none-eabi/9.3.1/../../../../arm-none-eabi/lib/thumb/v7-m/nofp\libg_nano.a(lib_a-lseekr.o)
 .ARM.attributes
                0x000005c1       0x2d c:/mounriver/mounriver_studio2/resources/app/resources/win32/components/wch/toolchain/arm-none-eabi-gcc/bin/../lib/gcc/arm-none-eabi/9.3.1/../../../../arm-none-eabi/lib/thumb/v7-m/nofp\libg_nano.a(lib_a-makebuf.o)
 .ARM.attributes
                0x000005ee       0x2d c:/mounriver/mounriver_studio2/resources/app/resources/win32/components/wch/toolchain/arm-none-eabi-gcc/bin/../lib/gcc/arm-none-eabi/9.3.1/../../../../arm-none-eabi/lib/thumb/v7-m/nofp\libg_nano.a(lib_a-memchr-stub.o)
 .ARM.attributes
                0x0000061b       0x2d c:/mounriver/mounriver_studio2/resources/app/resources/win32/components/wch/toolchain/arm-none-eabi-gcc/bin/../lib/gcc/arm-none-eabi/9.3.1/../../../../arm-none-eabi/lib/thumb/v7-m/nofp\libg_nano.a(lib_a-memcpy-stub.o)
 .ARM.attributes
                0x00000648       0x2d c:/mounriver/mounriver_studio2/resources/app/resources/win32/components/wch/toolchain/arm-none-eabi-gcc/bin/../lib/gcc/arm-none-eabi/9.3.1/../../../../arm-none-eabi/lib/thumb/v7-m/nofp\libg_nano.a(lib_a-memmove.o)
 .ARM.attributes
                0x00000675       0x2d c:/mounriver/mounriver_studio2/resources/app/resources/win32/components/wch/toolchain/arm-none-eabi-gcc/bin/../lib/gcc/arm-none-eabi/9.3.1/../../../../arm-none-eabi/lib/thumb/v7-m/nofp\libg_nano.a(lib_a-mlock.o)
 .ARM.attributes
                0x000006a2       0x2d c:/mounriver/mounriver_studio2/resources/app/resources/win32/components/wch/toolchain/arm-none-eabi-gcc/bin/../lib/gcc/arm-none-eabi/9.3.1/../../../../arm-none-eabi/lib/thumb/v7-m/nofp\libg_nano.a(lib_a-nano-freer.o)
 .ARM.attributes
                0x000006cf       0x2d c:/mounriver/mounriver_studio2/resources/app/resources/win32/components/wch/toolchain/arm-none-eabi-gcc/bin/../lib/gcc/arm-none-eabi/9.3.1/../../../../arm-none-eabi/lib/thumb/v7-m/nofp\libg_nano.a(lib_a-nano-reallocr.o)
 .ARM.attributes
                0x000006fc       0x2d c:/mounriver/mounriver_studio2/resources/app/resources/win32/components/wch/toolchain/arm-none-eabi-gcc/bin/../lib/gcc/arm-none-eabi/9.3.1/../../../../arm-none-eabi/lib/thumb/v7-m/nofp\libg_nano.a(lib_a-readr.o)
 .ARM.attributes
                0x00000729       0x2d c:/mounriver/mounriver_studio2/resources/app/resources/win32/components/wch/toolchain/arm-none-eabi-gcc/bin/../lib/gcc/arm-none-eabi/9.3.1/../../../../arm-none-eabi/lib/thumb/v7-m/nofp\libg_nano.a(lib_a-reent.o)
 .ARM.attributes
                0x00000756       0x2d c:/mounriver/mounriver_studio2/resources/app/resources/win32/components/wch/toolchain/arm-none-eabi-gcc/bin/../lib/gcc/arm-none-eabi/9.3.1/../../../../arm-none-eabi/lib/thumb/v7-m/nofp\libg_nano.a(lib_a-fstatr.o)
 .ARM.attributes
                0x00000783       0x2d c:/mounriver/mounriver_studio2/resources/app/resources/win32/components/wch/toolchain/arm-none-eabi-gcc/bin/../lib/gcc/arm-none-eabi/9.3.1/../../../../arm-none-eabi/lib/thumb/v7-m/nofp\libg_nano.a(lib_a-isattyr.o)
 .ARM.attributes
                0x000007b0       0x2d c:/mounriver/mounriver_studio2/resources/app/resources/win32/components/wch/toolchain/arm-none-eabi-gcc/bin/../lib/gcc/arm-none-eabi/9.3.1/../../../../arm-none-eabi/lib/thumb/v7-m/nofp\libg_nano.a(lib_a-nano-msizer.o)
 .ARM.attributes
                0x000007dd       0x2d c:/mounriver/mounriver_studio2/resources/app/resources/win32/components/wch/toolchain/arm-none-eabi-gcc/bin/../lib/gcc/arm-none-eabi/9.3.1/../../../../arm-none-eabi/lib/thumb/v7-m/nofp\libnosys.a(close.o)
 .ARM.attributes
                0x0000080a       0x2d c:/mounriver/mounriver_studio2/resources/app/resources/win32/components/wch/toolchain/arm-none-eabi-gcc/bin/../lib/gcc/arm-none-eabi/9.3.1/../../../../arm-none-eabi/lib/thumb/v7-m/nofp\libnosys.a(fstat.o)
 .ARM.attributes
                0x00000837       0x2d c:/mounriver/mounriver_studio2/resources/app/resources/win32/components/wch/toolchain/arm-none-eabi-gcc/bin/../lib/gcc/arm-none-eabi/9.3.1/../../../../arm-none-eabi/lib/thumb/v7-m/nofp\libnosys.a(isatty.o)
 .ARM.attributes
                0x00000864       0x2d c:/mounriver/mounriver_studio2/resources/app/resources/win32/components/wch/toolchain/arm-none-eabi-gcc/bin/../lib/gcc/arm-none-eabi/9.3.1/../../../../arm-none-eabi/lib/thumb/v7-m/nofp\libnosys.a(lseek.o)
 .ARM.attributes
                0x00000891       0x2d c:/mounriver/mounriver_studio2/resources/app/resources/win32/components/wch/toolchain/arm-none-eabi-gcc/bin/../lib/gcc/arm-none-eabi/9.3.1/../../../../arm-none-eabi/lib/thumb/v7-m/nofp\libnosys.a(read.o)
 .ARM.attributes
                0x000008be       0x2d c:/mounriver/mounriver_studio2/resources/app/resources/win32/components/wch/toolchain/arm-none-eabi-gcc/bin/../lib/gcc/arm-none-eabi/9.3.1/../../../../arm-none-eabi/lib/thumb/v7-m/nofp\libnosys.a(sbrk.o)
OUTPUT(CH32F103C8T.elf elf32-littlearm)
LOAD linker stubs
LOAD c:/mounriver/mounriver_studio2/resources/app/resources/win32/components/wch/toolchain/arm-none-eabi-gcc/bin/../lib/gcc/arm-none-eabi/9.3.1/../../../../arm-none-eabi/lib/thumb/v7-m/nofp\libc.a
LOAD c:/mounriver/mounriver_studio2/resources/app/resources/win32/components/wch/toolchain/arm-none-eabi-gcc/bin/../lib/gcc/arm-none-eabi/9.3.1/../../../../arm-none-eabi/lib/thumb/v7-m/nofp\libm.a
LOAD c:/mounriver/mounriver_studio2/resources/app/resources/win32/components/wch/toolchain/arm-none-eabi-gcc/bin/../lib/gcc/arm-none-eabi/9.3.1/thumb/v7-m/nofp\libgcc.a

.debug_info     0x00000000     0x9b75
 .debug_info    0x00000000     0x1fa7 ./User/Main.o
 .debug_info    0x00001fa7      0x12c ./User/ch32f10x_it.o
 .debug_info    0x000020d3      0x4e9 ./User/system_ch32f10x.o
 .debug_info    0x000025bc       0x22 ./Startup/startup_ch32f10x.o
 .debug_info    0x000025de      0xec2 ./Peripheral/src/ch32f10x_adc.o
 .debug_info    0x000034a0      0x17d ./Peripheral/src/ch32f10x_dbgmcu.o
 .debug_info    0x0000361d      0x48d ./Peripheral/src/ch32f10x_dma.o
 .debug_info    0x00003aaa      0x8f2 ./Peripheral/src/ch32f10x_gpio.o
 .debug_info    0x0000439c      0xc68 ./Peripheral/src/ch32f10x_i2c.o
 .debug_info    0x00005004      0x548 ./Peripheral/src/ch32f10x_misc.o
 .debug_info    0x0000554c      0x9a8 ./Peripheral/src/ch32f10x_rcc.o
 .debug_info    0x00005ef4     0x222e ./Peripheral/src/ch32f10x_tim.o
 .debug_info    0x00008122      0xb3d ./Peripheral/src/ch32f10x_usart.o
 .debug_info    0x00008c5f      0xf16 ./Debug/debug.o

.debug_abbrev   0x00000000     0x1db7
 .debug_abbrev  0x00000000      0x3c2 ./User/Main.o
 .debug_abbrev  0x000003c2       0xb4 ./User/ch32f10x_it.o
 .debug_abbrev  0x00000476      0x1fb ./User/system_ch32f10x.o
 .debug_abbrev  0x00000671       0x12 ./Startup/startup_ch32f10x.o
 .debug_abbrev  0x00000683      0x283 ./Peripheral/src/ch32f10x_adc.o
 .debug_abbrev  0x00000906      0x10e ./Peripheral/src/ch32f10x_dbgmcu.o
 .debug_abbrev  0x00000a14      0x229 ./Peripheral/src/ch32f10x_dma.o
 .debug_abbrev  0x00000c3d      0x26f ./Peripheral/src/ch32f10x_gpio.o
 .debug_abbrev  0x00000eac      0x2ad ./Peripheral/src/ch32f10x_i2c.o
 .debug_abbrev  0x00001159      0x1be ./Peripheral/src/ch32f10x_misc.o
 .debug_abbrev  0x00001317      0x267 ./Peripheral/src/ch32f10x_rcc.o
 .debug_abbrev  0x0000157e      0x345 ./Peripheral/src/ch32f10x_tim.o
 .debug_abbrev  0x000018c3      0x222 ./Peripheral/src/ch32f10x_usart.o
 .debug_abbrev  0x00001ae5      0x2d2 ./Debug/debug.o

.debug_loc      0x00000000     0x4802
 .debug_loc     0x00000000      0x29b ./User/Main.o
 .debug_loc     0x0000029b       0xc9 ./User/system_ch32f10x.o
 .debug_loc     0x00000364      0xc1d ./Peripheral/src/ch32f10x_adc.o
 .debug_loc     0x00000f81       0x42 ./Peripheral/src/ch32f10x_dbgmcu.o
 .debug_loc     0x00000fc3      0x167 ./Peripheral/src/ch32f10x_dma.o
 .debug_loc     0x0000112a      0x6ad ./Peripheral/src/ch32f10x_gpio.o
 .debug_loc     0x000017d7      0x77e ./Peripheral/src/ch32f10x_i2c.o
 .debug_loc     0x00001f55      0x1ab ./Peripheral/src/ch32f10x_misc.o
 .debug_loc     0x00002100      0x5fa ./Peripheral/src/ch32f10x_rcc.o
 .debug_loc     0x000026fa     0x165e ./Peripheral/src/ch32f10x_tim.o
 .debug_loc     0x00003d58      0x943 ./Peripheral/src/ch32f10x_usart.o
 .debug_loc     0x0000469b      0x167 ./Debug/debug.o

.debug_aranges  0x00000000      0x9f0
 .debug_aranges
                0x00000000       0x68 ./User/Main.o
 .debug_aranges
                0x00000068       0x48 ./User/ch32f10x_it.o
 .debug_aranges
                0x000000b0       0x28 ./User/system_ch32f10x.o
 .debug_aranges
                0x000000d8       0x28 ./Startup/startup_ch32f10x.o
 .debug_aranges
                0x00000100      0x148 ./Peripheral/src/ch32f10x_adc.o
 .debug_aranges
                0x00000248       0x38 ./Peripheral/src/ch32f10x_dbgmcu.o
 .debug_aranges
                0x00000280       0x60 ./Peripheral/src/ch32f10x_dma.o
 .debug_aranges
                0x000002e0       0xa8 ./Peripheral/src/ch32f10x_gpio.o
 .debug_aranges
                0x00000388      0x110 ./Peripheral/src/ch32f10x_i2c.o
 .debug_aranges
                0x00000498       0x40 ./Peripheral/src/ch32f10x_misc.o
 .debug_aranges
                0x000004d8      0x118 ./Peripheral/src/ch32f10x_rcc.o
 .debug_aranges
                0x000005f0      0x2d0 ./Peripheral/src/ch32f10x_tim.o
 .debug_aranges
                0x000008c0       0xf0 ./Peripheral/src/ch32f10x_usart.o
 .debug_aranges
                0x000009b0       0x40 ./Debug/debug.o

.debug_ranges   0x00000000      0x990
 .debug_ranges  0x00000000       0x70 ./User/Main.o
 .debug_ranges  0x00000070       0x38 ./User/ch32f10x_it.o
 .debug_ranges  0x000000a8       0x30 ./User/system_ch32f10x.o
 .debug_ranges  0x000000d8       0x20 ./Startup/startup_ch32f10x.o
 .debug_ranges  0x000000f8      0x138 ./Peripheral/src/ch32f10x_adc.o
 .debug_ranges  0x00000230       0x28 ./Peripheral/src/ch32f10x_dbgmcu.o
 .debug_ranges  0x00000258       0x50 ./Peripheral/src/ch32f10x_dma.o
 .debug_ranges  0x000002a8       0x98 ./Peripheral/src/ch32f10x_gpio.o
 .debug_ranges  0x00000340      0x100 ./Peripheral/src/ch32f10x_i2c.o
 .debug_ranges  0x00000440       0x30 ./Peripheral/src/ch32f10x_misc.o
 .debug_ranges  0x00000470      0x108 ./Peripheral/src/ch32f10x_rcc.o
 .debug_ranges  0x00000578      0x308 ./Peripheral/src/ch32f10x_tim.o
 .debug_ranges  0x00000880       0xe0 ./Peripheral/src/ch32f10x_usart.o
 .debug_ranges  0x00000960       0x30 ./Debug/debug.o

.debug_line     0x00000000     0x740b
 .debug_line    0x00000000      0xa12 ./User/Main.o
 .debug_line    0x00000a12      0x338 ./User/ch32f10x_it.o
 .debug_line    0x00000d4a      0x4f1 ./User/system_ch32f10x.o
 .debug_line    0x0000123b       0x78 ./Startup/startup_ch32f10x.o
 .debug_line    0x000012b3      0xd8f ./Peripheral/src/ch32f10x_adc.o
 .debug_line    0x00002042      0x38d ./Peripheral/src/ch32f10x_dbgmcu.o
 .debug_line    0x000023cf      0x5ff ./Peripheral/src/ch32f10x_dma.o
 .debug_line    0x000029ce      0x879 ./Peripheral/src/ch32f10x_gpio.o
 .debug_line    0x00003247      0xa43 ./Peripheral/src/ch32f10x_i2c.o
 .debug_line    0x00003c8a      0x440 ./Peripheral/src/ch32f10x_misc.o
 .debug_line    0x000040ca      0x9f7 ./Peripheral/src/ch32f10x_rcc.o
 .debug_line    0x00004ac1     0x1987 ./Peripheral/src/ch32f10x_tim.o
 .debug_line    0x00006448      0x956 ./Peripheral/src/ch32f10x_usart.o
 .debug_line    0x00006d9e      0x66d ./Debug/debug.o

.debug_str      0x00000000     0x2e4f
 .debug_str     0x00000000     0x1021 ./User/Main.o
                               0x10d3 (size before relaxing)
 .debug_str     0x00001021       0xa6 ./User/ch32f10x_it.o
                                0x2af (size before relaxing)
 .debug_str     0x000010c7      0x15a ./User/system_ch32f10x.o
                                0x3c8 (size before relaxing)
 .debug_str     0x00001221       0x2c ./Startup/startup_ch32f10x.o
                                 0xa2 (size before relaxing)
 .debug_str     0x0000124d      0x3d6 ./Peripheral/src/ch32f10x_adc.o
                                0x877 (size before relaxing)
 .debug_str     0x00001623       0x76 ./Peripheral/src/ch32f10x_dbgmcu.o
                                0x2bd (size before relaxing)
 .debug_str     0x00001699      0x105 ./Peripheral/src/ch32f10x_dma.o
                                0x47a (size before relaxing)
 .debug_str     0x0000179e      0x210 ./Peripheral/src/ch32f10x_gpio.o
                                0x601 (size before relaxing)
 .debug_str     0x000019ae      0x39c ./Peripheral/src/ch32f10x_i2c.o
                                0x767 (size before relaxing)
 .debug_str     0x00001d4a      0x1ad ./Peripheral/src/ch32f10x_misc.o
                                0x477 (size before relaxing)
 .debug_str     0x00001ef7      0x2b6 ./Peripheral/src/ch32f10x_rcc.o
                                0x704 (size before relaxing)
 .debug_str     0x000021ad      0x958 ./Peripheral/src/ch32f10x_tim.o
                                0xf02 (size before relaxing)
 .debug_str     0x00002b05      0x31d ./Peripheral/src/ch32f10x_usart.o
                                0x771 (size before relaxing)
 .debug_str     0x00002e22       0x2d ./Debug/debug.o
                                0x965 (size before relaxing)

.comment        0x00000000       0x4c
 .comment       0x00000000       0x4c ./User/Main.o
                                 0x4d (size before relaxing)
 .comment       0x0000004c       0x4d ./User/ch32f10x_it.o
 .comment       0x0000004c       0x4d ./User/system_ch32f10x.o
 .comment       0x0000004c       0x4d ./Peripheral/src/ch32f10x_adc.o
 .comment       0x0000004c       0x4d ./Peripheral/src/ch32f10x_dbgmcu.o
 .comment       0x0000004c       0x4d ./Peripheral/src/ch32f10x_dma.o
 .comment       0x0000004c       0x4d ./Peripheral/src/ch32f10x_gpio.o
 .comment       0x0000004c       0x4d ./Peripheral/src/ch32f10x_i2c.o
 .comment       0x0000004c       0x4d ./Peripheral/src/ch32f10x_misc.o
 .comment       0x0000004c       0x4d ./Peripheral/src/ch32f10x_rcc.o
 .comment       0x0000004c       0x4d ./Peripheral/src/ch32f10x_tim.o
 .comment       0x0000004c       0x4d ./Peripheral/src/ch32f10x_usart.o
 .comment       0x0000004c       0x4d ./Debug/debug.o

.debug_frame    0x00000000     0x1fc4
 .debug_frame   0x00000000      0x12c ./User/Main.o
 .debug_frame   0x0000012c       0xa0 ./User/ch32f10x_it.o
 .debug_frame   0x000001cc       0x38 ./User/system_ch32f10x.o
 .debug_frame   0x00000204      0x2bc ./Peripheral/src/ch32f10x_adc.o
 .debug_frame   0x000004c0       0x50 ./Peripheral/src/ch32f10x_dbgmcu.o
 .debug_frame   0x00000510       0xc8 ./Peripheral/src/ch32f10x_dma.o
 .debug_frame   0x000005d8      0x17c ./Peripheral/src/ch32f10x_gpio.o
 .debug_frame   0x00000754      0x258 ./Peripheral/src/ch32f10x_i2c.o
 .debug_frame   0x000009ac       0x6c ./Peripheral/src/ch32f10x_misc.o
 .debug_frame   0x00000a18      0x220 ./Peripheral/src/ch32f10x_rcc.o
 .debug_frame   0x00000c38      0x6b4 ./Peripheral/src/ch32f10x_tim.o
 .debug_frame   0x000012ec      0x200 ./Peripheral/src/ch32f10x_usart.o
 .debug_frame   0x000014ec       0x88 ./Debug/debug.o
 .debug_frame   0x00001574       0x20 c:/mounriver/mounriver_studio2/resources/app/resources/win32/components/wch/toolchain/arm-none-eabi-gcc/bin/../lib/gcc/arm-none-eabi/9.3.1/../../../../arm-none-eabi/lib/thumb/v7-m/nofp\libg_nano.a(lib_a-memset.o)
 .debug_frame   0x00001594       0x74 c:/mounriver/mounriver_studio2/resources/app/resources/win32/components/wch/toolchain/arm-none-eabi-gcc/bin/../lib/gcc/arm-none-eabi/9.3.1/../../../../arm-none-eabi/lib/thumb/v7-m/nofp\libg_nano.a(lib_a-printf.o)
 .debug_frame   0x00001608       0x6c c:/mounriver/mounriver_studio2/resources/app/resources/win32/components/wch/toolchain/arm-none-eabi-gcc/bin/../lib/gcc/arm-none-eabi/9.3.1/../../../../arm-none-eabi/lib/thumb/v7-m/nofp\libg_nano.a(lib_a-sprintf.o)
 .debug_frame   0x00001674      0x14c c:/mounriver/mounriver_studio2/resources/app/resources/win32/components/wch/toolchain/arm-none-eabi-gcc/bin/../lib/gcc/arm-none-eabi/9.3.1/../../../../arm-none-eabi/lib/thumb/v7-m/nofp\libg_nano.a(lib_a-findfp.o)
 .debug_frame   0x000017c0       0x54 c:/mounriver/mounriver_studio2/resources/app/resources/win32/components/wch/toolchain/arm-none-eabi-gcc/bin/../lib/gcc/arm-none-eabi/9.3.1/../../../../arm-none-eabi/lib/thumb/v7-m/nofp\libg_nano.a(lib_a-fwalk.o)
 .debug_frame   0x00001814       0xb0 c:/mounriver/mounriver_studio2/resources/app/resources/win32/components/wch/toolchain/arm-none-eabi-gcc/bin/../lib/gcc/arm-none-eabi/9.3.1/../../../../arm-none-eabi/lib/thumb/v7-m/nofp\libg_nano.a(lib_a-lock.o)
 .debug_frame   0x000018c4       0x30 c:/mounriver/mounriver_studio2/resources/app/resources/win32/components/wch/toolchain/arm-none-eabi-gcc/bin/../lib/gcc/arm-none-eabi/9.3.1/../../../../arm-none-eabi/lib/thumb/v7-m/nofp\libg_nano.a(lib_a-nano-mallocr.o)
 .debug_frame   0x000018f4       0x90 c:/mounriver/mounriver_studio2/resources/app/resources/win32/components/wch/toolchain/arm-none-eabi-gcc/bin/../lib/gcc/arm-none-eabi/9.3.1/../../../../arm-none-eabi/lib/thumb/v7-m/nofp\libg_nano.a(lib_a-nano-svfprintf.o)
 .debug_frame   0x00001984       0xac c:/mounriver/mounriver_studio2/resources/app/resources/win32/components/wch/toolchain/arm-none-eabi-gcc/bin/../lib/gcc/arm-none-eabi/9.3.1/../../../../arm-none-eabi/lib/thumb/v7-m/nofp\libg_nano.a(lib_a-nano-vfprintf.o)
 .debug_frame   0x00001a30       0x60 c:/mounriver/mounriver_studio2/resources/app/resources/win32/components/wch/toolchain/arm-none-eabi-gcc/bin/../lib/gcc/arm-none-eabi/9.3.1/../../../../arm-none-eabi/lib/thumb/v7-m/nofp\libg_nano.a(lib_a-nano-vfprintf_i.o)
 .debug_frame   0x00001a90       0x2c c:/mounriver/mounriver_studio2/resources/app/resources/win32/components/wch/toolchain/arm-none-eabi-gcc/bin/../lib/gcc/arm-none-eabi/9.3.1/../../../../arm-none-eabi/lib/thumb/v7-m/nofp\libg_nano.a(lib_a-sbrkr.o)
 .debug_frame   0x00001abc       0x88 c:/mounriver/mounriver_studio2/resources/app/resources/win32/components/wch/toolchain/arm-none-eabi-gcc/bin/../lib/gcc/arm-none-eabi/9.3.1/../../../../arm-none-eabi/lib/thumb/v7-m/nofp\libg_nano.a(lib_a-stdio.o)
 .debug_frame   0x00001b44       0x40 c:/mounriver/mounriver_studio2/resources/app/resources/win32/components/wch/toolchain/arm-none-eabi-gcc/bin/../lib/gcc/arm-none-eabi/9.3.1/../../../../arm-none-eabi/lib/thumb/v7-m/nofp\libg_nano.a(lib_a-wbuf.o)
 .debug_frame   0x00001b84       0x2c c:/mounriver/mounriver_studio2/resources/app/resources/win32/components/wch/toolchain/arm-none-eabi-gcc/bin/../lib/gcc/arm-none-eabi/9.3.1/../../../../arm-none-eabi/lib/thumb/v7-m/nofp\libg_nano.a(lib_a-writer.o)
 .debug_frame   0x00001bb0       0x2c c:/mounriver/mounriver_studio2/resources/app/resources/win32/components/wch/toolchain/arm-none-eabi-gcc/bin/../lib/gcc/arm-none-eabi/9.3.1/../../../../arm-none-eabi/lib/thumb/v7-m/nofp\libg_nano.a(lib_a-wsetup.o)
 .debug_frame   0x00001bdc       0x2c c:/mounriver/mounriver_studio2/resources/app/resources/win32/components/wch/toolchain/arm-none-eabi-gcc/bin/../lib/gcc/arm-none-eabi/9.3.1/../../../../arm-none-eabi/lib/thumb/v7-m/nofp\libg_nano.a(lib_a-closer.o)
 .debug_frame   0x00001c08       0x5c c:/mounriver/mounriver_studio2/resources/app/resources/win32/components/wch/toolchain/arm-none-eabi-gcc/bin/../lib/gcc/arm-none-eabi/9.3.1/../../../../arm-none-eabi/lib/thumb/v7-m/nofp\libg_nano.a(lib_a-fflush.o)
 .debug_frame   0x00001c64       0x2c c:/mounriver/mounriver_studio2/resources/app/resources/win32/components/wch/toolchain/arm-none-eabi-gcc/bin/../lib/gcc/arm-none-eabi/9.3.1/../../../../arm-none-eabi/lib/thumb/v7-m/nofp\libg_nano.a(lib_a-lseekr.o)
 .debug_frame   0x00001c90       0x58 c:/mounriver/mounriver_studio2/resources/app/resources/win32/components/wch/toolchain/arm-none-eabi-gcc/bin/../lib/gcc/arm-none-eabi/9.3.1/../../../../arm-none-eabi/lib/thumb/v7-m/nofp\libg_nano.a(lib_a-makebuf.o)
 .debug_frame   0x00001ce8       0x28 c:/mounriver/mounriver_studio2/resources/app/resources/win32/components/wch/toolchain/arm-none-eabi-gcc/bin/../lib/gcc/arm-none-eabi/9.3.1/../../../../arm-none-eabi/lib/thumb/v7-m/nofp\libg_nano.a(lib_a-memchr-stub.o)
 .debug_frame   0x00001d10       0x28 c:/mounriver/mounriver_studio2/resources/app/resources/win32/components/wch/toolchain/arm-none-eabi-gcc/bin/../lib/gcc/arm-none-eabi/9.3.1/../../../../arm-none-eabi/lib/thumb/v7-m/nofp\libg_nano.a(lib_a-memcpy-stub.o)
 .debug_frame   0x00001d38       0x28 c:/mounriver/mounriver_studio2/resources/app/resources/win32/components/wch/toolchain/arm-none-eabi-gcc/bin/../lib/gcc/arm-none-eabi/9.3.1/../../../../arm-none-eabi/lib/thumb/v7-m/nofp\libg_nano.a(lib_a-memmove.o)
 .debug_frame   0x00001d60       0x30 c:/mounriver/mounriver_studio2/resources/app/resources/win32/components/wch/toolchain/arm-none-eabi-gcc/bin/../lib/gcc/arm-none-eabi/9.3.1/../../../../arm-none-eabi/lib/thumb/v7-m/nofp\libg_nano.a(lib_a-mlock.o)
 .debug_frame   0x00001d90       0x38 c:/mounriver/mounriver_studio2/resources/app/resources/win32/components/wch/toolchain/arm-none-eabi-gcc/bin/../lib/gcc/arm-none-eabi/9.3.1/../../../../arm-none-eabi/lib/thumb/v7-m/nofp\libg_nano.a(lib_a-nano-freer.o)
 .debug_frame   0x00001dc8       0x3c c:/mounriver/mounriver_studio2/resources/app/resources/win32/components/wch/toolchain/arm-none-eabi-gcc/bin/../lib/gcc/arm-none-eabi/9.3.1/../../../../arm-none-eabi/lib/thumb/v7-m/nofp\libg_nano.a(lib_a-nano-reallocr.o)
 .debug_frame   0x00001e04       0x2c c:/mounriver/mounriver_studio2/resources/app/resources/win32/components/wch/toolchain/arm-none-eabi-gcc/bin/../lib/gcc/arm-none-eabi/9.3.1/../../../../arm-none-eabi/lib/thumb/v7-m/nofp\libg_nano.a(lib_a-readr.o)
 .debug_frame   0x00001e30       0x5c c:/mounriver/mounriver_studio2/resources/app/resources/win32/components/wch/toolchain/arm-none-eabi-gcc/bin/../lib/gcc/arm-none-eabi/9.3.1/../../../../arm-none-eabi/lib/thumb/v7-m/nofp\libg_nano.a(lib_a-reent.o)
 .debug_frame   0x00001e8c       0x2c c:/mounriver/mounriver_studio2/resources/app/resources/win32/components/wch/toolchain/arm-none-eabi-gcc/bin/../lib/gcc/arm-none-eabi/9.3.1/../../../../arm-none-eabi/lib/thumb/v7-m/nofp\libg_nano.a(lib_a-fstatr.o)
 .debug_frame   0x00001eb8       0x2c c:/mounriver/mounriver_studio2/resources/app/resources/win32/components/wch/toolchain/arm-none-eabi-gcc/bin/../lib/gcc/arm-none-eabi/9.3.1/../../../../arm-none-eabi/lib/thumb/v7-m/nofp\libg_nano.a(lib_a-isattyr.o)
 .debug_frame   0x00001ee4       0x20 c:/mounriver/mounriver_studio2/resources/app/resources/win32/components/wch/toolchain/arm-none-eabi-gcc/bin/../lib/gcc/arm-none-eabi/9.3.1/../../../../arm-none-eabi/lib/thumb/v7-m/nofp\libg_nano.a(lib_a-nano-msizer.o)
 .debug_frame   0x00001f04       0x20 c:/mounriver/mounriver_studio2/resources/app/resources/win32/components/wch/toolchain/arm-none-eabi-gcc/bin/../lib/gcc/arm-none-eabi/9.3.1/../../../../arm-none-eabi/lib/thumb/v7-m/nofp\libnosys.a(close.o)
 .debug_frame   0x00001f24       0x20 c:/mounriver/mounriver_studio2/resources/app/resources/win32/components/wch/toolchain/arm-none-eabi-gcc/bin/../lib/gcc/arm-none-eabi/9.3.1/../../../../arm-none-eabi/lib/thumb/v7-m/nofp\libnosys.a(fstat.o)
 .debug_frame   0x00001f44       0x20 c:/mounriver/mounriver_studio2/resources/app/resources/win32/components/wch/toolchain/arm-none-eabi-gcc/bin/../lib/gcc/arm-none-eabi/9.3.1/../../../../arm-none-eabi/lib/thumb/v7-m/nofp\libnosys.a(isatty.o)
 .debug_frame   0x00001f64       0x20 c:/mounriver/mounriver_studio2/resources/app/resources/win32/components/wch/toolchain/arm-none-eabi-gcc/bin/../lib/gcc/arm-none-eabi/9.3.1/../../../../arm-none-eabi/lib/thumb/v7-m/nofp\libnosys.a(lseek.o)
 .debug_frame   0x00001f84       0x20 c:/mounriver/mounriver_studio2/resources/app/resources/win32/components/wch/toolchain/arm-none-eabi-gcc/bin/../lib/gcc/arm-none-eabi/9.3.1/../../../../arm-none-eabi/lib/thumb/v7-m/nofp\libnosys.a(read.o)
 .debug_frame   0x00001fa4       0x20 c:/mounriver/mounriver_studio2/resources/app/resources/win32/components/wch/toolchain/arm-none-eabi-gcc/bin/../lib/gcc/arm-none-eabi/9.3.1/../../../../arm-none-eabi/lib/thumb/v7-m/nofp\libnosys.a(sbrk.o)

.stab           0x00000000       0x84
 .stab          0x00000000       0x24 c:/mounriver/mounriver_studio2/resources/app/resources/win32/components/wch/toolchain/arm-none-eabi-gcc/bin/../lib/gcc/arm-none-eabi/9.3.1/../../../../arm-none-eabi/lib/thumb/v7-m/nofp\libnosys.a(close.o)
 .stab          0x00000024       0x18 c:/mounriver/mounriver_studio2/resources/app/resources/win32/components/wch/toolchain/arm-none-eabi-gcc/bin/../lib/gcc/arm-none-eabi/9.3.1/../../../../arm-none-eabi/lib/thumb/v7-m/nofp\libnosys.a(fstat.o)
                                 0x24 (size before relaxing)
 .stab          0x0000003c       0x18 c:/mounriver/mounriver_studio2/resources/app/resources/win32/components/wch/toolchain/arm-none-eabi-gcc/bin/../lib/gcc/arm-none-eabi/9.3.1/../../../../arm-none-eabi/lib/thumb/v7-m/nofp\libnosys.a(isatty.o)
                                 0x24 (size before relaxing)
 .stab          0x00000054       0x18 c:/mounriver/mounriver_studio2/resources/app/resources/win32/components/wch/toolchain/arm-none-eabi-gcc/bin/../lib/gcc/arm-none-eabi/9.3.1/../../../../arm-none-eabi/lib/thumb/v7-m/nofp\libnosys.a(lseek.o)
                                 0x24 (size before relaxing)
 .stab          0x0000006c       0x18 c:/mounriver/mounriver_studio2/resources/app/resources/win32/components/wch/toolchain/arm-none-eabi-gcc/bin/../lib/gcc/arm-none-eabi/9.3.1/../../../../arm-none-eabi/lib/thumb/v7-m/nofp\libnosys.a(read.o)
                                 0x24 (size before relaxing)

.stabstr        0x00000000      0x117
 .stabstr       0x00000000      0x117 c:/mounriver/mounriver_studio2/resources/app/resources/win32/components/wch/toolchain/arm-none-eabi-gcc/bin/../lib/gcc/arm-none-eabi/9.3.1/../../../../arm-none-eabi/lib/thumb/v7-m/nofp\libnosys.a(close.o)
