Archive member included to satisfy reference by file (symbol)

c:/mounriver/mounriver_studio2/resources/app/resources/win32/components/wch/toolchain/arm-none-eabi-gcc/bin/../lib/gcc/arm-none-eabi/9.3.1/thumb/v7-m/nofp\libgcc.a(_arm_addsubdf3.o)
                              ./User/Main.o (__aeabi_i2d)
c:/mounriver/mounriver_studio2/resources/app/resources/win32/components/wch/toolchain/arm-none-eabi-gcc/bin/../lib/gcc/arm-none-eabi/9.3.1/thumb/v7-m/nofp\libgcc.a(_arm_muldivdf3.o)
                              ./User/Main.o (__aeabi_ddiv)
c:/mounriver/mounriver_studio2/resources/app/resources/win32/components/wch/toolchain/arm-none-eabi-gcc/bin/../lib/gcc/arm-none-eabi/9.3.1/thumb/v7-m/nofp\libgcc.a(_arm_fixunsdfsi.o)
                              ./User/Main.o (__aeabi_d2uiz)
c:/mounriver/mounriver_studio2/resources/app/resources/win32/components/wch/toolchain/arm-none-eabi-gcc/bin/../lib/gcc/arm-none-eabi/9.3.1/../../../../arm-none-eabi/lib/thumb/v7-m/nofp\libg_nano.a(lib_a-atoi.o)
                              ./User/Main.o (atoi)
c:/mounriver/mounriver_studio2/resources/app/resources/win32/components/wch/toolchain/arm-none-eabi-gcc/bin/../lib/gcc/arm-none-eabi/9.3.1/../../../../arm-none-eabi/lib/thumb/v7-m/nofp\libg_nano.a(lib_a-memset.o)
                              ./User/Main.o (memset)
c:/mounriver/mounriver_studio2/resources/app/resources/win32/components/wch/toolchain/arm-none-eabi-gcc/bin/../lib/gcc/arm-none-eabi/9.3.1/../../../../arm-none-eabi/lib/thumb/v7-m/nofp\libg_nano.a(lib_a-printf.o)
                              ./User/Main.o (printf)
c:/mounriver/mounriver_studio2/resources/app/resources/win32/components/wch/toolchain/arm-none-eabi-gcc/bin/../lib/gcc/arm-none-eabi/9.3.1/../../../../arm-none-eabi/lib/thumb/v7-m/nofp\libg_nano.a(lib_a-puts.o)
                              ./User/Main.o (puts)
c:/mounriver/mounriver_studio2/resources/app/resources/win32/components/wch/toolchain/arm-none-eabi-gcc/bin/../lib/gcc/arm-none-eabi/9.3.1/../../../../arm-none-eabi/lib/thumb/v7-m/nofp\libg_nano.a(lib_a-sprintf.o)
                              ./User/Main.o (sprintf)
c:/mounriver/mounriver_studio2/resources/app/resources/win32/components/wch/toolchain/arm-none-eabi-gcc/bin/../lib/gcc/arm-none-eabi/9.3.1/../../../../arm-none-eabi/lib/thumb/v7-m/nofp\libg_nano.a(lib_a-sscanf.o)
                              ./User/Main.o (sscanf)
c:/mounriver/mounriver_studio2/resources/app/resources/win32/components/wch/toolchain/arm-none-eabi-gcc/bin/../lib/gcc/arm-none-eabi/9.3.1/../../../../arm-none-eabi/lib/thumb/v7-m/nofp\libg_nano.a(lib_a-stdio.o)
                              c:/mounriver/mounriver_studio2/resources/app/resources/win32/components/wch/toolchain/arm-none-eabi-gcc/bin/../lib/gcc/arm-none-eabi/9.3.1/../../../../arm-none-eabi/lib/thumb/v7-m/nofp\libg_nano.a(lib_a-sscanf.o) (__seofread)
c:/mounriver/mounriver_studio2/resources/app/resources/win32/components/wch/toolchain/arm-none-eabi-gcc/bin/../lib/gcc/arm-none-eabi/9.3.1/../../../../arm-none-eabi/lib/thumb/v7-m/nofp\libg_nano.a(lib_a-strlen.o)
                              ./User/Main.o (strlen)
c:/mounriver/mounriver_studio2/resources/app/resources/win32/components/wch/toolchain/arm-none-eabi-gcc/bin/../lib/gcc/arm-none-eabi/9.3.1/../../../../arm-none-eabi/lib/thumb/v7-m/nofp\libg_nano.a(lib_a-strncmp.o)
                              ./User/Main.o (strncmp)
c:/mounriver/mounriver_studio2/resources/app/resources/win32/components/wch/toolchain/arm-none-eabi-gcc/bin/../lib/gcc/arm-none-eabi/9.3.1/../../../../arm-none-eabi/lib/thumb/v7-m/nofp\libg_nano.a(lib_a-strstr.o)
                              ./User/Main.o (strstr)
c:/mounriver/mounriver_studio2/resources/app/resources/win32/components/wch/toolchain/arm-none-eabi-gcc/bin/../lib/gcc/arm-none-eabi/9.3.1/../../../../arm-none-eabi/lib/thumb/v7-m/nofp\libg_nano.a(lib_a-strtol.o)
                              c:/mounriver/mounriver_studio2/resources/app/resources/win32/components/wch/toolchain/arm-none-eabi-gcc/bin/../lib/gcc/arm-none-eabi/9.3.1/../../../../arm-none-eabi/lib/thumb/v7-m/nofp\libg_nano.a(lib_a-atoi.o) (_strtol_r)
c:/mounriver/mounriver_studio2/resources/app/resources/win32/components/wch/toolchain/arm-none-eabi-gcc/bin/../lib/gcc/arm-none-eabi/9.3.1/../../../../arm-none-eabi/lib/thumb/v7-m/nofp\libg_nano.a(lib_a-wbuf.o)
                              c:/mounriver/mounriver_studio2/resources/app/resources/win32/components/wch/toolchain/arm-none-eabi-gcc/bin/../lib/gcc/arm-none-eabi/9.3.1/../../../../arm-none-eabi/lib/thumb/v7-m/nofp\libg_nano.a(lib_a-puts.o) (__swbuf_r)
c:/mounriver/mounriver_studio2/resources/app/resources/win32/components/wch/toolchain/arm-none-eabi-gcc/bin/../lib/gcc/arm-none-eabi/9.3.1/../../../../arm-none-eabi/lib/thumb/v7-m/nofp\libg_nano.a(lib_a-writer.o)
[...]
Memory Configuration

Name             Origin             Length             Attributes
FLASH            0x08000000         0x00008000         xr
RAM              0x20000000         0x00002800         xrw
*default*        0x00000000         0xffffffff

Linker script and memory map

LOAD ./User/Main.o
LOAD ./User/ch32f10x_it.o
LOAD ./User/system_ch32f10x.o
LOAD ./Startup/startup_ch32f10x.o
LOAD ./Peripheral/src/ch32f10x_adc.o
LOAD ./Peripheral/src/ch32f10x_bkp.o
LOAD ./Peripheral/src/ch32f10x_can.o
LOAD ./Peripheral/src/ch32f10x_crc.o
LOAD ./Peripheral/src/ch32f10x_dac.o
LOAD ./Peripheral/src/ch32f10x_dbgmcu.o
LOAD ./Peripheral/src/ch32f10x_dma.o
LOAD ./Peripheral/src/ch32f10x_exti.o
LOAD ./Peripheral/src/ch32f10x_flash.o
LOAD ./Peripheral/src/ch32f10x_gpio.o
LOAD ./Peripheral/src/ch32f10x_i2c.o
LOAD ./Peripheral/src/ch32f10x_iwdg.o
LOAD ./Peripheral/src/ch32f10x_misc.o
LOAD ./Peripheral/src/ch32f10x_pwr.o
LOAD ./Peripheral/src/ch32f10x_rcc.o
LOAD ./Peripheral/src/ch32f10x_rtc.o
LOAD ./Peripheral/src/ch32f10x_spi.o
LOAD ./Peripheral/src/ch32f10x_tim.o
LOAD ./Peripheral/src/ch32f10x_usart.o
LOAD ./Peripheral/src/ch32f10x_usb.o
LOAD ./Peripheral/src/ch32f10x_usb_host.o
LOAD ./Peripheral/src/ch32f10x_wwdg.o
LOAD ./Debug/debug.o
LOAD ./Core/core_cm3.o
LOAD c:/mounriver/mounriver_studio2/resources/app/resources/win32/components/wch/toolchain/arm-none-eabi-gcc/bin/../lib/gcc/arm-none-eabi/9.3.1/../../../../arm-none-eabi/lib/thumb/v7-m/nofp\libm.a
START GROUP
LOAD c:/mounriver/mounriver_studio2/resources/app/resources/win32/components/wch/toolchain/arm-none-eabi-gcc/bin/../lib/gcc/arm-none-eabi/9.3.1/thumb/v7-m/nofp\libgcc.a
LOAD c:/mounriver/mounriver_studio2/resources/app/resources/win32/components/wch/toolchain/arm-none-eabi-gcc/bin/../lib/gcc/arm-none-eabi/9.3.1/../../../../arm-none-eabi/lib/thumb/v7-m/nofp\libg_nano.a
LOAD c:/mounriver/mounriver_studio2/resources/app/resources/win32/components/wch/toolchain/arm-none-eabi-gcc/bin/../lib/gcc/arm-none-eabi/9.3.1/../../../../arm-none-eabi/lib/thumb/v7-m/nofp\libc_nano.a
END GROUP
START GROUP
LOAD c:/mounriver/mounriver_studio2/resources/app/resources/win32/components/wch/toolchain/arm-none-eabi-gcc/bin/../lib/gcc/arm-none-eabi/9.3.1/thumb/v7-m/nofp\libgcc.a
LOAD c:/mounriver/mounriver_studio2/resources/app/resources/win32/components/wch/toolchain/arm-none-eabi-gcc/bin/../lib/gcc/arm-none-eabi/9.3.1/../../../../arm-none-eabi/lib/thumb/v7-m/nofp\libc_nano.a
LOAD c:/mounriver/mounriver_studio2/resources/app/resources/win32/components/wch/toolchain/arm-none-eabi-gcc/bin/../lib/gcc/arm-none-eabi/9.3.1/../../../../arm-none-eabi/lib/thumb/v7-m/nofp\libnosys.a
END GROUP
START GROUP
LOAD c:/mounriver/mounriver_studio2/resources/app/resources/win32/components/wch/toolchain/arm-none-eabi-gcc/bin/../lib/gcc/arm-none-eabi/9.3.1/thumb/v7-m/nofp\libgcc.a
LOAD c:/mounriver/mounriver_studio2/resources/app/resources/win32/components/wch/toolchain/arm-none-eabi-gcc/bin/../lib/gcc/arm-none-eabi/9.3.1/../../../../arm-none-eabi/lib/thumb/v7-m/nofp\libc_nano.a
LOAD c:/mounriver/mounriver_studio2/resources/app/resources/win32/components/wch/toolchain/arm-none-eabi-gcc/bin/../lib/gcc/arm-none-eabi/9.3.1/../../../../arm-none-eabi/lib/thumb/v7-m/nofp\libnosys.a
END GROUP
                0x20002800                _estack = 0x20002800
                0x00000200                _Min_Heap_Size = 0x200
                0x00000400                _Min_Stack_Size = 0x400

.isr_vector     0x08000000       0xf0
                0x08000000                . = ALIGN (0x4)
 *(.isr_vector)
 .isr_vector    0x08000000       0xf0 ./Startup/startup_ch32f10x.o
                0x08000000                g_pfnVectors
                0x080000f0                . = ALIGN (0x4)

.text           0x080000f0     0x4410
                0x080000f0                . = ALIGN (0x4)
 *(.text)
 .text          0x080000f0      0x378 c:/mounriver/mounriver_studio2/resources/app/resources/win32/components/wch/toolchain/arm-none-eabi-gcc/bin/../lib/gcc/arm-none-eabi/9.3.1/thumb/v7-m/nofp\libgcc.a(_arm_addsubdf3.o)
                0x080000f0                __aeabi_drsub
                0x080000f8                __aeabi_dsub
                0x080000f8                __subdf3
                0x080000fc                __aeabi_dadd
                0x080000fc                __adddf3
                0x08000374                __floatunsidf
                0x08000374                __aeabi_ui2d
                0x08000394                __floatsidf
                0x08000394                __aeabi_i2d
                0x080003b8                __aeabi_f2d
                0x080003b8                __extendsfdf2
                0x080003fc                __floatundidf
                0x080003fc                __aeabi_ul2d
                0x0800040c                __floatdidf
                0x0800040c                __aeabi_l2d
 .text          0x08000468      0x424 c:/mounriver/mounriver_studio2/resources/app/resources/win32/components/wch/toolchain/arm-none-eabi-gcc/bin/../lib/gcc/arm-none-eabi/9.3.1/thumb/v7-m/nofp\libgcc.a(_arm_muldivdf3.o)
                0x08000468                __aeabi_dmul
                0x08000468                __muldf3
                0x080006bc                __divdf3
                0x080006bc                __aeabi_ddiv
 .text          0x0800088c       0x40 c:/mounriver/mounriver_studio2/resources/app/resources/win32/components/wch/toolchain/arm-none-eabi-gcc/bin/../lib/gcc/arm-none-eabi/9.3.1/thumb/v7-m/nofp\libgcc.a(_arm_fixunsdfsi.o)
                0x0800088c                __aeabi_d2uiz
                0x0800088c                __fixunsdfsi
 .text          0x080008cc       0x10 c:/mounriver/mounriver_studio2/resources/app/resources/win32/components/wch/toolchain/arm-none-eabi-gcc/bin/../lib/gcc/arm-none-eabi/9.3.1/../../../../arm-none-eabi/lib/thumb/v7-m/nofp\libg_nano.a(lib_a-strlen.o)
                0x080008cc                strlen
 *(.text*)
 .text.Soft_I2C_SDA_OutOD
                0x080008dc       0x24 ./User/Main.o
 .text.Soft_I2C_Delay
                0x08000900        0x6 ./User/Main.o
 *fill*         0x08000906        0x2 
 .text.Soft_I2C_Start
                0x08000908       0x38 ./User/Main.o
 .text.Soft_I2C_SendByte
                0x08000940       0x50 ./User/Main.o
 .text.Soft_I2C_Stop
                0x08000990       0x30 ./User/Main.o
 .text.Soft_I2C_ReadByte
                0x080009c0       0x80 ./User/Main.o
 .text.Soft_I2C_WaitAck
                0x08000a40       0x40 ./User/Main.o
 .text.BH1750_Ping
                0x08000a80       0x24 ./User/Main.o
 .text.BH1750_Detect
                0x08000aa4       0x28 ./User/Main.o
 .text.BH1750_WriteCmd
                0x08000acc       0x38 ./User/Main.o
 .text.SystemClock_Config_8MHz
                0x08000b04       0x5e ./User/Main.o
                0x08000b04                SystemClock_Config_8MHz
 *fill*         0x08000b62        0x2 
 .text.PWM_Init
                0x08000b64      0x10c ./User/Main.o
                0x08000b64                PWM_Init
 .text.Set_PWM_Duty
                0x08000c70       0x48 ./User/Main.o
                0x08000c70                Set_PWM_Duty
 .text.Apply_Remote_PWM
                0x08000cb8       0x58 ./User/Main.o
 .text.Light_Switch
                0x08000d10       0x64 ./User/Main.o
                0x08000d10                Light_Switch
 .text.Touch_Init
                0x08000d74       0x28 ./User/Main.o
                0x08000d74                Touch_Init
 .text.Touch_Detect
                0x08000d9c      0x1a0 ./User/Main.o
                0x08000d9c                Touch_Detect
 .text.TickTimer_Init
                0x08000f3c       0x5c ./User/Main.o
                0x08000f3c                TickTimer_Init
 .text.I2C1_Init
                0x08000f98       0x54 ./User/Main.o
                0x08000f98                I2C1_Init
 .text.Read_Ambient_Light
                0x08000fec       0xbc ./User/Main.o
                0x08000fec                Read_Ambient_Light
 .text.Auto_Light_Adjust
                0x080010a8       0xb8 ./User/Main.o
                0x080010a8                Auto_Light_Adjust
 .text.UART1_Init
                0x08001160       0x90 ./User/Main.o
                0x08001160                UART1_Init
 .text.Parse_ESP8266_Cmd
                0x080011f0      0x100 ./User/Main.o
                0x080011f0                Parse_ESP8266_Cmd
 .text.UART1_Receive_Cmd
                0x080012f0       0x70 ./User/Main.o
                0x080012f0                UART1_Receive_Cmd
 .text.UART1_Send_Status
                0x08001360       0xb4 ./User/Main.o
                0x08001360                UART1_Send_Status
 .text.RGB_Reserve_Init
                0x08001414       0x34 ./User/Main.o
                0x08001414                RGB_Reserve_Init
 .text.startup.main
                0x08001448      0x278 ./User/Main.o
                0x08001448                main
 .text.USART1_IRQHandler
                0x080016c0       0x68 ./User/Main.o
                0x080016c0                USART1_IRQHandler
 .text.NMI_Handler
                0x08001728        0x2 ./User/ch32f10x_it.o
                0x08001728                NMI_Handler
 .text.HardFault_Handler
                0x0800172a        0x2 ./User/ch32f10x_it.o
                0x0800172a                HardFault_Handler
 .text.MemManage_Handler
                0x0800172c        0x2 ./User/ch32f10x_it.o
                0x0800172c                MemManage_Handler
 .text.BusFault_Handler
                0x0800172e        0x2 ./User/ch32f10x_it.o
                0x0800172e                BusFault_Handler
 .text.UsageFault_Handler
                0x08001730        0x2 ./User/ch32f10x_it.o
                0x08001730                UsageFault_Handler
 .text.SVC_Handler
                0x08001732        0x2 ./User/ch32f10x_it.o
                0x08001732                SVC_Handler
 .text.DebugMon_Handler
                0x08001734        0x2 ./User/ch32f10x_it.o
                0x08001734                DebugMon_Handler
 .text.PendSV_Handler
                0x08001736        0x2 ./User/ch32f10x_it.o
                0x08001736                PendSV_Handler
 .text.TimingDelay_Decrement
                0x08001738       0x14 ./User/ch32f10x_it.o
                0x08001738                TimingDelay_Decrement
 .text.SysTick_Handler
                0x0800174c       0x10 ./User/ch32f10x_it.o
                0x0800174c                SysTick_Handler
 .text.TIM4_IRQHandler
                0x0800175c       0x28 ./User/ch32f10x_it.o
                0x0800175c                TIM4_IRQHandler
 .text.TIM3_IRQHandler
                0x08001784       0xa8 ./User/ch32f10x_it.o
                0x08001784                TIM3_IRQHandler
 .text.SystemInit
                0x0800182c       0xf0 ./User/system_ch32f10x.o
                0x0800182c                SystemInit
 .text.SystemCoreClockUpdate
                0x0800191c       0x64 ./User/system_ch32f10x.o
                0x0800191c                SystemCoreClockUpdate
 .text.Reset_Handler
                0x08001980       0x44 ./Startup/startup_ch32f10x.o
                0x08001980                Reset_Handler
 .text.Default_Handler
                0x080019c4        0x2 ./Startup/startup_ch32f10x.o
                0x080019c4                EXTI2_IRQHandler
                0x080019c4                TIM1_CC_IRQHandler
                0x080019c4                PVD_IRQHandler
                0x080019c4                EXTI3_IRQHandler
                0x080019c4                EXTI0_IRQHandler
                0x080019c4                I2C2_EV_IRQHandler
                0x080019c4                ADC1_2_IRQHandler
                0x080019c4                SPI1_IRQHandler
                0x080019c4                TAMPER_IRQHandler
                0x080019c4                DMA1_Channel4_IRQHandler
                0x080019c4                USART3_IRQHandler
                0x080019c4                RTC_IRQHandler
                0x080019c4                DMA1_Channel7_IRQHandler
                0x080019c4                CAN1_RX1_IRQHandler
                0x080019c4                I2C1_EV_IRQHandler
                0x080019c4                USBHD_IRQHandler
                0x080019c4                DMA1_Channel6_IRQHandler
                0x080019c4                RCC_IRQHandler
                0x080019c4                TIM1_TRG_COM_IRQHandler
                0x080019c4                DMA1_Channel1_IRQHandler
                0x080019c4                Default_Handler
                0x080019c4                EXTI15_10_IRQHandler
                0x080019c4                EXTI9_5_IRQHandler
                0x080019c4                SPI2_IRQHandler
                0x080019c4                DMA1_Channel5_IRQHandler
                0x080019c4                EXTI4_IRQHandler
                0x080019c4                USB_LP_CAN1_RX0_IRQHandler
                0x080019c4                USB_HP_CAN1_TX_IRQHandler
                0x080019c4                DMA1_Channel3_IRQHandler
                0x080019c4                TIM1_UP_IRQHandler
                0x080019c4                WWDG_IRQHandler
                0x080019c4                TIM2_IRQHandler
                0x080019c4                TIM1_BRK_IRQHandler
                0x080019c4                EXTI1_IRQHandler
                0x080019c4                RTCAlarm_IRQHandler
                0x080019c4                USART2_IRQHandler
                0x080019c4                I2C2_ER_IRQHandler
                0x080019c4                DMA1_Channel2_IRQHandler
                0x080019c4                CAN1_SCE_IRQHandler
                0x080019c4                FLASH_IRQHandler
                0x080019c4                I2C1_ER_IRQHandler
                0x080019c4                USBWakeUp_IRQHandler
 .text.GPIO_Init
                0x080019c6       0xa0 ./Peripheral/src/ch32f10x_gpio.o
                0x080019c6                GPIO_Init
 .text.GPIO_ReadInputDataBit
                0x08001a66        0xc ./Peripheral/src/ch32f10x_gpio.o
                0x08001a66                GPIO_ReadInputDataBit
 .text.GPIO_SetBits
                0x08001a72        0x4 ./Peripheral/src/ch32f10x_gpio.o
                0x08001a72                GPIO_SetBits
 .text.GPIO_ResetBits
                0x08001a76        0x4 ./Peripheral/src/ch32f10x_gpio.o
                0x08001a76                GPIO_ResetBits
 *fill*         0x08001a7a        0x2 
 .text.NVIC_Init
                0x08001a7c       0x58 ./Peripheral/src/ch32f10x_misc.o
                0x08001a7c                NVIC_Init
 .text.SysTick_CLKSourceConfig
                0x08001ad4       0x18 ./Peripheral/src/ch32f10x_misc.o
                0x08001ad4                SysTick_CLKSourceConfig
 .text.RCC_DeInit
                0x08001aec       0x40 ./Peripheral/src/ch32f10x_rcc.o
                0x08001aec                RCC_DeInit
 .text.RCC_HSEConfig
                0x08001b2c       0x38 ./Peripheral/src/ch32f10x_rcc.o
                0x08001b2c                RCC_HSEConfig
 .text.RCC_PLLConfig
                0x08001b64       0x14 ./Peripheral/src/ch32f10x_rcc.o
                0x08001b64                RCC_PLLConfig
 .text.RCC_PLLCmd
                0x08001b78        0xc ./Peripheral/src/ch32f10x_rcc.o
                0x08001b78                RCC_PLLCmd
 .text.RCC_SYSCLKConfig
                0x08001b84       0x14 ./Peripheral/src/ch32f10x_rcc.o
                0x08001b84                RCC_SYSCLKConfig
 .text.RCC_GetSYSCLKSource
                0x08001b98       0x10 ./Peripheral/src/ch32f10x_rcc.o
                0x08001b98                RCC_GetSYSCLKSource
 .text.RCC_HCLKConfig
                0x08001ba8       0x14 ./Peripheral/src/ch32f10x_rcc.o
                0x08001ba8                RCC_HCLKConfig
 .text.RCC_PCLK1Config
                0x08001bbc       0x14 ./Peripheral/src/ch32f10x_rcc.o
                0x08001bbc                RCC_PCLK1Config
 .text.RCC_PCLK2Config
                0x08001bd0       0x14 ./Peripheral/src/ch32f10x_rcc.o
                0x08001bd0                RCC_PCLK2Config
 .text.RCC_GetClocksFreq
                0x08001be4       0x90 ./Peripheral/src/ch32f10x_rcc.o
                0x08001be4                RCC_GetClocksFreq
 .text.RCC_APB2PeriphClockCmd
                0x08001c74       0x18 ./Peripheral/src/ch32f10x_rcc.o
                0x08001c74                RCC_APB2PeriphClockCmd
 .text.RCC_APB1PeriphClockCmd
                0x08001c8c       0x18 ./Peripheral/src/ch32f10x_rcc.o
                0x08001c8c                RCC_APB1PeriphClockCmd
 .text.RCC_APB2PeriphResetCmd
                0x08001ca4       0x18 ./Peripheral/src/ch32f10x_rcc.o
                0x08001ca4                RCC_APB2PeriphResetCmd
 .text.RCC_APB1PeriphResetCmd
                0x08001cbc       0x18 ./Peripheral/src/ch32f10x_rcc.o
                0x08001cbc                RCC_APB1PeriphResetCmd
 .text.RCC_GetFlagStatus
                0x08001cd4       0x28 ./Peripheral/src/ch32f10x_rcc.o
                0x08001cd4                RCC_GetFlagStatus
 .text.TIM_DeInit
                0x08001cfc       0x70 ./Peripheral/src/ch32f10x_tim.o
                0x08001cfc                TIM_DeInit
 .text.TIM_TimeBaseInit
                0x08001d6c       0x50 ./Peripheral/src/ch32f10x_tim.o
                0x08001d6c                TIM_TimeBaseInit
 .text.TIM_OC1Init
                0x08001dbc       0x68 ./Peripheral/src/ch32f10x_tim.o
                0x08001dbc                TIM_OC1Init
 .text.TIM_OC4Init
                0x08001e24       0x60 ./Peripheral/src/ch32f10x_tim.o
                0x08001e24                TIM_OC4Init
 .text.TIM_Cmd  0x08001e84       0x18 ./Peripheral/src/ch32f10x_tim.o
                0x08001e84                TIM_Cmd
 .text.TIM_ITConfig
                0x08001e9c       0x12 ./Peripheral/src/ch32f10x_tim.o
                0x08001e9c                TIM_ITConfig
 .text.TIM_ARRPreloadConfig
                0x08001eae       0x18 ./Peripheral/src/ch32f10x_tim.o
                0x08001eae                TIM_ARRPreloadConfig
 .text.TIM_OC4PreloadConfig
                0x08001ec6       0x14 ./Peripheral/src/ch32f10x_tim.o
                0x08001ec6                TIM_OC4PreloadConfig
 .text.TIM_SetCompare1
                0x08001eda        0x4 ./Peripheral/src/ch32f10x_tim.o
                0x08001eda                TIM_SetCompare1
 .text.TIM_SetCompare4
                0x08001ede        0x6 ./Peripheral/src/ch32f10x_tim.o
                0x08001ede                TIM_SetCompare4
 .text.TIM_GetITStatus
                0x08001ee4       0x16 ./Peripheral/src/ch32f10x_tim.o
                0x08001ee4                TIM_GetITStatus
 .text.TIM_ClearITPendingBit
                0x08001efa        0x8 ./Peripheral/src/ch32f10x_tim.o
                0x08001efa                TIM_ClearITPendingBit
 *fill*         0x08001f02        0x2 
 .text.USART_Init
                0x08001f04       0x88 ./Peripheral/src/ch32f10x_usart.o
                0x08001f04                USART_Init
 .text.USART_Cmd
                0x08001f8c       0x18 ./Peripheral/src/ch32f10x_usart.o
                0x08001f8c                USART_Cmd
 .text.USART_ITConfig
                0x08001fa4       0x30 ./Peripheral/src/ch32f10x_usart.o
                0x08001fa4                USART_ITConfig
 .text.USART_SendData
                0x08001fd4        0x8 ./Peripheral/src/ch32f10x_usart.o
                0x08001fd4                USART_SendData
 .text.USART_ReceiveData
                0x08001fdc        0x8 ./Peripheral/src/ch32f10x_usart.o
                0x08001fdc                USART_ReceiveData
 .text.USART_GetFlagStatus
                0x08001fe4        0xc ./Peripheral/src/ch32f10x_usart.o
                0x08001fe4                USART_GetFlagStatus
 .text.USART_GetITStatus
                0x08001ff0       0x3e ./Peripheral/src/ch32f10x_usart.o
                0x08001ff0                USART_GetITStatus
 *fill*         0x0800202e        0x2 
 .text.Delay_Init
                0x08002030       0x3c ./Debug/debug.o
                0x08002030                Delay_Init
 .text.Delay_Us
                0x0800206c       0x38 ./Debug/debug.o
                0x0800206c                Delay_Us
 .text.Delay_Ms
                0x080020a4       0x38 ./Debug/debug.o
                0x080020a4                Delay_Ms
 .text.USART_Printf_Init
                0x080020dc       0x50 ./Debug/debug.o
                0x080020dc                USART_Printf_Init
 .text._write   0x0800212c       0x30 ./Debug/debug.o
                0x0800212c                _write
 .text.atoi     0x0800215c        0x8 c:/mounriver/mounriver_studio2/resources/app/resources/win32/components/wch/toolchain/arm-none-eabi-gcc/bin/../lib/gcc/arm-none-eabi/9.3.1/../../../../arm-none-eabi/lib/thumb/v7-m/nofp\libg_nano.a(lib_a-atoi.o)
                0x0800215c                atoi
 .text.memset   0x08002164       0x10 c:/mounriver/mounriver_studio2/resources/app/resources/win32/components/wch/toolchain/arm-none-eabi-gcc/bin/../lib/gcc/arm-none-eabi/9.3.1/../../../../arm-none-eabi/lib/thumb/v7-m/nofp\libg_nano.a(lib_a-memset.o)
                0x08002164                memset
 .text.printf   0x08002174       0x30 c:/mounriver/mounriver_studio2/resources/app/resources/win32/components/wch/toolchain/arm-none-eabi-gcc/bin/../lib/gcc/arm-none-eabi/9.3.1/../../../../arm-none-eabi/lib/thumb/v7-m/nofp\libg_nano.a(lib_a-printf.o)
                0x08002174                iprintf
                0x08002174                printf
 .text._puts_r  0x080021a4       0xdc c:/mounriver/mounriver_studio2/resources/app/resources/win32/components/wch/toolchain/arm-none-eabi-gcc/bin/../lib/gcc/arm-none-eabi/9.3.1/../../../../arm-none-eabi/lib/thumb/v7-m/nofp\libg_nano.a(lib_a-puts.o)
                0x080021a4                _puts_r
 .text.puts     0x08002280       0x10 c:/mounriver/mounriver_studio2/resources/app/resources/win32/components/wch/toolchain/arm-none-eabi-gcc/bin/../lib/gcc/arm-none-eabi/9.3.1/../../../../arm-none-eabi/lib/thumb/v7-m/nofp\libg_nano.a(lib_a-puts.o)
                0x08002280                puts
 .text.sprintf  0x08002290       0x40 c:/mounriver/mounriver_studio2/resources/app/resources/win32/components/wch/toolchain/arm-none-eabi-gcc/bin/../lib/gcc/arm-none-eabi/9.3.1/../../../../arm-none-eabi/lib/thumb/v7-m/nofp\libg_nano.a(lib_a-sprintf.o)
                0x08002290                siprintf
                0x08002290                sprintf
 .text.sscanf   0x080022d0       0x54 c:/mounriver/mounriver_studio2/resources/app/resources/win32/components/wch/toolchain/arm-none-eabi-gcc/bin/../lib/gcc/arm-none-eabi/9.3.1/../../../../arm-none-eabi/lib/thumb/v7-m/nofp\libg_nano.a(lib_a-sscanf.o)
                0x080022d0                siscanf
                0x080022d0                sscanf
 .text.__sread  0x08002324       0x22 c:/mounriver/mounriver_studio2/resources/app/resources/win32/components/wch/toolchain/arm-none-eabi-gcc/bin/../lib/gcc/arm-none-eabi/9.3.1/../../../../arm-none-eabi/lib/thumb/v7-m/nofp\libg_nano.a(lib_a-stdio.o)
                0x08002324                __sread
 .text.__seofread
                0x08002346        0x4 c:/mounriver/mounriver_studio2/resources/app/resources/win32/components/wch/toolchain/arm-none-eabi-gcc/bin/../lib/gcc/arm-none-eabi/9.3.1/../../../../arm-none-eabi/lib/thumb/v7-m/nofp\libg_nano.a(lib_a-stdio.o)
                0x08002346                __seofread
 .text.__swrite
                0x0800234a       0x38 c:/mounriver/mounriver_studio2/resources/app/resources/win32/components/wch/toolchain/arm-none-eabi-gcc/bin/../lib/gcc/arm-none-eabi/9.3.1/../../../../arm-none-eabi/lib/thumb/v7-m/nofp\libg_nano.a(lib_a-stdio.o)
                0x0800234a                __swrite
 .text.__sseek  0x08002382       0x24 c:/mounriver/mounriver_studio2/resources/app/resources/win32/components/wch/toolchain/arm-none-eabi-gcc/bin/../lib/gcc/arm-none-eabi/9.3.1/../../../../arm-none-eabi/lib/thumb/v7-m/nofp\libg_nano.a(lib_a-stdio.o)
                0x08002382                __sseek
 .text.__sclose
                0x080023a6        0x8 c:/mounriver/mounriver_studio2/resources/app/resources/win32/components/wch/toolchain/arm-none-eabi-gcc/bin/../lib/gcc/arm-none-eabi/9.3.1/../../../../arm-none-eabi/lib/thumb/v7-m/nofp\libg_nano.a(lib_a-stdio.o)
                0x080023a6                __sclose
 .text.strncmp  0x080023ae       0x24 c:/mounriver/mounriver_studio2/resources/app/resources/win32/components/wch/toolchain/arm-none-eabi-gcc/bin/../lib/gcc/arm-none-eabi/9.3.1/../../../../arm-none-eabi/lib/thumb/v7-m/nofp\libg_nano.a(lib_a-strncmp.o)
                0x080023ae                strncmp
 .text.strstr   0x080023d2       0x2e c:/mounriver/mounriver_studio2/resources/app/resources/win32/components/wch/toolchain/arm-none-eabi-gcc/bin/../lib/gcc/arm-none-eabi/9.3.1/../../../../arm-none-eabi/lib/thumb/v7-m/nofp\libg_nano.a(lib_a-strstr.o)
                0x080023d2                strstr
 .text._strtol_l.isra.0
                0x08002400      0x10c c:/mounriver/mounriver_studio2/resources/app/resources/win32/components/wch/toolchain/arm-none-eabi-gcc/bin/../lib/gcc/arm-none-eabi/9.3.1/../../../../arm-none-eabi/lib/thumb/v7-m/nofp\libg_nano.a(lib_a-strtol.o)
 .text._strtol_r
                0x0800250c        0x4 c:/mounriver/mounriver_studio2/resources/app/resources/win32/components/wch/toolchain/arm-none-eabi-gcc/bin/../lib/gcc/arm-none-eabi/9.3.1/../../../../arm-none-eabi/lib/thumb/v7-m/nofp\libg_nano.a(lib_a-strtol.o)
                0x0800250c                _strtol_r
 .text.strtol   0x08002510       0x14 c:/mounriver/mounriver_studio2/resources/app/resources/win32/components/wch/toolchain/arm-none-eabi-gcc/bin/../lib/gcc/arm-none-eabi/9.3.1/../../../../arm-none-eabi/lib/thumb/v7-m/nofp\libg_nano.a(lib_a-strtol.o)
                0x08002510                strtol
 .text.__swbuf_r
                0x08002524       0xa4 c:/mounriver/mounriver_studio2/resources/app/resources/win32/components/wch/toolchain/arm-none-eabi-gcc/bin/../lib/gcc/arm-none-eabi/9.3.1/../../../../arm-none-eabi/lib/thumb/v7-m/nofp\libg_nano.a(lib_a-wbuf.o)
                0x08002524                __swbuf_r
 .text._write_r
                0x080025c8       0x24 c:/mounriver/mounriver_studio2/resources/app/resources/win32/components/wch/toolchain/arm-none-eabi-gcc/bin/../lib/gcc/arm-none-eabi/9.3.1/../../../../arm-none-eabi/lib/thumb/v7-m/nofp\libg_nano.a(lib_a-writer.o)
                0x080025c8                _write_r
 .text.__swsetup_r
                0x080025ec       0xdc c:/mounriver/mounriver_studio2/resources/app/resources/win32/components/wch/toolchain/arm-none-eabi-gcc/bin/../lib/gcc/arm-none-eabi/9.3.1/../../../../arm-none-eabi/lib/thumb/v7-m/nofp\libg_nano.a(lib_a-wsetup.o)
                0x080025ec                __swsetup_r
 .text._close_r
                0x080026c8       0x20 c:/mounriver/mounriver_studio2/resources/app/resources/win32/components/wch/toolchain/arm-none-eabi-gcc/bin/../lib/gcc/arm-none-eabi/9.3.1/../../../../arm-none-eabi/lib/thumb/v7-m/nofp\libg_nano.a(lib_a-closer.o)
                0x080026c8                _close_r
 .text.__errno  0x080026e8        0xc c:/mounriver/mounriver_studio2/resources/app/resources/win32/components/wch/toolchain/arm-none-eabi-gcc/bin/../lib/gcc/arm-none-eabi/9.3.1/../../../../arm-none-eabi/lib/thumb/v7-m/nofp\libg_nano.a(lib_a-errno.o)
                0x080026e8                __errno
 .text.__sflush_r
                0x080026f4      0x10c c:/mounriver/mounriver_studio2/resources/app/resources/win32/components/wch/toolchain/arm-none-eabi-gcc/bin/../lib/gcc/arm-none-eabi/9.3.1/../../../../arm-none-eabi/lib/thumb/v7-m/nofp\libg_nano.a(lib_a-fflush.o)
                0x080026f4                __sflush_r
 .text._fflush_r
                0x08002800       0x78 c:/mounriver/mounriver_studio2/resources/app/resources/win32/components/wch/toolchain/arm-none-eabi-gcc/bin/../lib/gcc/arm-none-eabi/9.3.1/../../../../arm-none-eabi/lib/thumb/v7-m/nofp\libg_nano.a(lib_a-fflush.o)
                0x08002800                _fflush_r
 .text.std      0x08002878       0x48 c:/mounriver/mounriver_studio2/resources/app/resources/win32/components/wch/toolchain/arm-none-eabi-gcc/bin/../lib/gcc/arm-none-eabi/9.3.1/../../../../arm-none-eabi/lib/thumb/v7-m/nofp\libg_nano.a(lib_a-findfp.o)
 .text._cleanup_r
                0x080028c0        0xc c:/mounriver/mounriver_studio2/resources/app/resources/win32/components/wch/toolchain/arm-none-eabi-gcc/bin/../lib/gcc/arm-none-eabi/9.3.1/../../../../arm-none-eabi/lib/thumb/v7-m/nofp\libg_nano.a(lib_a-findfp.o)
                0x080028c0                _cleanup_r
 .text.__sfmoreglue
                0x080028cc       0x2c c:/mounriver/mounriver_studio2/resources/app/resources/win32/components/wch/toolchain/arm-none-eabi-gcc/bin/../lib/gcc/arm-none-eabi/9.3.1/../../../../arm-none-eabi/lib/thumb/v7-m/nofp\libg_nano.a(lib_a-findfp.o)
                0x080028cc                __sfmoreglue
 .text.__sfp_lock_acquire
                0x080028f8        0xc c:/mounriver/mounriver_studio2/resources/app/resources/win32/components/wch/toolchain/arm-none-eabi-gcc/bin/../lib/gcc/arm-none-eabi/9.3.1/../../../../arm-none-eabi/lib/thumb/v7-m/nofp\libg_nano.a(lib_a-findfp.o)
                0x080028f8                __sfp_lock_acquire
 .text.__sfp_lock_release
                0x08002904        0xc c:/mounriver/mounriver_studio2/resources/app/resources/win32/components/wch/toolchain/arm-none-eabi-gcc/bin/../lib/gcc/arm-none-eabi/9.3.1/../../../../arm-none-eabi/lib/thumb/v7-m/nofp\libg_nano.a(lib_a-findfp.o)
                0x08002904                __sfp_lock_release
 .text.__sinit_lock_acquire
                0x08002910        0xc c:/mounriver/mounriver_studio2/resources/app/resources/win32/components/wch/toolchain/arm-none-eabi-gcc/bin/../lib/gcc/arm-none-eabi/9.3.1/../../../../arm-none-eabi/lib/thumb/v7-m/nofp\libg_nano.a(lib_a-findfp.o)
                0x08002910                __sinit_lock_acquire
 .text.__sinit_lock_release
                0x0800291c        0xc c:/mounriver/mounriver_studio2/resources/app/resources/win32/components/wch/toolchain/arm-none-eabi-gcc/bin/../lib/gcc/arm-none-eabi/9.3.1/../../../../arm-none-eabi/lib/thumb/v7-m/nofp\libg_nano.a(lib_a-findfp.o)
                0x0800291c                __sinit_lock_release
 .text.__sinit  0x08002928       0x70 c:/mounriver/mounriver_studio2/resources/app/resources/win32/components/wch/toolchain/arm-none-eabi-gcc/bin/../lib/gcc/arm-none-eabi/9.3.1/../../../../arm-none-eabi/lib/thumb/v7-m/nofp\libg_nano.a(lib_a-findfp.o)
                0x08002928                __sinit
 .text.__sfp    0x08002998       0x8c c:/mounriver/mounriver_studio2/resources/app/resources/win32/components/wch/toolchain/arm-none-eabi-gcc/bin/../lib/gcc/arm-none-eabi/9.3.1/../../../../arm-none-eabi/lib/thumb/v7-m/nofp\libg_nano.a(lib_a-findfp.o)
                0x08002998                __sfp
 .text._fwalk_reent
                0x08002a24       0x3e c:/mounriver/mounriver_studio2/resources/app/resources/win32/components/wch/toolchain/arm-none-eabi-gcc/bin/../lib/gcc/arm-none-eabi/9.3.1/../../../../arm-none-eabi/lib/thumb/v7-m/nofp\libg_nano.a(lib_a-fwalk.o)
                0x08002a24                _fwalk_reent
 .text.__retarget_lock_init_recursive
                0x08002a62        0x2 c:/mounriver/mounriver_studio2/resources/app/resources/win32/components/wch/toolchain/arm-none-eabi-gcc/bin/../lib/gcc/arm-none-eabi/9.3.1/../../../../arm-none-eabi/lib/thumb/v7-m/nofp\libg_nano.a(lib_a-lock.o)
                0x08002a62                __retarget_lock_init_recursive
 .text.__retarget_lock_acquire_recursive
                0x08002a64        0x2 c:/mounriver/mounriver_studio2/resources/app/resources/win32/components/wch/toolchain/arm-none-eabi-gcc/bin/../lib/gcc/arm-none-eabi/9.3.1/../../../../arm-none-eabi/lib/thumb/v7-m/nofp\libg_nano.a(lib_a-lock.o)
                0x08002a64                __retarget_lock_acquire_recursive
 .text.__retarget_lock_release_recursive
                0x08002a66        0x2 c:/mounriver/mounriver_studio2/resources/app/resources/win32/components/wch/toolchain/arm-none-eabi-gcc/bin/../lib/gcc/arm-none-eabi/9.3.1/../../../../arm-none-eabi/lib/thumb/v7-m/nofp\libg_nano.a(lib_a-lock.o)
                0x08002a66                __retarget_lock_release_recursive
 .text._lseek_r
                0x08002a68       0x24 c:/mounriver/mounriver_studio2/resources/app/resources/win32/components/wch/toolchain/arm-none-eabi-gcc/bin/../lib/gcc/arm-none-eabi/9.3.1/../../../../arm-none-eabi/lib/thumb/v7-m/nofp\libg_nano.a(lib_a-lseekr.o)
                0x08002a68                _lseek_r
 .text.__swhatbuf_r
                0x08002a8c       0x48 c:/mounriver/mounriver_studio2/resources/app/resources/win32/components/wch/toolchain/arm-none-eabi-gcc/bin/../lib/gcc/arm-none-eabi/9.3.1/../../../../arm-none-eabi/lib/thumb/v7-m/nofp\libg_nano.a(lib_a-makebuf.o)
                0x08002a8c                __swhatbuf_r
 .text.__smakebuf_r
                0x08002ad4       0x80 c:/mounriver/mounriver_studio2/resources/app/resources/win32/components/wch/toolchain/arm-none-eabi-gcc/bin/../lib/gcc/arm-none-eabi/9.3.1/../../../../arm-none-eabi/lib/thumb/v7-m/nofp\libg_nano.a(lib_a-makebuf.o)
                0x08002ad4                __smakebuf_r
 .text._free_r  0x08002b54       0x98 c:/mounriver/mounriver_studio2/resources/app/resources/win32/components/wch/toolchain/arm-none-eabi-gcc/bin/../lib/gcc/arm-none-eabi/9.3.1/../../../../arm-none-eabi/lib/thumb/v7-m/nofp\libg_nano.a(lib_a-nano-freer.o)
                0x08002b54                _free_r
 .text._malloc_r
                0x08002bec       0xb4 c:/mounriver/mounriver_studio2/resources/app/resources/win32/components/wch/toolchain/arm-none-eabi-gcc/bin/../lib/gcc/arm-none-eabi/9.3.1/../../../../arm-none-eabi/lib/thumb/v7-m/nofp\libg_nano.a(lib_a-nano-mallocr.o)
                0x08002bec                _malloc_r
 .text.__ssputs_r
                0x08002ca0       0xb6 c:/mounriver/mounriver_studio2/resources/app/resources/win32/components/wch/toolchain/arm-none-eabi-gcc/bin/../lib/gcc/arm-none-eabi/9.3.1/../../../../arm-none-eabi/lib/thumb/v7-m/nofp\libg_nano.a(lib_a-nano-svfprintf.o)
                0x08002ca0                __ssputs_r
 *fill*         0x08002d56        0x2 
 .text._svfprintf_r
                0x08002d58      0x200 c:/mounriver/mounriver_studio2/resources/app/resources/win32/components/wch/toolchain/arm-none-eabi-gcc/bin/../lib/gcc/arm-none-eabi/9.3.1/../../../../arm-none-eabi/lib/thumb/v7-m/nofp\libg_nano.a(lib_a-nano-svfprintf.o)
                0x08002d58                _svfiprintf_r
                0x08002d58                _svfprintf_r
 .text._sungetc_r
                0x08002f58       0x7a c:/mounriver/mounriver_studio2/resources/app/resources/win32/components/wch/toolchain/arm-none-eabi-gcc/bin/../lib/gcc/arm-none-eabi/9.3.1/../../../../arm-none-eabi/lib/thumb/v7-m/nofp\libg_nano.a(lib_a-nano-svfscanf.o)
                0x08002f58                _sungetc_r
 .text.__ssrefill_r
                0x08002fd2       0x3a c:/mounriver/mounriver_studio2/resources/app/resources/win32/components/wch/toolchain/arm-none-eabi-gcc/bin/../lib/gcc/arm-none-eabi/9.3.1/../../../../arm-none-eabi/lib/thumb/v7-m/nofp\libg_nano.a(lib_a-nano-svfscanf.o)
                0x08002fd2                __ssrefill_r
 .text.__ssvfscanf_r
                0x0800300c      0x2f4 c:/mounriver/mounriver_studio2/resources/app/resources/win32/components/wch/toolchain/arm-none-eabi-gcc/bin/../lib/gcc/arm-none-eabi/9.3.1/../../../../arm-none-eabi/lib/thumb/v7-m/nofp\libg_nano.a(lib_a-nano-svfscanf.o)
                0x0800300c                __ssvfiscanf_r
                0x0800300c                __ssvfscanf_r
 .text.__sfputc_r
                0x08003300       0x2a c:/mounriver/mounriver_studio2/resources/app/resources/win32/components/wch/toolchain/arm-none-eabi-gcc/bin/../lib/gcc/arm-none-eabi/9.3.1/../../../../arm-none-eabi/lib/thumb/v7-m/nofp\libg_nano.a(lib_a-nano-vfprintf.o)
 .text.__sfputs_r
                0x0800332a       0x24 c:/mounriver/mounriver_studio2/resources/app/resources/win32/components/wch/toolchain/arm-none-eabi-gcc/bin/../lib/gcc/arm-none-eabi/9.3.1/../../../../arm-none-eabi/lib/thumb/v7-m/nofp\libg_nano.a(lib_a-nano-vfprintf.o)
                0x0800332a                __sfputs_r
 *fill*         0x0800334e        0x2 
 .text._vfprintf_r
                0x08003350      0x260 c:/mounriver/mounriver_studio2/resources/app/resources/win32/components/wch/toolchain/arm-none-eabi-gcc/bin/../lib/gcc/arm-none-eabi/9.3.1/../../../../arm-none-eabi/lib/thumb/v7-m/nofp\libg_nano.a(lib_a-nano-vfprintf.o)
                0x08003350                _vfprintf_r
                0x08003350                _vfiprintf_r
 .text._printf_common
                0x080035b0       0xde c:/mounriver/mounriver_studio2/resources/app/resources/win32/components/wch/toolchain/arm-none-eabi-gcc/bin/../lib/gcc/arm-none-eabi/9.3.1/../../../../arm-none-eabi/lib/thumb/v7-m/nofp\libg_nano.a(lib_a-nano-vfprintf_i.o)
                0x080035b0                _printf_common
 *fill*         0x0800368e        0x2 
 .text._printf_i
                0x08003690      0x24c c:/mounriver/mounriver_studio2/resources/app/resources/win32/components/wch/toolchain/arm-none-eabi-gcc/bin/../lib/gcc/arm-none-eabi/9.3.1/../../../../arm-none-eabi/lib/thumb/v7-m/nofp\libg_nano.a(lib_a-nano-vfprintf_i.o)
                0x08003690                _printf_i
 .text._scanf_chars
                0x080038dc       0xb0 c:/mounriver/mounriver_studio2/resources/app/resources/win32/components/wch/toolchain/arm-none-eabi-gcc/bin/../lib/gcc/arm-none-eabi/9.3.1/../../../../arm-none-eabi/lib/thumb/v7-m/nofp\libg_nano.a(lib_a-nano-vfscanf_i.o)
                0x080038dc                _scanf_chars
 .text._scanf_i
                0x0800398c      0x1e4 c:/mounriver/mounriver_studio2/resources/app/resources/win32/components/wch/toolchain/arm-none-eabi-gcc/bin/../lib/gcc/arm-none-eabi/9.3.1/../../../../arm-none-eabi/lib/thumb/v7-m/nofp\libg_nano.a(lib_a-nano-vfscanf_i.o)
                0x0800398c                _scanf_i
 .text._read_r  0x08003b70       0x24 c:/mounriver/mounriver_studio2/resources/app/resources/win32/components/wch/toolchain/arm-none-eabi-gcc/bin/../lib/gcc/arm-none-eabi/9.3.1/../../../../arm-none-eabi/lib/thumb/v7-m/nofp\libg_nano.a(lib_a-readr.o)
                0x08003b70                _read_r
 .text._sbrk_r  0x08003b94       0x20 c:/mounriver/mounriver_studio2/resources/app/resources/win32/components/wch/toolchain/arm-none-eabi-gcc/bin/../lib/gcc/arm-none-eabi/9.3.1/../../../../arm-none-eabi/lib/thumb/v7-m/nofp\libg_nano.a(lib_a-sbrkr.o)
                0x08003b94                _sbrk_r
 .text.__sccl   0x08003bb4       0x74 c:/mounriver/mounriver_studio2/resources/app/resources/win32/components/wch/toolchain/arm-none-eabi-gcc/bin/../lib/gcc/arm-none-eabi/9.3.1/../../../../arm-none-eabi/lib/thumb/v7-m/nofp\libg_nano.a(lib_a-sccl.o)
                0x08003bb4                __sccl
 .text._strtoul_l.isra.0
                0x08003c28       0xf8 c:/mounriver/mounriver_studio2/resources/app/resources/win32/components/wch/toolchain/arm-none-eabi-gcc/bin/../lib/gcc/arm-none-eabi/9.3.1/../../../../arm-none-eabi/lib/thumb/v7-m/nofp\libg_nano.a(lib_a-strtoul.o)
 .text._strtoul_r
                0x08003d20        0x4 c:/mounriver/mounriver_studio2/resources/app/resources/win32/components/wch/toolchain/arm-none-eabi-gcc/bin/../lib/gcc/arm-none-eabi/9.3.1/../../../../arm-none-eabi/lib/thumb/v7-m/nofp\libg_nano.a(lib_a-strtoul.o)
                0x08003d20                _strtoul_r
 .text.__submore
                0x08003d24       0x70 c:/mounriver/mounriver_studio2/resources/app/resources/win32/components/wch/toolchain/arm-none-eabi-gcc/bin/../lib/gcc/arm-none-eabi/9.3.1/../../../../arm-none-eabi/lib/thumb/v7-m/nofp\libg_nano.a(lib_a-ungetc.o)
                0x08003d24                __submore
 .text._fstat_r
                0x08003d94       0x24 c:/mounriver/mounriver_studio2/resources/app/resources/win32/components/wch/toolchain/arm-none-eabi-gcc/bin/../lib/gcc/arm-none-eabi/9.3.1/../../../../arm-none-eabi/lib/thumb/v7-m/nofp\libg_nano.a(lib_a-fstatr.o)
                0x08003d94                _fstat_r
 .text._isatty_r
                0x08003db8       0x20 c:/mounriver/mounriver_studio2/resources/app/resources/win32/components/wch/toolchain/arm-none-eabi-gcc/bin/../lib/gcc/arm-none-eabi/9.3.1/../../../../arm-none-eabi/lib/thumb/v7-m/nofp\libg_nano.a(lib_a-isattyr.o)
                0x08003db8                _isatty_r
 .text.memchr   0x08003dd8       0x1c c:/mounriver/mounriver_studio2/resources/app/resources/win32/components/wch/toolchain/arm-none-eabi-gcc/bin/../lib/gcc/arm-none-eabi/9.3.1/../../../../arm-none-eabi/lib/thumb/v7-m/nofp\libg_nano.a(lib_a-memchr-stub.o)
                0x08003dd8                memchr
 .text.memcpy   0x08003df4       0x1c c:/mounriver/mounriver_studio2/resources/app/resources/win32/components/wch/toolchain/arm-none-eabi-gcc/bin/../lib/gcc/arm-none-eabi/9.3.1/../../../../arm-none-eabi/lib/thumb/v7-m/nofp\libg_nano.a(lib_a-memcpy-stub.o)
                0x08003df4                memcpy
 .text.memmove  0x08003e10       0x34 c:/mounriver/mounriver_studio2/resources/app/resources/win32/components/wch/toolchain/arm-none-eabi-gcc/bin/../lib/gcc/arm-none-eabi/9.3.1/../../../../arm-none-eabi/lib/thumb/v7-m/nofp\libg_nano.a(lib_a-memmove.o)
                0x08003e10                memmove
 .text.__malloc_lock
                0x08003e44        0xc c:/mounriver/mounriver_studio2/resources/app/resources/win32/components/wch/toolchain/arm-none-eabi-gcc/bin/../lib/gcc/arm-none-eabi/9.3.1/../../../../arm-none-eabi/lib/thumb/v7-m/nofp\libg_nano.a(lib_a-mlock.o)
                0x08003e44                __malloc_lock
 .text.__malloc_unlock
                0x08003e50        0xc c:/mounriver/mounriver_studio2/resources/app/resources/win32/components/wch/toolchain/arm-none-eabi-gcc/bin/../lib/gcc/arm-none-eabi/9.3.1/../../../../arm-none-eabi/lib/thumb/v7-m/nofp\libg_nano.a(lib_a-mlock.o)
                0x08003e50                __malloc_unlock
 .text._realloc_r
                0x08003e5c       0x4c c:/mounriver/mounriver_studio2/resources/app/resources/win32/components/wch/toolchain/arm-none-eabi-gcc/bin/../lib/gcc/arm-none-eabi/9.3.1/../../../../arm-none-eabi/lib/thumb/v7-m/nofp\libg_nano.a(lib_a-nano-reallocr.o)
                0x08003e5c                _realloc_r
 .text._malloc_usable_size_r
                0x08003ea8       0x10 c:/mounriver/mounriver_studio2/resources/app/resources/win32/components/wch/toolchain/arm-none-eabi-gcc/bin/../lib/gcc/arm-none-eabi/9.3.1/../../../../arm-none-eabi/lib/thumb/v7-m/nofp\libg_nano.a(lib_a-nano-msizer.o)
                0x08003ea8                _malloc_usable_size_r
 .text._close   0x08003eb8       0x10 c:/mounriver/mounriver_studio2/resources/app/resources/win32/components/wch/toolchain/arm-none-eabi-gcc/bin/../lib/gcc/arm-none-eabi/9.3.1/../../../../arm-none-eabi/lib/thumb/v7-m/nofp\libnosys.a(close.o)
                0x08003eb8                _close
 .text._fstat   0x08003ec8       0x10 c:/mounriver/mounriver_studio2/resources/app/resources/win32/components/wch/toolchain/arm-none-eabi-gcc/bin/../lib/gcc/arm-none-eabi/9.3.1/../../../../arm-none-eabi/lib/thumb/v7-m/nofp\libnosys.a(fstat.o)
                0x08003ec8                _fstat
 .text._isatty  0x08003ed8       0x10 c:/mounriver/mounriver_studio2/resources/app/resources/win32/components/wch/toolchain/arm-none-eabi-gcc/bin/../lib/gcc/arm-none-eabi/9.3.1/../../../../arm-none-eabi/lib/thumb/v7-m/nofp\libnosys.a(isatty.o)
                0x08003ed8                _isatty
 .text._lseek   0x08003ee8       0x10 c:/mounriver/mounriver_studio2/resources/app/resources/win32/components/wch/toolchain/arm-none-eabi-gcc/bin/../lib/gcc/arm-none-eabi/9.3.1/../../../../arm-none-eabi/lib/thumb/v7-m/nofp\libnosys.a(lseek.o)
                0x08003ee8                _lseek
 .text._read    0x08003ef8       0x10 c:/mounriver/mounriver_studio2/resources/app/resources/win32/components/wch/toolchain/arm-none-eabi-gcc/bin/../lib/gcc/arm-none-eabi/9.3.1/../../../../arm-none-eabi/lib/thumb/v7-m/nofp\libnosys.a(read.o)
                0x08003ef8                _read
 .text._sbrk    0x08003f08       0x1c c:/mounriver/mounriver_studio2/resources/app/resources/win32/components/wch/toolchain/arm-none-eabi-gcc/bin/../lib/gcc/arm-none-eabi/9.3.1/../../../../arm-none-eabi/lib/thumb/v7-m/nofp\libnosys.a(sbrk.o)
                0x08003f08                _sbrk
 *(.rodata)
 .rodata        0x08003f24        0xc c:/mounriver/mounriver_studio2/resources/app/resources/win32/components/wch/toolchain/arm-none-eabi-gcc/bin/../lib/gcc/arm-none-eabi/9.3.1/../../../../arm-none-eabi/lib/thumb/v7-m/nofp\libg_nano.a(lib_a-nano-vfscanf_i.o)
 *(.rodata*)
 .rodata.I2C1_Init.str1.1
                0x08003f30       0x20 ./User/Main.o
 .rodata.Read_Ambient_Light.str1.1
                0x08003f50       0x2c ./User/Main.o
 .rodata.Parse_ESP8266_Cmd.str1.1
                0x08003f7c       0x5e ./User/Main.o
 .rodata.UART1_Send_Status.str1.1
                0x08003fda       0x7d ./User/Main.o
 .rodata.main.str1.1
                0x08004057      0x2f2 ./User/Main.o
 .rodata._ctype_
                0x08004349      0x101 c:/mounriver/mounriver_studio2/resources/app/resources/win32/components/wch/toolchain/arm-none-eabi-gcc/bin/../lib/gcc/arm-none-eabi/9.3.1/../../../../arm-none-eabi/lib/thumb/v7-m/nofp\libg_nano.a(lib_a-ctype_.o)
                0x08004349                _ctype_
 *fill*         0x0800444a        0x2 
 .rodata.__sf_fake_stderr
                0x0800444c       0x20 c:/mounriver/mounriver_studio2/resources/app/resources/win32/components/wch/toolchain/arm-none-eabi-gcc/bin/../lib/gcc/arm-none-eabi/9.3.1/../../../../arm-none-eabi/lib/thumb/v7-m/nofp\libg_nano.a(lib_a-findfp.o)
                0x0800444c                __sf_fake_stderr
 .rodata.__sf_fake_stdin
                0x0800446c       0x20 c:/mounriver/mounriver_studio2/resources/app/resources/win32/components/wch/toolchain/arm-none-eabi-gcc/bin/../lib/gcc/arm-none-eabi/9.3.1/../../../../arm-none-eabi/lib/thumb/v7-m/nofp\libg_nano.a(lib_a-findfp.o)
                0x0800446c                __sf_fake_stdin
 .rodata.__sf_fake_stdout
                0x0800448c       0x20 c:/mounriver/mounriver_studio2/resources/app/resources/win32/components/wch/toolchain/arm-none-eabi-gcc/bin/../lib/gcc/arm-none-eabi/9.3.1/../../../../arm-none-eabi/lib/thumb/v7-m/nofp\libg_nano.a(lib_a-findfp.o)
                0x0800448c                __sf_fake_stdout
 .rodata._global_impure_ptr
                0x080044ac        0x4 c:/mounriver/mounriver_studio2/resources/app/resources/win32/components/wch/toolchain/arm-none-eabi-gcc/bin/../lib/gcc/arm-none-eabi/9.3.1/../../../../arm-none-eabi/lib/thumb/v7-m/nofp\libg_nano.a(lib_a-impure.o)
                0x080044ac                _global_impure_ptr
 .rodata._svfprintf_r.str1.1
                0x080044b0       0x11 c:/mounriver/mounriver_studio2/resources/app/resources/win32/components/wch/toolchain/arm-none-eabi-gcc/bin/../lib/gcc/arm-none-eabi/9.3.1/../../../../arm-none-eabi/lib/thumb/v7-m/nofp\libg_nano.a(lib_a-nano-svfprintf.o)
 .rodata.__ssvfscanf_r.str1.1
                0x080044c1        0x4 c:/mounriver/mounriver_studio2/resources/app/resources/win32/components/wch/toolchain/arm-none-eabi-gcc/bin/../lib/gcc/arm-none-eabi/9.3.1/../../../../arm-none-eabi/lib/thumb/v7-m/nofp\libg_nano.a(lib_a-nano-svfscanf.o)
 .rodata._vfprintf_r.str1.1
                0x080044c1       0x11 c:/mounriver/mounriver_studio2/resources/app/resources/win32/components/wch/toolchain/arm-none-eabi-gcc/bin/../lib/gcc/arm-none-eabi/9.3.1/../../../../arm-none-eabi/lib/thumb/v7-m/nofp\libg_nano.a(lib_a-nano-vfprintf.o)
 .rodata._printf_i.str1.1
                0x080044c1       0x22 c:/mounriver/mounriver_studio2/resources/app/resources/win32/components/wch/toolchain/arm-none-eabi-gcc/bin/../lib/gcc/arm-none-eabi/9.3.1/../../../../arm-none-eabi/lib/thumb/v7-m/nofp\libg_nano.a(lib_a-nano-vfprintf_i.o)
 .rodata.str1.1
                0x080044e3        0x9 c:/mounriver/mounriver_studio2/resources/app/resources/win32/components/wch/toolchain/arm-none-eabi-gcc/bin/../lib/gcc/arm-none-eabi/9.3.1/../../../../arm-none-eabi/lib/thumb/v7-m/nofp\libg_nano.a(lib_a-nano-vfscanf_i.o)
 .rodata._scanf_i.str1.1
                0x080044ec       0x12 c:/mounriver/mounriver_studio2/resources/app/resources/win32/components/wch/toolchain/arm-none-eabi-gcc/bin/../lib/gcc/arm-none-eabi/9.3.1/../../../../arm-none-eabi/lib/thumb/v7-m/nofp\libg_nano.a(lib_a-nano-vfscanf_i.o)
 *(.glue_7)
 .glue_7        0x080044fe        0x0 linker stubs
 *(.glue_7t)
 .glue_7t       0x080044fe        0x0 linker stubs
 *(.eh_frame)
 *(.init)
 *(.fini)
                0x08004500                . = ALIGN (0x4)
 *fill*         0x080044fe        0x2 
                0x08004500                _etext = .

.vfp11_veneer   0x08004500        0x0
 .vfp11_veneer  0x08004500        0x0 linker stubs

.v4_bx          0x08004500        0x0
 .v4_bx         0x08004500        0x0 linker stubs

.iplt           0x08004500        0x0
 .iplt          0x08004500        0x0 ./User/Main.o

.rel.dyn        0x08004500        0x0
 .rel.iplt      0x08004500        0x0 ./User/Main.o

.ARM.extab
 *(.ARM.extab* .gnu.linkonce.armextab.*)

.ARM            0x08004500        0x0
                0x08004500                __exidx_start = .
 *(.ARM.exidx*)
                0x08004500                __exidx_end = .

.preinit_array  0x08004500        0x0
                [!provide]                PROVIDE (__preinit_array_start = .)
 *(.preinit_array*)
                [!provide]                PROVIDE (__preinit_array_end = .)

.init_array     0x08004500        0x0
                [!provide]                PROVIDE (__init_array_start = .)
 *(SORT_BY_NAME(.init_array.*))
 *(.init_array*)
                [!provide]                PROVIDE (__init_array_end = .)

.fini_array     0x08004500        0x0
                [!provide]                PROVIDE (__fini_array_start = .)
 *(.fini_array*)
 *(SORT_BY_NAME(.fini_array.*))
                [!provide]                PROVIDE (__fini_array_end = .)
                0x08004500                _sidata = .

.data           0x20000000       0x98 load address 0x08004500
                0x20000000                . = ALIGN (0x4)
                0x20000000                _sdata = .
 *(.data)
 *(.data*)
 .data.g_bh1750_addr
                0x20000000        0x1 ./User/Main.o
 .data.g_white_soft_duty
                0x20000001        0x1 ./User/Main.o
                0x20000001                g_white_soft_duty
 .data.warm_duty
                0x20000002        0x1 ./User/Main.o
                0x20000002                warm_duty
 .data.warm_last_duty
                0x20000003        0x1 ./User/Main.o
                0x20000003                warm_last_duty
 .data.warm_switch
                0x20000004        0x1 ./User/Main.o
                0x20000004                warm_switch
 .data.warm_touch_dir
                0x20000005        0x1 ./User/Main.o
                0x20000005                warm_touch_dir
 .data.white_duty
                0x20000006        0x1 ./User/Main.o
                0x20000006                white_duty
 .data.white_last_duty
                0x20000007        0x1 ./User/Main.o
                0x20000007                white_last_duty
 .data.white_switch
                0x20000008        0x1 ./User/Main.o
                0x20000008                white_switch
 .data.white_touch_dir
                0x20000009        0x1 ./User/Main.o
                0x20000009                white_touch_dir
 .data.AHBPrescTable
                0x2000000a       0x10 ./User/system_ch32f10x.o
                0x2000000a                AHBPrescTable
 *fill*         0x2000001a        0x2 
 .data.SystemCoreClock
                0x2000001c        0x4 ./User/system_ch32f10x.o
                0x2000001c                SystemCoreClock
 .data.ADCPrescTable
                0x20000020        0x4 ./Peripheral/src/ch32f10x_rcc.o
 .data.APBAHBPrescTable
                0x20000024       0x10 ./Peripheral/src/ch32f10x_rcc.o
 .data._impure_ptr
                0x20000034        0x4 c:/mounriver/mounriver_studio2/resources/app/resources/win32/components/wch/toolchain/arm-none-eabi-gcc/bin/../lib/gcc/arm-none-eabi/9.3.1/../../../../arm-none-eabi/lib/thumb/v7-m/nofp\libg_nano.a(lib_a-impure.o)
                0x20000034                _impure_ptr
 .data.impure_data
                0x20000038       0x60 c:/mounriver/mounriver_studio2/resources/app/resources/win32/components/wch/toolchain/arm-none-eabi-gcc/bin/../lib/gcc/arm-none-eabi/9.3.1/../../../../arm-none-eabi/lib/thumb/v7-m/nofp\libg_nano.a(lib_a-impure.o)
                0x20000098                . = ALIGN (0x4)
                0x20000098                _edata = .

.igot.plt       0x20000098        0x0 load address 0x08004598
 .igot.plt      0x20000098        0x0 ./User/Main.o
                0x20000098                . = ALIGN (0x4)

.bss            0x20000098      0x258 load address 0x08004598
                0x20000098                _sbss = .
                0x20000098                __bss_start__ = _sbss
 *(.bss)
 *(.bss*)
 .bss.ambient_light
                0x20000098        0x2 ./User/Main.o
                0x20000098                ambient_light
 .bss.auto_light_enable
                0x2000009a        0x1 ./User/Main.o
                0x2000009a                auto_light_enable
 *fill*         0x2000009b        0x1 
 .bss.auto_light_tick
                0x2000009c        0x4 ./User/Main.o
                0x2000009c                auto_light_tick
 .bss.buf_idx.8052
                0x200000a0        0x1 ./User/Main.o
 .bss.cmd_buf.8051
                0x200000a1      0x100 ./User/Main.o
 *fill*         0x200001a1        0x3 
 .bss.g_systick_counter
                0x200001a4        0x4 ./User/Main.o
                0x200001a4                g_systick_counter
 .bss.last_adjust_tick.7998
                0x200001a8        0x4 ./User/Main.o
 .bss.last_white_adjust_tick.8006
                0x200001ac        0x4 ./User/Main.o
 .bss.touch_warm_flag
                0x200001b0        0x1 ./User/Main.o
                0x200001b0                touch_warm_flag
 .bss.touch_white_flag
                0x200001b1        0x1 ./User/Main.o
                0x200001b1                touch_white_flag
 *fill*         0x200001b2        0x2 
 .bss.uart1_last_rx_tick
                0x200001b4        0x4 ./User/Main.o
                0x200001b4                uart1_last_rx_tick
 .bss.uart1_rx_buf
                0x200001b8      0x100 ./User/Main.o
 .bss.uart1_rx_head
                0x200002b8        0x2 ./User/Main.o
 .bss.uart1_rx_tail
                0x200002ba        0x2 ./User/Main.o
 .bss.warm_flipped_once.7994
                0x200002bc        0x1 ./User/Main.o
 *fill*         0x200002bd        0x3 
 .bss.warm_touch_tick
                0x200002c0        0x4 ./User/Main.o
                0x200002c0                warm_touch_tick
 .bss.white_flipped_once.8002
                0x200002c4        0x1 ./User/Main.o
 *fill*         0x200002c5        0x3 
 .bss.white_touch_tick
                0x200002c8        0x4 ./User/Main.o
                0x200002c8                white_touch_tick
 .bss.TimingDelay
                0x200002cc        0x4 ./User/ch32f10x_it.o
 .bss.p_ms      0x200002d0        0x2 ./Debug/debug.o
 .bss.p_us      0x200002d2        0x1 ./Debug/debug.o
 *fill*         0x200002d3        0x1 
 .bss.__malloc_free_list
                0x200002d4        0x4 c:/mounriver/mounriver_studio2/resources/app/resources/win32/components/wch/toolchain/arm-none-eabi-gcc/bin/../lib/gcc/arm-none-eabi/9.3.1/../../../../arm-none-eabi/lib/thumb/v7-m/nofp\libg_nano.a(lib_a-nano-mallocr.o)
                0x200002d4                __malloc_free_list
 .bss.__malloc_sbrk_start
                0x200002d8        0x4 c:/mounriver/mounriver_studio2/resources/app/resources/win32/components/wch/toolchain/arm-none-eabi-gcc/bin/../lib/gcc/arm-none-eabi/9.3.1/../../../../arm-none-eabi/lib/thumb/v7-m/nofp\libg_nano.a(lib_a-nano-mallocr.o)
                0x200002d8                __malloc_sbrk_start
 .bss.heap_end.4144
                0x200002dc        0x4 c:/mounriver/mounriver_studio2/resources/app/resources/win32/components/wch/toolchain/arm-none-eabi-gcc/bin/../lib/gcc/arm-none-eabi/9.3.1/../../../../arm-none-eabi/lib/thumb/v7-m/nofp\libnosys.a(sbrk.o)
 *(COMMON)
 COMMON         0x200002e0        0x9 c:/mounriver/mounriver_studio2/resources/app/resources/win32/components/wch/toolchain/arm-none-eabi-gcc/bin/../lib/gcc/arm-none-eabi/9.3.1/../../../../arm-none-eabi/lib/thumb/v7-m/nofp\libg_nano.a(lib_a-lock.o)
                0x200002e0                __lock___atexit_recursive_mutex
                0x200002e1                __lock___arc4random_mutex
                0x200002e2                __lock___env_recursive_mutex
                0x200002e3                __lock___sinit_recursive_mutex
                0x200002e4                __lock___malloc_recursive_mutex
                0x200002e5                __lock___at_quick_exit_mutex
                0x200002e6                __lock___dd_hash_mutex
                0x200002e7                __lock___tz_mutex
                0x200002e8                __lock___sfp_recursive_mutex
 *fill*         0x200002e9        0x3 
 COMMON         0x200002ec        0x4 c:/mounriver/mounriver_studio2/resources/app/resources/win32/components/wch/toolchain/arm-none-eabi-gcc/bin/../lib/gcc/arm-none-eabi/9.3.1/../../../../arm-none-eabi/lib/thumb/v7-m/nofp\libg_nano.a(lib_a-reent.o)
                0x200002ec                errno
                0x200002f0                . = ALIGN (0x4)
                0x200002f0                _ebss = .
                0x200002f0                __bss_end__ = _ebss
                0x200002f0                PROVIDE (end = _ebss)
                [!provide]                PROVIDE (_end = _ebss)

._user_heap_stack
                0x200002f0      0x600 load address 0x080047f0
                0x200002f0                . = ALIGN (0x4)
                0x200004f0                . = (. + _Min_Heap_Size)
 *fill*         0x200002f0      0x200 
                0x200008f0                . = (. + _Min_Stack_Size)
 *fill*         0x200004f0      0x400 
                0x200008f0                . = ALIGN (0x4)

/DISCARD/
 libc.a(*)
 libm.a(*)
 libgcc.a(*)

.ARM.attributes
                0x00000000       0x2b
 *(.ARM.attributes)
 .ARM.attributes
                0x00000000       0x2d ./User/Main.o
 .ARM.attributes
                0x0000002d       0x2d ./User/ch32f10x_it.o
 .ARM.attributes
                0x0000005a       0x2d ./User/system_ch32f10x.o
 .ARM.attributes
                0x00000087       0x21 ./Startup/startup_ch32f10x.o
 .ARM.attributes
                0x000000a8       0x2d ./Peripheral/src/ch32f10x_gpio.o
 .ARM.attributes
                0x000000d5       0x2d ./Peripheral/src/ch32f10x_misc.o
 .ARM.attributes
                0x00000102       0x2d ./Peripheral/src/ch32f10x_rcc.o
 .ARM.attributes
                0x0000012f       0x2d ./Peripheral/src/ch32f10x_tim.o
 .ARM.attributes
                0x0000015c       0x2d ./Peripheral/src/ch32f10x_usart.o
 .ARM.attributes
                0x00000189       0x2d ./Debug/debug.o
 .ARM.attributes
                0x000001b6       0x1d c:/mounriver/mounriver_studio2/resources/app/resources/win32/components/wch/toolchain/arm-none-eabi-gcc/bin/../lib/gcc/arm-none-eabi/9.3.1/thumb/v7-m/nofp\libgcc.a(_arm_addsubdf3.o)
 .ARM.attributes
                0x000001d3       0x1d c:/mounriver/mounriver_studio2/resources/app/resources/win32/components/wch/toolchain/arm-none-eabi-gcc/bin/../lib/gcc/arm-none-eabi/9.3.1/thumb/v7-m/nofp\libgcc.a(_arm_muldivdf3.o)
 .ARM.attributes
                0x000001f0       0x1d c:/mounriver/mounriver_studio2/resources/app/resources/win32/components/wch/toolchain/arm-none-eabi-gcc/bin/../lib/gcc/arm-none-eabi/9.3.1/thumb/v7-m/nofp\libgcc.a(_arm_fixunsdfsi.o)
 .ARM.attributes
                0x0000020d       0x2d c:/mounriver/mounriver_studio2/resources/app/resources/win32/components/wch/toolchain/arm-none-eabi-gcc/bin/../lib/gcc/arm-none-eabi/9.3.1/../../../../arm-none-eabi/lib/thumb/v7-m/nofp\libg_nano.a(lib_a-atoi.o)
 .ARM.attributes
                0x0000023a       0x2d c:/mounriver/mounriver_studio2/resources/app/resources/win32/components/wch/toolchain/arm-none-eabi-gcc/bin/../lib/gcc/arm-none-eabi/9.3.1/../../../../arm-none-eabi/lib/thumb/v7-m/nofp\libg_nano.a(lib_a-memset.o)
 .ARM.attributes
                0x00000267       0x2d c:/mounriver/mounriver_studio2/resources/app/resources/win32/components/wch/toolchain/arm-none-eabi-gcc/bin/../lib/gcc/arm-none-eabi/9.3.1/../../../../arm-none-eabi/lib/thumb/v7-m/nofp\libg_nano.a(lib_a-printf.o)
 .ARM.attributes
                0x00000294       0x2d c:/mounriver/mounriver_studio2/resources/app/resources/win32/components/wch/toolchain/arm-none-eabi-gcc/bin/../lib/gcc/arm-none-eabi/9.3.1/../../../../arm-none-eabi/lib/thumb/v7-m/nofp\libg_nano.a(lib_a-puts.o)
 .ARM.attributes
                0x000002c1       0x2d c:/mounriver/mounriver_studio2/resources/app/resources/win32/components/wch/toolchain/arm-none-eabi-gcc/bin/../lib/gcc/arm-none-eabi/9.3.1/../../../../arm-none-eabi/lib/thumb/v7-m/nofp\libg_nano.a(lib_a-sprintf.o)
 .ARM.attributes
                0x000002ee       0x2d c:/mounriver/mounriver_studio2/resources/app/resources/win32/components/wch/toolchain/arm-none-eabi-gcc/bin/../lib/gcc/arm-none-eabi/9.3.1/../../../../arm-none-eabi/lib/thumb/v7-m/nofp\libg_nano.a(lib_a-sscanf.o)
 .ARM.attributes
                0x0000031b       0x2d c:/mounriver/mounriver_studio2/resources/app/resources/win32/components/wch/toolchain/arm-none-eabi-gcc/bin/../lib/gcc/arm-none-eabi/9.3.1/../../../../arm-none-eabi/lib/thumb/v7-m/nofp\libg_nano.a(lib_a-stdio.o)
 .ARM.attributes
                0x00000348       0x17 c:/mounriver/mounriver_studio2/resources/app/resources/win32/components/wch/toolchain/arm-none-eabi-gcc/bin/../lib/gcc/arm-none-eabi/9.3.1/../../../../arm-none-eabi/lib/thumb/v7-m/nofp\libg_nano.a(lib_a-strlen.o)
 .ARM.attributes
                0x0000035f       0x2d c:/mounriver/mounriver_studio2/resources/app/resources/win32/components/wch/toolchain/arm-none-eabi-gcc/bin/../lib/gcc/arm-none-eabi/9.3.1/../../../../arm-none-eabi/lib/thumb/v7-m/nofp\libg_nano.a(lib_a-strncmp.o)
 .ARM.attributes
                0x0000038c       0x2d c:/mounriver/mounriver_studio2/resources/app/resources/win32/components/wch/toolchain/arm-none-eabi-gcc/bin/../lib/gcc/arm-none-eabi/9.3.1/../../../../arm-none-eabi/lib/thumb/v7-m/nofp\libg_nano.a(lib_a-strstr.o)
 .ARM.attributes
                0x000003b9       0x2d c:/mounriver/mounriver_studio2/resources/app/resources/win32/components/wch/toolchain/arm-none-eabi-gcc/bin/../lib/gcc/arm-none-eabi/9.3.1/../../../../arm-none-eabi/lib/thumb/v7-m/nofp\libg_nano.a(lib_a-strtol.o)
 .ARM.attributes
                0x000003e6       0x2d c:/mounriver/mounriver_studio2/resources/app/resources/win32/components/wch/toolchain/arm-none-eabi-gcc/bin/../lib/gcc/arm-none-eabi/9.3.1/../../../../arm-none-eabi/lib/thumb/v7-m/nofp\libg_nano.a(lib_a-wbuf.o)
 .ARM.attributes
                0x00000413       0x2d c:/mounriver/mounriver_studio2/resources/app/resources/win32/components/wch/toolchain/arm-none-eabi-gcc/bin/../lib/gcc/arm-none-eabi/9.3.1/../../../../arm-none-eabi/lib/thumb/v7-m/nofp\libg_nano.a(lib_a-writer.o)
 .ARM.attributes
                0x00000440       0x2d c:/mounriver/mounriver_studio2/resources/app/resources/win32/components/wch/toolchain/arm-none-eabi-gcc/bin/../lib/gcc/arm-none-eabi/9.3.1/../../../../arm-none-eabi/lib/thumb/v7-m/nofp\libg_nano.a(lib_a-wsetup.o)
 .ARM.attributes
                0x0000046d       0x2d c:/mounriver/mounriver_studio2/resources/app/resources/win32/components/wch/toolchain/arm-none-eabi-gcc/bin/../lib/gcc/arm-none-eabi/9.3.1/../../../../arm-none-eabi/lib/thumb/v7-m/nofp\libg_nano.a(lib_a-closer.o)
 .ARM.attributes
                0x0000049a       0x2d c:/mounriver/mounriver_studio2/resources/app/resources/win32/components/wch/toolchain/arm-none-eabi-gcc/bin/../lib/gcc/arm-none-eabi/9.3.1/../../../../arm-none-eabi/lib/thumb/v7-m/nofp\libg_nano.a(lib_a-ctype_.o)
 .ARM.attributes
                0x000004c7       0x2d c:/mounriver/mounriver_studio2/resources/app/resources/win32/components/wch/toolchain/arm-none-eabi-gcc/bin/../lib/gcc/arm-none-eabi/9.3.1/../../../../arm-none-eabi/lib/thumb/v7-m/nofp\libg_nano.a(lib_a-errno.o)
 .ARM.attributes
                0x000004f4       0x2d c:/mounriver/mounriver_studio2/resources/app/resources/win32/components/wch/toolchain/arm-none-eabi-gcc/bin/../lib/gcc/arm-none-eabi/9.3.1/../../../../arm-none-eabi/lib/thumb/v7-m/nofp\libg_nano.a(lib_a-fflush.o)
 .ARM.attributes
                0x00000521       0x2d c:/mounriver/mounriver_studio2/resources/app/resources/win32/components/wch/toolchain/arm-none-eabi-gcc/bin/../lib/gcc/arm-none-eabi/9.3.1/../../../../arm-none-eabi/lib/thumb/v7-m/nofp\libg_nano.a(lib_a-findfp.o)
 .ARM.attributes
                0x0000054e       0x2d c:/mounriver/mounriver_studio2/resources/app/resources/win32/components/wch/toolchain/arm-none-eabi-gcc/bin/../lib/gcc/arm-none-eabi/9.3.1/../../../../arm-none-eabi/lib/thumb/v7-m/nofp\libg_nano.a(lib_a-fwalk.o)
 .ARM.attributes
                0x0000057b       0x2d c:/mounriver/mounriver_studio2/resources/app/resources/win32/components/wch/toolchain/arm-none-eabi-gcc/bin/../lib/gcc/arm-none-eabi/9.3.1/../../../../arm-none-eabi/lib/thumb/v7-m/nofp\libg_nano.a(lib_a-impure.o)
 .ARM.attributes
                0x000005a8       0x2d c:/mounriver/mounriver_studio2/resources/app/resources/win32/components/wch/toolchain/arm-none-eabi-gcc/bin/../lib/gcc/arm-none-eabi/9.3.1/../../../../arm-none-eabi/lib/thumb/v7-m/nofp\libg_nano.a(lib_a-lock.o)
 .ARM.attributes
                0x000005d5       0x2d c:/mounriver/mounriver_studio2/resources/app/resources/win32/components/wch/toolchain/arm-none-eabi-gcc/bin/../lib/gcc/arm-none-eabi/9.3.1/../../../../arm-none-eabi/lib/thumb/v7-m/nofp\libg_nano.a(lib_a-lseekr.o)
 .ARM.attributes
                0x00000602       0x2d c:/mounriver/mounriver_studio2/resources/app/resources/win32/components/wch/toolchain/arm-none-eabi-gcc/bin/../lib/gcc/arm-none-eabi/9.3.1/../../../../arm-none-eabi/lib/thumb/v7-m/nofp\libg_nano.a(lib_a-makebuf.o)
 .ARM.attributes
                0x0000062f       0x2d c:/mounriver/mounriver_studio2/resources/app/resources/win32/components/wch/toolchain/arm-none-eabi-gcc/bin/../lib/gcc/arm-none-eabi/9.3.1/../../../../arm-none-eabi/lib/thumb/v7-m/nofp\libg_nano.a(lib_a-nano-freer.o)
 .ARM.attributes
                0x0000065c       0x2d c:/mounriver/mounriver_studio2/resources/app/resources/win32/components/wch/toolchain/arm-none-eabi-gcc/bin/../lib/gcc/arm-none-eabi/9.3.1/../../../../arm-none-eabi/lib/thumb/v7-m/nofp\libg_nano.a(lib_a-nano-mallocr.o)
 .ARM.attributes
                0x00000689       0x2d c:/mounriver/mounriver_studio2/resources/app/resources/win32/components/wch/toolchain/arm-none-eabi-gcc/bin/../lib/gcc/arm-none-eabi/9.3.1/../../../../arm-none-eabi/lib/thumb/v7-m/nofp\libg_nano.a(lib_a-nano-svfprintf.o)
 .ARM.attributes
                0x000006b6       0x2d c:/mounriver/mounriver_studio2/resources/app/resources/win32/components/wch/toolchain/arm-none-eabi-gcc/bin/../lib/gcc/arm-none-eabi/9.3.1/../../../../arm-none-eabi/lib/thumb/v7-m/nofp\libg_nano.a(lib_a-nano-svfscanf.o)
 .ARM.attributes
                0x000006e3       0x2d c:/mounriver/mounriver_studio2/resources/app/resources/win32/components/wch/toolchain/arm-none-eabi-gcc/bin/../lib/gcc/arm-none-eabi/9.3.1/../../../../arm-none-eabi/lib/thumb/v7-m/nofp\libg_nano.a(lib_a-nano-vfprintf.o)
 .ARM.attributes
                0x00000710       0x2d c:/mounriver/mounriver_studio2/resources/app/resources/win32/components/wch/toolchain/arm-none-eabi-gcc/bin/../lib/gcc/arm-none-eabi/9.3.1/../../../../arm-none-eabi/lib/thumb/v7-m/nofp\libg_nano.a(lib_a-nano-vfprintf_i.o)
 .ARM.attributes
                0x0000073d       0x2d c:/mounriver/mounriver_studio2/resources/app/resources/win32/components/wch/toolchain/arm-none-eabi-gcc/bin/../lib/gcc/arm-none-eabi/9.3.1/../../../../arm-none-eabi/lib/thumb/v7-m/nofp\libg_nano.a(lib_a-nano-vfscanf_i.o)
 .ARM.attributes
                0x0000076a       0x2d c:/mounriver/mounriver_studio2/resources/app/resources/win32/components/wch/toolchain/arm-none-eabi-gcc/bin/../lib/gcc/arm-none-eabi/9.3.1/../../../../arm-none-eabi/lib/thumb/v7-m/nofp\libg_nano.a(lib_a-readr.o)
 .ARM.attributes
                0x00000797       0x2d c:/mounriver/mounriver_studio2/resources/app/resources/win32/components/wch/toolchain/arm-none-eabi-gcc/bin/../lib/gcc/arm-none-eabi/9.3.1/../../../../arm-none-eabi/lib/thumb/v7-m/nofp\libg_nano.a(lib_a-reent.o)
 .ARM.attributes
                0x000007c4       0x2d c:/mounriver/mounriver_studio2/resources/app/resources/win32/components/wch/toolchain/arm-none-eabi-gcc/bin/../lib/gcc/arm-none-eabi/9.3.1/../../../../arm-none-eabi/lib/thumb/v7-m/nofp\libg_nano.a(lib_a-sbrkr.o)
 .ARM.attributes
                0x000007f1       0x2d c:/mounriver/mounriver_studio2/resources/app/resources/win32/components/wch/toolchain/arm-none-eabi-gcc/bin/../lib/gcc/arm-none-eabi/9.3.1/../../../../arm-none-eabi/lib/thumb/v7-m/nofp\libg_nano.a(lib_a-sccl.o)
 .ARM.attributes
                0x0000081e       0x2d c:/mounriver/mounriver_studio2/resources/app/resources/win32/components/wch/toolchain/arm-none-eabi-gcc/bin/../lib/gcc/arm-none-eabi/9.3.1/../../../../arm-none-eabi/lib/thumb/v7-m/nofp\libg_nano.a(lib_a-strtoul.o)
 .ARM.attributes
                0x0000084b       0x2d c:/mounriver/mounriver_studio2/resources/app/resources/win32/components/wch/toolchain/arm-none-eabi-gcc/bin/../lib/gcc/arm-none-eabi/9.3.1/../../../../arm-none-eabi/lib/thumb/v7-m/nofp\libg_nano.a(lib_a-ungetc.o)
 .ARM.attributes
                0x00000878       0x2d c:/mounriver/mounriver_studio2/resources/app/resources/win32/components/wch/toolchain/arm-none-eabi-gcc/bin/../lib/gcc/arm-none-eabi/9.3.1/../../../../arm-none-eabi/lib/thumb/v7-m/nofp\libg_nano.a(lib_a-fstatr.o)
 .ARM.attributes
                0x000008a5       0x2d c:/mounriver/mounriver_studio2/resources/app/resources/win32/components/wch/toolchain/arm-none-eabi-gcc/bin/../lib/gcc/arm-none-eabi/9.3.1/../../../../arm-none-eabi/lib/thumb/v7-m/nofp\libg_nano.a(lib_a-isattyr.o)
 .ARM.attributes
                0x000008d2       0x2d c:/mounriver/mounriver_studio2/resources/app/resources/win32/components/wch/toolchain/arm-none-eabi-gcc/bin/../lib/gcc/arm-none-eabi/9.3.1/../../../../arm-none-eabi/lib/thumb/v7-m/nofp\libg_nano.a(lib_a-memchr-stub.o)
 .ARM.attributes
                0x000008ff       0x2d c:/mounriver/mounriver_studio2/resources/app/resources/win32/components/wch/toolchain/arm-none-eabi-gcc/bin/../lib/gcc/arm-none-eabi/9.3.1/../../../../arm-none-eabi/lib/thumb/v7-m/nofp\libg_nano.a(lib_a-memcpy-stub.o)
 .ARM.attributes
                0x0000092c       0x2d c:/mounriver/mounriver_studio2/resources/app/resources/win32/components/wch/toolchain/arm-none-eabi-gcc/bin/../lib/gcc/arm-none-eabi/9.3.1/../../../../arm-none-eabi/lib/thumb/v7-m/nofp\libg_nano.a(lib_a-memmove.o)
 .ARM.attributes
                0x00000959       0x2d c:/mounriver/mounriver_studio2/resources/app/resources/win32/components/wch/toolchain/arm-none-eabi-gcc/bin/../lib/gcc/arm-none-eabi/9.3.1/../../../../arm-none-eabi/lib/thumb/v7-m/nofp\libg_nano.a(lib_a-mlock.o)
 .ARM.attributes
                0x00000986       0x2d c:/mounriver/mounriver_studio2/resources/app/resources/win32/components/wch/toolchain/arm-none-eabi-gcc/bin/../lib/gcc/arm-none-eabi/9.3.1/../../../../arm-none-eabi/lib/thumb/v7-m/nofp\libg_nano.a(lib_a-nano-reallocr.o)
 .ARM.attributes
                0x000009b3       0x2d c:/mounriver/mounriver_studio2/resources/app/resources/win32/components/wch/toolchain/arm-none-eabi-gcc/bin/../lib/gcc/arm-none-eabi/9.3.1/../../../../arm-none-eabi/lib/thumb/v7-m/nofp\libg_nano.a(lib_a-nano-msizer.o)
 .ARM.attributes
                0x000009e0       0x2d c:/mounriver/mounriver_studio2/resources/app/resources/win32/components/wch/toolchain/arm-none-eabi-gcc/bin/../lib/gcc/arm-none-eabi/9.3.1/../../../../arm-none-eabi/lib/thumb/v7-m/nofp\libnosys.a(close.o)
 .ARM.attributes
                0x00000a0d       0x2d c:/mounriver/mounriver_studio2/resources/app/resources/win32/components/wch/toolchain/arm-none-eabi-gcc/bin/../lib/gcc/arm-none-eabi/9.3.1/../../../../arm-none-eabi/lib/thumb/v7-m/nofp\libnosys.a(fstat.o)
 .ARM.attributes
                0x00000a3a       0x2d c:/mounriver/mounriver_studio2/resources/app/resources/win32/components/wch/toolchain/arm-none-eabi-gcc/bin/../lib/gcc/arm-none-eabi/9.3.1/../../../../arm-none-eabi/lib/thumb/v7-m/nofp\libnosys.a(isatty.o)
 .ARM.attributes
                0x00000a67       0x2d c:/mounriver/mounriver_studio2/resources/app/resources/win32/components/wch/toolchain/arm-none-eabi-gcc/bin/../lib/gcc/arm-none-eabi/9.3.1/../../../../arm-none-eabi/lib/thumb/v7-m/nofp\libnosys.a(lseek.o)
 .ARM.attributes
                0x00000a94       0x2d c:/mounriver/mounriver_studio2/resources/app/resources/win32/components/wch/toolchain/arm-none-eabi-gcc/bin/../lib/gcc/arm-none-eabi/9.3.1/../../../../arm-none-eabi/lib/thumb/v7-m/nofp\libnosys.a(read.o)
 .ARM.attributes
                0x00000ac1       0x2d c:/mounriver/mounriver_studio2/resources/app/resources/win32/components/wch/toolchain/arm-none-eabi-gcc/bin/../lib/gcc/arm-none-eabi/9.3.1/../../../../arm-none-eabi/lib/thumb/v7-m/nofp\libnosys.a(sbrk.o)
OUTPUT(ScreenBar_CH32F103C8T6.elf elf32-littlearm)
LOAD linker stubs
LOAD c:/mounriver/mounriver_studio2/resources/app/resources/win32/components/wch/toolchain/arm-none-eabi-gcc/bin/../lib/gcc/arm-none-eabi/9.3.1/../../../../arm-none-eabi/lib/thumb/v7-m/nofp\libc.a
LOAD c:/mounriver/mounriver_studio2/resources/app/resources/win32/components/wch/toolchain/arm-none-eabi-gcc/bin/../lib/gcc/arm-none-eabi/9.3.1/../../../../arm-none-eabi/lib/thumb/v7-m/nofp\libm.a
LOAD c:/mounriver/mounriver_studio2/resources/app/resources/win32/components/wch/toolchain/arm-none-eabi-gcc/bin/../lib/gcc/arm-none-eabi/9.3.1/thumb/v7-m/nofp\libgcc.a

.debug_info     0x00000000     0x95d9
 .debug_info    0x00000000     0x354b ./User/Main.o
 .debug_info    0x0000354b      0x720 ./User/ch32f10x_it.o
 .debug_info    0x00003c6b      0x4e9 ./User/system_ch32f10x.o
 .debug_info    0x00004154       0x22 ./Startup/startup_ch32f10x.o
 .debug_info    0x00004176      0x8f2 ./Peripheral/src/ch32f10x_gpio.o
 .debug_info    0x00004a68      0x548 ./Peripheral/src/ch32f10x_misc.o
 .debug_info    0x00004fb0      0x9a8 ./Peripheral/src/ch32f10x_rcc.o
 .debug_info    0x00005958     0x222e ./Peripheral/src/ch32f10x_tim.o
 .debug_info    0x00007b86      0xb3d ./Peripheral/src/ch32f10x_usart.o
 .debug_info    0x000086c3      0xf16 ./Debug/debug.o

.debug_abbrev   0x00000000     0x193d
 .debug_abbrev  0x00000000      0x64f ./User/Main.o
 .debug_abbrev  0x0000064f      0x214 ./User/ch32f10x_it.o
 .debug_abbrev  0x00000863      0x1fb ./User/system_ch32f10x.o
 .debug_abbrev  0x00000a5e       0x12 ./Startup/startup_ch32f10x.o
 .debug_abbrev  0x00000a70      0x26f ./Peripheral/src/ch32f10x_gpio.o
 .debug_abbrev  0x00000cdf      0x1be ./Peripheral/src/ch32f10x_misc.o
 .debug_abbrev  0x00000e9d      0x267 ./Peripheral/src/ch32f10x_rcc.o
 .debug_abbrev  0x00001104      0x345 ./Peripheral/src/ch32f10x_tim.o
 .debug_abbrev  0x00001449      0x222 ./Peripheral/src/ch32f10x_usart.o
 .debug_abbrev  0x0000166b      0x2d2 ./Debug/debug.o

.debug_loc      0x00000000     0x3b20
 .debug_loc     0x00000000      0xa8d ./User/Main.o
 .debug_loc     0x00000a8d       0x70 ./User/ch32f10x_it.o
 .debug_loc     0x00000afd       0xc9 ./User/system_ch32f10x.o
 .debug_loc     0x00000bc6      0x6ad ./Peripheral/src/ch32f10x_gpio.o
 .debug_loc     0x00001273      0x1ab ./Peripheral/src/ch32f10x_misc.o
 .debug_loc     0x0000141e      0x5fa ./Peripheral/src/ch32f10x_rcc.o
 .debug_loc     0x00001a18     0x165e ./Peripheral/src/ch32f10x_tim.o
 .debug_loc     0x00003076      0x943 ./Peripheral/src/ch32f10x_usart.o
 .debug_loc     0x000039b9      0x167 ./Debug/debug.o

.debug_aranges  0x00000000      0x7b8
 .debug_aranges
                0x00000000      0x100 ./User/Main.o
 .debug_aranges
                0x00000100       0x68 ./User/ch32f10x_it.o
 .debug_aranges
                0x00000168       0x28 ./User/system_ch32f10x.o
 .debug_aranges
                0x00000190       0x28 ./Startup/startup_ch32f10x.o
 .debug_aranges
                0x000001b8       0xa8 ./Peripheral/src/ch32f10x_gpio.o
 .debug_aranges
                0x00000260       0x40 ./Peripheral/src/ch32f10x_misc.o
 .debug_aranges
                0x000002a0      0x118 ./Peripheral/src/ch32f10x_rcc.o
 .debug_aranges
                0x000003b8      0x2d0 ./Peripheral/src/ch32f10x_tim.o
 .debug_aranges
                0x00000688       0xf0 ./Peripheral/src/ch32f10x_usart.o
 .debug_aranges
                0x00000778       0x40 ./Debug/debug.o

.debug_ranges   0x00000000      0xa80
 .debug_ranges  0x00000000      0x3c0 ./User/Main.o
 .debug_ranges  0x000003c0       0x88 ./User/ch32f10x_it.o
 .debug_ranges  0x00000448       0x30 ./User/system_ch32f10x.o
 .debug_ranges  0x00000478       0x20 ./Startup/startup_ch32f10x.o
 .debug_ranges  0x00000498       0x98 ./Peripheral/src/ch32f10x_gpio.o
 .debug_ranges  0x00000530       0x30 ./Peripheral/src/ch32f10x_misc.o
 .debug_ranges  0x00000560      0x108 ./Peripheral/src/ch32f10x_rcc.o
 .debug_ranges  0x00000668      0x308 ./Peripheral/src/ch32f10x_tim.o
 .debug_ranges  0x00000970       0xe0 ./Peripheral/src/ch32f10x_usart.o
 .debug_ranges  0x00000a50       0x30 ./Debug/debug.o

.debug_line     0x00000000     0x60ff
 .debug_line    0x00000000     0x17c7 ./User/Main.o
 .debug_line    0x000017c7      0x4d1 ./User/ch32f10x_it.o
 .debug_line    0x00001c98      0x4cd ./User/system_ch32f10x.o
 .debug_line    0x00002165       0x78 ./Startup/startup_ch32f10x.o
 .debug_line    0x000021dd      0x855 ./Peripheral/src/ch32f10x_gpio.o
 .debug_line    0x00002a32      0x41c ./Peripheral/src/ch32f10x_misc.o
 .debug_line    0x00002e4e      0x9d3 ./Peripheral/src/ch32f10x_rcc.o
 .debug_line    0x00003821     0x1963 ./Peripheral/src/ch32f10x_tim.o
 .debug_line    0x00005184      0x932 ./Peripheral/src/ch32f10x_usart.o
 .debug_line    0x00005ab6      0x649 ./Debug/debug.o

.debug_str      0x00000000     0x2946
 .debug_str     0x00000000     0x145d ./User/Main.o
                               0x152b (size before relaxing)
 .debug_str     0x0000145d      0x11e ./User/ch32f10x_it.o
                                0x545 (size before relaxing)
 .debug_str     0x0000157b      0x15f ./User/system_ch32f10x.o
                                0x3bc (size before relaxing)
 .debug_str     0x000016da       0x2c ./Startup/startup_ch32f10x.o
                                 0x96 (size before relaxing)
 .debug_str     0x00001706      0x20f ./Peripheral/src/ch32f10x_gpio.o
                                0x5f5 (size before relaxing)
 .debug_str     0x00001915      0x139 ./Peripheral/src/ch32f10x_misc.o
                                0x46b (size before relaxing)
 .debug_str     0x00001a4e      0x2e5 ./Peripheral/src/ch32f10x_rcc.o
                                0x6f8 (size before relaxing)
 .debug_str     0x00001d33      0x8fe ./Peripheral/src/ch32f10x_tim.o
                                0xef6 (size before relaxing)
 .debug_str     0x00002631      0x2f1 ./Peripheral/src/ch32f10x_usart.o
                                0x765 (size before relaxing)
 .debug_str     0x00002922       0x24 ./Debug/debug.o
                                0x959 (size before relaxing)

.comment        0x00000000       0x4c
 .comment       0x00000000       0x4c ./User/Main.o
                                 0x4d (size before relaxing)
 .comment       0x0000004c       0x4d ./User/ch32f10x_it.o
 .comment       0x0000004c       0x4d ./User/system_ch32f10x.o
 .comment       0x0000004c       0x4d ./Peripheral/src/ch32f10x_gpio.o
 .comment       0x0000004c       0x4d ./Peripheral/src/ch32f10x_misc.o
 .comment       0x0000004c       0x4d ./Peripheral/src/ch32f10x_rcc.o
 .comment       0x0000004c       0x4d ./Peripheral/src/ch32f10x_tim.o
 .comment       0x0000004c       0x4d ./Peripheral/src/ch32f10x_usart.o
 .comment       0x0000004c       0x4d ./Debug/debug.o

.debug_frame    0x00000000     0x20b8
 .debug_frame   0x00000000      0x34c ./User/Main.o
 .debug_frame   0x0000034c       0xf0 ./User/ch32f10x_it.o
 .debug_frame   0x0000043c       0x38 ./User/system_ch32f10x.o
 .debug_frame   0x00000474      0x17c ./Peripheral/src/ch32f10x_gpio.o
 .debug_frame   0x000005f0       0x6c ./Peripheral/src/ch32f10x_misc.o
 .debug_frame   0x0000065c      0x220 ./Peripheral/src/ch32f10x_rcc.o
 .debug_frame   0x0000087c      0x6b4 ./Peripheral/src/ch32f10x_tim.o
 .debug_frame   0x00000f30      0x200 ./Peripheral/src/ch32f10x_usart.o
 .debug_frame   0x00001130       0x88 ./Debug/debug.o
 .debug_frame   0x000011b8       0xac c:/mounriver/mounriver_studio2/resources/app/resources/win32/components/wch/toolchain/arm-none-eabi-gcc/bin/../lib/gcc/arm-none-eabi/9.3.1/thumb/v7-m/nofp\libgcc.a(_arm_addsubdf3.o)
 .debug_frame   0x00001264       0x50 c:/mounriver/mounriver_studio2/resources/app/resources/win32/components/wch/toolchain/arm-none-eabi-gcc/bin/../lib/gcc/arm-none-eabi/9.3.1/thumb/v7-m/nofp\libgcc.a(_arm_muldivdf3.o)
 .debug_frame   0x000012b4       0x24 c:/mounriver/mounriver_studio2/resources/app/resources/win32/components/wch/toolchain/arm-none-eabi-gcc/bin/../lib/gcc/arm-none-eabi/9.3.1/thumb/v7-m/nofp\libgcc.a(_arm_fixunsdfsi.o)
 .debug_frame   0x000012d8       0x30 c:/mounriver/mounriver_studio2/resources/app/resources/win32/components/wch/toolchain/arm-none-eabi-gcc/bin/../lib/gcc/arm-none-eabi/9.3.1/../../../../arm-none-eabi/lib/thumb/v7-m/nofp\libg_nano.a(lib_a-atoi.o)
 .debug_frame   0x00001308       0x20 c:/mounriver/mounriver_studio2/resources/app/resources/win32/components/wch/toolchain/arm-none-eabi-gcc/bin/../lib/gcc/arm-none-eabi/9.3.1/../../../../arm-none-eabi/lib/thumb/v7-m/nofp\libg_nano.a(lib_a-memset.o)
 .debug_frame   0x00001328       0x74 c:/mounriver/mounriver_studio2/resources/app/resources/win32/components/wch/toolchain/arm-none-eabi-gcc/bin/../lib/gcc/arm-none-eabi/9.3.1/../../../../arm-none-eabi/lib/thumb/v7-m/nofp\libg_nano.a(lib_a-printf.o)
 .debug_frame   0x0000139c       0x3c c:/mounriver/mounriver_studio2/resources/app/resources/win32/components/wch/toolchain/arm-none-eabi-gcc/bin/../lib/gcc/arm-none-eabi/9.3.1/../../../../arm-none-eabi/lib/thumb/v7-m/nofp\libg_nano.a(lib_a-puts.o)
 .debug_frame   0x000013d8       0x6c c:/mounriver/mounriver_studio2/resources/app/resources/win32/components/wch/toolchain/arm-none-eabi-gcc/bin/../lib/gcc/arm-none-eabi/9.3.1/../../../../arm-none-eabi/lib/thumb/v7-m/nofp\libg_nano.a(lib_a-sprintf.o)
 .debug_frame   0x00001444       0x80 c:/mounriver/mounriver_studio2/resources/app/resources/win32/components/wch/toolchain/arm-none-eabi-gcc/bin/../lib/gcc/arm-none-eabi/9.3.1/../../../../arm-none-eabi/lib/thumb/v7-m/nofp\libg_nano.a(lib_a-sscanf.o)
 .debug_frame   0x000014c4       0x88 c:/mounriver/mounriver_studio2/resources/app/resources/win32/components/wch/toolchain/arm-none-eabi-gcc/bin/../lib/gcc/arm-none-eabi/9.3.1/../../../../arm-none-eabi/lib/thumb/v7-m/nofp\libg_nano.a(lib_a-stdio.o)
 .debug_frame   0x0000154c       0x28 c:/mounriver/mounriver_studio2/resources/app/resources/win32/components/wch/toolchain/arm-none-eabi-gcc/bin/../lib/gcc/arm-none-eabi/9.3.1/../../../../arm-none-eabi/lib/thumb/v7-m/nofp\libg_nano.a(lib_a-strncmp.o)
 .debug_frame   0x00001574       0x30 c:/mounriver/mounriver_studio2/resources/app/resources/win32/components/wch/toolchain/arm-none-eabi-gcc/bin/../lib/gcc/arm-none-eabi/9.3.1/../../../../arm-none-eabi/lib/thumb/v7-m/nofp\libg_nano.a(lib_a-strstr.o)
 .debug_frame   0x000015a4       0x64 c:/mounriver/mounriver_studio2/resources/app/resources/win32/components/wch/toolchain/arm-none-eabi-gcc/bin/../lib/gcc/arm-none-eabi/9.3.1/../../../../arm-none-eabi/lib/thumb/v7-m/nofp\libg_nano.a(lib_a-strtol.o)
 .debug_frame   0x00001608       0x40 c:/mounriver/mounriver_studio2/resources/app/resources/win32/components/wch/toolchain/arm-none-eabi-gcc/bin/../lib/gcc/arm-none-eabi/9.3.1/../../../../arm-none-eabi/lib/thumb/v7-m/nofp\libg_nano.a(lib_a-wbuf.o)
 .debug_frame   0x00001648       0x2c c:/mounriver/mounriver_studio2/resources/app/resources/win32/components/wch/toolchain/arm-none-eabi-gcc/bin/../lib/gcc/arm-none-eabi/9.3.1/../../../../arm-none-eabi/lib/thumb/v7-m/nofp\libg_nano.a(lib_a-writer.o)
 .debug_frame   0x00001674       0x2c c:/mounriver/mounriver_studio2/resources/app/resources/win32/components/wch/toolchain/arm-none-eabi-gcc/bin/../lib/gcc/arm-none-eabi/9.3.1/../../../../arm-none-eabi/lib/thumb/v7-m/nofp\libg_nano.a(lib_a-wsetup.o)
 .debug_frame   0x000016a0       0x2c c:/mounriver/mounriver_studio2/resources/app/resources/win32/components/wch/toolchain/arm-none-eabi-gcc/bin/../lib/gcc/arm-none-eabi/9.3.1/../../../../arm-none-eabi/lib/thumb/v7-m/nofp\libg_nano.a(lib_a-closer.o)
 .debug_frame   0x000016cc       0x20 c:/mounriver/mounriver_studio2/resources/app/resources/win32/components/wch/toolchain/arm-none-eabi-gcc/bin/../lib/gcc/arm-none-eabi/9.3.1/../../../../arm-none-eabi/lib/thumb/v7-m/nofp\libg_nano.a(lib_a-errno.o)
 .debug_frame   0x000016ec       0x5c c:/mounriver/mounriver_studio2/resources/app/resources/win32/components/wch/toolchain/arm-none-eabi-gcc/bin/../lib/gcc/arm-none-eabi/9.3.1/../../../../arm-none-eabi/lib/thumb/v7-m/nofp\libg_nano.a(lib_a-fflush.o)
 .debug_frame   0x00001748      0x14c c:/mounriver/mounriver_studio2/resources/app/resources/win32/components/wch/toolchain/arm-none-eabi-gcc/bin/../lib/gcc/arm-none-eabi/9.3.1/../../../../arm-none-eabi/lib/thumb/v7-m/nofp\libg_nano.a(lib_a-findfp.o)
 .debug_frame   0x00001894       0x54 c:/mounriver/mounriver_studio2/resources/app/resources/win32/components/wch/toolchain/arm-none-eabi-gcc/bin/../lib/gcc/arm-none-eabi/9.3.1/../../../../arm-none-eabi/lib/thumb/v7-m/nofp\libg_nano.a(lib_a-fwalk.o)
 .debug_frame   0x000018e8       0xb0 c:/mounriver/mounriver_studio2/resources/app/resources/win32/components/wch/toolchain/arm-none-eabi-gcc/bin/../lib/gcc/arm-none-eabi/9.3.1/../../../../arm-none-eabi/lib/thumb/v7-m/nofp\libg_nano.a(lib_a-lock.o)
 .debug_frame   0x00001998       0x2c c:/mounriver/mounriver_studio2/resources/app/resources/win32/components/wch/toolchain/arm-none-eabi-gcc/bin/../lib/gcc/arm-none-eabi/9.3.1/../../../../arm-none-eabi/lib/thumb/v7-m/nofp\libg_nano.a(lib_a-lseekr.o)
 .debug_frame   0x000019c4       0x58 c:/mounriver/mounriver_studio2/resources/app/resources/win32/components/wch/toolchain/arm-none-eabi-gcc/bin/../lib/gcc/arm-none-eabi/9.3.1/../../../../arm-none-eabi/lib/thumb/v7-m/nofp\libg_nano.a(lib_a-makebuf.o)
 .debug_frame   0x00001a1c       0x38 c:/mounriver/mounriver_studio2/resources/app/resources/win32/components/wch/toolchain/arm-none-eabi-gcc/bin/../lib/gcc/arm-none-eabi/9.3.1/../../../../arm-none-eabi/lib/thumb/v7-m/nofp\libg_nano.a(lib_a-nano-freer.o)
 .debug_frame   0x00001a54       0x30 c:/mounriver/mounriver_studio2/resources/app/resources/win32/components/wch/toolchain/arm-none-eabi-gcc/bin/../lib/gcc/arm-none-eabi/9.3.1/../../../../arm-none-eabi/lib/thumb/v7-m/nofp\libg_nano.a(lib_a-nano-mallocr.o)
 .debug_frame   0x00001a84       0x90 c:/mounriver/mounriver_studio2/resources/app/resources/win32/components/wch/toolchain/arm-none-eabi-gcc/bin/../lib/gcc/arm-none-eabi/9.3.1/../../../../arm-none-eabi/lib/thumb/v7-m/nofp\libg_nano.a(lib_a-nano-svfprintf.o)
 .debug_frame   0x00001b14       0x78 c:/mounriver/mounriver_studio2/resources/app/resources/win32/components/wch/toolchain/arm-none-eabi-gcc/bin/../lib/gcc/arm-none-eabi/9.3.1/../../../../arm-none-eabi/lib/thumb/v7-m/nofp\libg_nano.a(lib_a-nano-svfscanf.o)
 .debug_frame   0x00001b8c       0xac c:/mounriver/mounriver_studio2/resources/app/resources/win32/components/wch/toolchain/arm-none-eabi-gcc/bin/../lib/gcc/arm-none-eabi/9.3.1/../../../../arm-none-eabi/lib/thumb/v7-m/nofp\libg_nano.a(lib_a-nano-vfprintf.o)
 .debug_frame   0x00001c38       0x60 c:/mounriver/mounriver_studio2/resources/app/resources/win32/components/wch/toolchain/arm-none-eabi-gcc/bin/../lib/gcc/arm-none-eabi/9.3.1/../../../../arm-none-eabi/lib/thumb/v7-m/nofp\libg_nano.a(lib_a-nano-vfprintf_i.o)
 .debug_frame   0x00001c98       0x64 c:/mounriver/mounriver_studio2/resources/app/resources/win32/components/wch/toolchain/arm-none-eabi-gcc/bin/../lib/gcc/arm-none-eabi/9.3.1/../../../../arm-none-eabi/lib/thumb/v7-m/nofp\libg_nano.a(lib_a-nano-vfscanf_i.o)
 .debug_frame   0x00001cfc       0x2c c:/mounriver/mounriver_studio2/resources/app/resources/win32/components/wch/toolchain/arm-none-eabi-gcc/bin/../lib/gcc/arm-none-eabi/9.3.1/../../../../arm-none-eabi/lib/thumb/v7-m/nofp\libg_nano.a(lib_a-readr.o)
 .debug_frame   0x00001d28       0x5c c:/mounriver/mounriver_studio2/resources/app/resources/win32/components/wch/toolchain/arm-none-eabi-gcc/bin/../lib/gcc/arm-none-eabi/9.3.1/../../../../arm-none-eabi/lib/thumb/v7-m/nofp\libg_nano.a(lib_a-reent.o)
 .debug_frame   0x00001d84       0x2c c:/mounriver/mounriver_studio2/resources/app/resources/win32/components/wch/toolchain/arm-none-eabi-gcc/bin/../lib/gcc/arm-none-eabi/9.3.1/../../../../arm-none-eabi/lib/thumb/v7-m/nofp\libg_nano.a(lib_a-sbrkr.o)
 .debug_frame   0x00001db0       0x2c c:/mounriver/mounriver_studio2/resources/app/resources/win32/components/wch/toolchain/arm-none-eabi-gcc/bin/../lib/gcc/arm-none-eabi/9.3.1/../../../../arm-none-eabi/lib/thumb/v7-m/nofp\libg_nano.a(lib_a-sccl.o)
 .debug_frame   0x00001ddc       0x64 c:/mounriver/mounriver_studio2/resources/app/resources/win32/components/wch/toolchain/arm-none-eabi-gcc/bin/../lib/gcc/arm-none-eabi/9.3.1/../../../../arm-none-eabi/lib/thumb/v7-m/nofp\libg_nano.a(lib_a-strtoul.o)
 .debug_frame   0x00001e40       0x5c c:/mounriver/mounriver_studio2/resources/app/resources/win32/components/wch/toolchain/arm-none-eabi-gcc/bin/../lib/gcc/arm-none-eabi/9.3.1/../../../../arm-none-eabi/lib/thumb/v7-m/nofp\libg_nano.a(lib_a-ungetc.o)
 .debug_frame   0x00001e9c       0x2c c:/mounriver/mounriver_studio2/resources/app/resources/win32/components/wch/toolchain/arm-none-eabi-gcc/bin/../lib/gcc/arm-none-eabi/9.3.1/../../../../arm-none-eabi/lib/thumb/v7-m/nofp\libg_nano.a(lib_a-fstatr.o)
 .debug_frame   0x00001ec8       0x2c c:/mounriver/mounriver_studio2/resources/app/resources/win32/components/wch/toolchain/arm-none-eabi-gcc/bin/../lib/gcc/arm-none-eabi/9.3.1/../../../../arm-none-eabi/lib/thumb/v7-m/nofp\libg_nano.a(lib_a-isattyr.o)
 .debug_frame   0x00001ef4       0x28 c:/mounriver/mounriver_studio2/resources/app/resources/win32/components/wch/toolchain/arm-none-eabi-gcc/bin/../lib/gcc/arm-none-eabi/9.3.1/../../../../arm-none-eabi/lib/thumb/v7-m/nofp\libg_nano.a(lib_a-memchr-stub.o)
 .debug_frame   0x00001f1c       0x28 c:/mounriver/mounriver_studio2/resources/app/resources/win32/components/wch/toolchain/arm-none-eabi-gcc/bin/../lib/gcc/arm-none-eabi/9.3.1/../../../../arm-none-eabi/lib/thumb/v7-m/nofp\libg_nano.a(lib_a-memcpy-stub.o)
 .debug_frame   0x00001f44       0x28 c:/mounriver/mounriver_studio2/resources/app/resources/win32/components/wch/toolchain/arm-none-eabi-gcc/bin/../lib/gcc/arm-none-eabi/9.3.1/../../../../arm-none-eabi/lib/thumb/v7-m/nofp\libg_nano.a(lib_a-memmove.o)
 .debug_frame   0x00001f6c       0x30 c:/mounriver/mounriver_studio2/resources/app/resources/win32/components/wch/toolchain/arm-none-eabi-gcc/bin/../lib/gcc/arm-none-eabi/9.3.1/../../../../arm-none-eabi/lib/thumb/v7-m/nofp\libg_nano.a(lib_a-mlock.o)
 .debug_frame   0x00001f9c       0x3c c:/mounriver/mounriver_studio2/resources/app/resources/win32/components/wch/toolchain/arm-none-eabi-gcc/bin/../lib/gcc/arm-none-eabi/9.3.1/../../../../arm-none-eabi/lib/thumb/v7-m/nofp\libg_nano.a(lib_a-nano-reallocr.o)
 .debug_frame   0x00001fd8       0x20 c:/mounriver/mounriver_studio2/resources/app/resources/win32/components/wch/toolchain/arm-none-eabi-gcc/bin/../lib/gcc/arm-none-eabi/9.3.1/../../../../arm-none-eabi/lib/thumb/v7-m/nofp\libg_nano.a(lib_a-nano-msizer.o)
 .debug_frame   0x00001ff8       0x20 c:/mounriver/mounriver_studio2/resources/app/resources/win32/components/wch/toolchain/arm-none-eabi-gcc/bin/../lib/gcc/arm-none-eabi/9.3.1/../../../../arm-none-eabi/lib/thumb/v7-m/nofp\libnosys.a(close.o)
 .debug_frame   0x00002018       0x20 c:/mounriver/mounriver_studio2/resources/app/resources/win32/components/wch/toolchain/arm-none-eabi-gcc/bin/../lib/gcc/arm-none-eabi/9.3.1/../../../../arm-none-eabi/lib/thumb/v7-m/nofp\libnosys.a(fstat.o)
 .debug_frame   0x00002038       0x20 c:/mounriver/mounriver_studio2/resources/app/resources/win32/components/wch/toolchain/arm-none-eabi-gcc/bin/../lib/gcc/arm-none-eabi/9.3.1/../../../../arm-none-eabi/lib/thumb/v7-m/nofp\libnosys.a(isatty.o)
 .debug_frame   0x00002058       0x20 c:/mounriver/mounriver_studio2/resources/app/resources/win32/components/wch/toolchain/arm-none-eabi-gcc/bin/../lib/gcc/arm-none-eabi/9.3.1/../../../../arm-none-eabi/lib/thumb/v7-m/nofp\libnosys.a(lseek.o)
 .debug_frame   0x00002078       0x20 c:/mounriver/mounriver_studio2/resources/app/resources/win32/components/wch/toolchain/arm-none-eabi-gcc/bin/../lib/gcc/arm-none-eabi/9.3.1/../../../../arm-none-eabi/lib/thumb/v7-m/nofp\libnosys.a(read.o)
 .debug_frame   0x00002098       0x20 c:/mounriver/mounriver_studio2/resources/app/resources/win32/components/wch/toolchain/arm-none-eabi-gcc/bin/../lib/gcc/arm-none-eabi/9.3.1/../../../../arm-none-eabi/lib/thumb/v7-m/nofp\libnosys.a(sbrk.o)

.stab           0x00000000       0x84
 .stab          0x00000000       0x24 c:/mounriver/mounriver_studio2/resources/app/resources/win32/components/wch/toolchain/arm-none-eabi-gcc/bin/../lib/gcc/arm-none-eabi/9.3.1/../../../../arm-none-eabi/lib/thumb/v7-m/nofp\libnosys.a(close.o)
 .stab          0x00000024       0x18 c:/mounriver/mounriver_studio2/resources/app/resources/win32/components/wch/toolchain/arm-none-eabi-gcc/bin/../lib/gcc/arm-none-eabi/9.3.1/../../../../arm-none-eabi/lib/thumb/v7-m/nofp\libnosys.a(fstat.o)
                                 0x24 (size before relaxing)