Archive member included to satisfy reference by file (symbol)

c:/mounriver/mounriver_studio2/resources/app/resources/win32/components/wch/toolchain/arm-none-eabi-gcc/bin/../lib/gcc/arm-none-eabi/9.3.1/thumb/v7-m/nofp\libgcc.a(_arm_addsubdf3.o)
                              ./User/Main.o (__aeabi_i2d)
c:/mounriver/mounriver_studio2/resources/app/resources/win32/components/wch/toolchain/arm-none-eabi-gcc/bin/../lib/gcc/arm-none-eabi/9.3.1/thumb/v7-m/nofp\libgcc.a(_arm_muldivdf3.o)
                              ./User/Main.o (__aeabi_ddiv)
c:/mounriver/mounriver_studio2/resources/app/resources/win32/components/wch/toolchain/arm-none-eabi-gcc/bin/../lib/gcc/arm-none-eabi/9.3.1/thumb/v7-m/nofp\libgcc.a(_arm_fixunsdfsi.o)
                              ./User/Main.o (__aeabi_d2uiz)
c:/mounriver/mounriver_studio2/resources/app/resources/win32/components/wch/toolchain/arm-none-eabi-gcc/bin/../lib/gcc/arm-none-eabi/9.3.1/../../../../arm-none-eabi/lib/thumb/v7-m/nofp\libg_nano.a(lib_a-atoi.o)
                              ./User/Main.o (atoi)
c:/mounriver/mounriver_studio2/resources/app/resources/win32/components/wch/toolchain/arm-none-eabi-gcc/bin/../lib/gcc/arm-none-eabi/9.3.1/../../../../arm-none-eabi/lib/thumb/v7-m/nofp\libg_nano.a(lib_a-memset.o)
                              ./User/Main.o (memset)
c:/mounriver/mounriver_studio2/resources/app/resources/win32/components/wch/toolchain/arm-none-eabi-gcc/bin/../lib/gcc/arm-none-eabi/9.3.1/../../../../arm-none-eabi/lib/thumb/v7-m/nofp\libg_nano.a(lib_a-printf.o)
                              ./User/Main.o (printf)
c:/mounriver/mounriver_studio2/resources/app/resources/win32/components/wch/toolchain/arm-none-eabi-gcc/bin/../lib/gcc/arm-none-eabi/9.3.1/../../../../arm-none-eabi/lib/thumb/v7-m/nofp\libg_nano.a(lib_a-puts.o)
                              ./User/Main.o (puts)
c:/mounriver/mounriver_studio2/resources/app/resources/win32/components/wch/toolchain/arm-none-eabi-gcc/bin/../lib/gcc/arm-none-eabi/9.3.1/../../../../arm-none-eabi/lib/thumb/v7-m/nofp\libg_nano.a(lib_a-sprintf.o)
                              ./User/Main.o (sprintf)
c:/mounriver/mounriver_studio2/resources/app/resources/win32/components/wch/toolchain/arm-none-eabi-gcc/bin/../lib/gcc/arm-none-eabi/9.3.1/../../../../arm-none-eabi/lib/thumb/v7-m/nofp\libg_nano.a(lib_a-sscanf.o)
                              ./User/Main.o (sscanf)
c:/mounriver/mounriver_studio2/resources/app/resources/win32/components/wch/toolchain/arm-none-eabi-gcc/bin/../lib/gcc/arm-none-eabi/9.3.1/../../../../arm-none-eabi/lib/thumb/v7-m/nofp\libg_nano.a(lib_a-stdio.o)
                              c:/mounriver/mounriver_studio2/resources/app/resources/win32/components/wch/toolchain/arm-none-eabi-gcc/bin/../lib/gcc/arm-none-eabi/9.3.1/../../../../arm-none-eabi/lib/thumb/v7-m/nofp\libg_nano.a(lib_a-sscanf.o) (__seofread)
c:/mounriver/mounriver_studio2/resources/app/resources/win32/components/wch/toolchain/arm-none-eabi-gcc/bin/../lib/gcc/arm-none-eabi/9.3.1/../../../../arm-none-eabi/lib/thumb/v7-m/nofp\libg_nano.a(lib_a-strlen.o)
                              ./User/Main.o (strlen)
c:/mounriver/mounriver_studio2/resources/app/resources/win32/components/wch/toolchain/arm-none-eabi-gcc/bin/../lib/gcc/arm-none-eabi/9.3.1/../../../../arm-none-eabi/lib/thumb/v7-m/nofp\libg_nano.a(lib_a-strncmp.o)
                              ./User/Main.o (strncmp)
c:/mounriver/mounriver_studio2/resources/app/resources/win32/components/wch/toolchain/arm-none-eabi-gcc/bin/../lib/gcc/arm-none-eabi/9.3.1/../../../../arm-none-eabi/lib/thumb/v7-m/nofp\libg_nano.a(lib_a-strstr.o)
                              ./User/Main.o (strstr)
c:/mounriver/mounriver_studio2/resources/app/resources/win32/components/wch/toolchain/arm-none-eabi-gcc/bin/../lib/gcc/arm-none-eabi/9.3.1/../../../../arm-none-eabi/lib/thumb/v7-m/nofp\libg_nano.a(lib_a-strtol.o)
                              c:/mounriver/mounriver_studio2/resources/app/resources/win32/components/wch/toolchain/arm-none-eabi-gcc/bin/../lib/gcc/arm-none-eabi/9.3.1/../../../../arm-none-eabi/lib/thumb/v7-m/nofp\libg_nano.a(lib_a-atoi.o) (_strtol_r)
c:/mounriver/mounriver_studio2/resources/app/resources/win32/components/wch/toolchain/arm-none-eabi-gcc/bin/../lib/gcc/arm-none-eabi/9.3.1/../../../../arm-none-eabi/lib/thumb/v7-m/nofp\libg_nano.a(lib_a-wbuf.o)
                              c:/mounriver/mounriver_studio2/resources/app/resources/win32/components/wch/toolchain/arm-none-eabi-gcc/bin/../lib/gcc/arm-none-eabi/9.3.1/../../../../arm-none-eabi/lib/thumb/v7-m/nofp\libg_nano.a(lib_a-puts.o) (__swbuf_r)
c:/mounriver/mounriver_studio2/resources/app/resources/win32/components/wch/toolchain/arm-none-eabi-gcc/bin/../lib/gcc/arm-none-eabi/9.3.1/../../../../arm-none-eabi/lib/thumb/v7-m/nofp\libg_nano.a(lib_a-writer.o)
[...]
Memory Configuration

Name             Origin             Length             Attributes
FLASH            0x08000000         0x00008000         xr
RAM              0x20000000         0x00002800         xrw
*default*        0x00000000         0xffffffff

Linker script and memory map

LOAD ./User/Main.o
LOAD ./User/ch32f10x_it.o
LOAD ./User/system_ch32f10x.o
LOAD ./Startup/startup_ch32f10x.o
LOAD ./Peripheral/src/ch32f10x_adc.o
LOAD ./Peripheral/src/ch32f10x_bkp.o
LOAD ./Peripheral/src/ch32f10x_can.o
LOAD ./Peripheral/src/ch32f10x_crc.o
LOAD ./Peripheral/src/ch32f10x_dac.o
LOAD ./Peripheral/src/ch32f10x_dbgmcu.o
LOAD ./Peripheral/src/ch32f10x_dma.o
LOAD ./Peripheral/src/ch32f10x_exti.o
LOAD ./Peripheral/src/ch32f10x_flash.o
LOAD ./Peripheral/src/ch32f10x_gpio.o
LOAD ./Peripheral/src/ch32f10x_i2c.o
LOAD ./Peripheral/src/ch32f10x_iwdg.o
LOAD ./Peripheral/src/ch32f10x_misc.o
LOAD ./Peripheral/src/ch32f10x_pwr.o
LOAD ./Peripheral/src/ch32f10x_rcc.o
LOAD ./Peripheral/src/ch32f10x_rtc.o
LOAD ./Peripheral/src/ch32f10x_spi.o
LOAD ./Peripheral/src/ch32f10x_tim.o
LOAD ./Peripheral/src/ch32f10x_usart.o
LOAD ./Peripheral/src/ch32f10x_usb.o
LOAD ./Peripheral/src/ch32f10x_usb_host.o
LOAD ./Peripheral/src/ch32f10x_wwdg.o
LOAD ./Debug/debug.o
LOAD ./Core/core_cm3.o
LOAD c:/mounriver/mounriver_studio2/resources/app/resources/win32/components/wch/toolchain/arm-none-eabi-gcc/bin/../lib/gcc/arm-none-eabi/9.3.1/../../../../arm-none-eabi/lib/thumb/v7-m/nofp\libm.a
START GROUP
LOAD c:/mounriver/mounriver_studio2/resources/app/resources/win32/components/wch/toolchain/arm-none-eabi-gcc/bin/../lib/gcc/arm-none-eabi/9.3.1/thumb/v7-m/nofp\libgcc.a
LOAD c:/mounriver/mounriver_studio2/resources/app/resources/win32/components/wch/toolchain/arm-none-eabi-gcc/bin/../lib/gcc/arm-none-eabi/9.3.1/../../../../arm-none-eabi/lib/thumb/v7-m/nofp\libg_nano.a
LOAD c:/mounriver/mounriver_studio2/resources/app/resources/win32/components/wch/toolchain/arm-none-eabi-gcc/bin/../lib/gcc/arm-none-eabi/9.3.1/../../../../arm-none-eabi/lib/thumb/v7-m/nofp\libc_nano.a
END GROUP
START GROUP
LOAD c:/mounriver/mounriver_studio2/resources/app/resources/win32/components/wch/toolchain/arm-none-eabi-gcc/bin/../lib/gcc/arm-none-eabi/9.3.1/thumb/v7-m/nofp\libgcc.a
LOAD c:/mounriver/mounriver_studio2/resources/app/resources/win32/components/wch/toolchain/arm-none-eabi-gcc/bin/../lib/gcc/arm-none-eabi/9.3.1/../../../../arm-none-eabi/lib/thumb/v7-m/nofp\libc_nano.a
LOAD c:/mounriver/mounriver_studio2/resources/app/resources/win32/components/wch/toolchain/arm-none-eabi-gcc/bin/../lib/gcc/arm-none-eabi/9.3.1/../../../../arm-none-eabi/lib/thumb/v7-m/nofp\libnosys.a
END GROUP
START GROUP
LOAD c:/mounriver/mounriver_studio2/resources/app/resources/win32/components/wch/toolchain/arm-none-eabi-gcc/bin/../lib/gcc/arm-none-eabi/9.3.1/thumb/v7-m/nofp\libgcc.a
LOAD c:/mounriver/mounriver_studio2/resources/app/resources/win32/components/wch/toolchain/arm-none-eabi-gcc/bin/../lib/gcc/arm-none-eabi/9.3.1/../../../../arm-none-eabi/lib/thumb/v7-m/nofp\libc_nano.a
LOAD c:/mounriver/mounriver_studio2/resources/app/resources/win32/components/wch/toolchain/arm-none-eabi-gcc/bin/../lib/gcc/arm-none-eabi/9.3.1/../../../../arm-none-eabi/lib/thumb/v7-m/nofp\libnosys.a
END GROUP
                0x20002800                _estack = 0x20002800
                0x00000200                _Min_Heap_Size = 0x200
                0x00000400                _Min_Stack_Size = 0x400

.isr_vector     0x08000000       0xf0
                0x08000000                . = ALIGN (0x4)
 *(.isr_vector)
 .isr_vector    0x08000000       0xf0 ./Startup/startup_ch32f10x.o
                0x08000000                g_pfnVectors
                0x080000f0                . = ALIGN (0x4)

.text           0x080000f0     0x3fd0
                0x080000f0                . = ALIGN (0x4)
 *(.text)
 .text          0x080000f0      0x378 c:/mounriver/mounriver_studio2/resources/app/resources/win32/components/wch/toolchain/arm-none-eabi-gcc/bin/../lib/gcc/arm-none-eabi/9.3.1/thumb/v7-m/nofp\libgcc.a(_arm_addsubdf3.o)
                0x080000f0                __aeabi_drsub
                0x080000f8                __aeabi_dsub
                0x080000f8                __subdf3
                0x080000fc                __aeabi_dadd
                0x080000fc                __adddf3
                0x08000374                __floatunsidf
                0x08000374                __aeabi_ui2d
                0x08000394                __floatsidf
                0x08000394                __aeabi_i2d
                0x080003b8                __aeabi_f2d
                0x080003b8                __extendsfdf2
                0x080003fc                __floatundidf
                0x080003fc                __aeabi_ul2d
                0x0800040c                __floatdidf
                0x0800040c                __aeabi_l2d
 .text          0x08000468      0x424 c:/mounriver/mounriver_studio2/resources/app/resources/win32/components/wch/toolchain/arm-none-eabi-gcc/bin/../lib/gcc/arm-none-eabi/9.3.1/thumb/v7-m/nofp\libgcc.a(_arm_muldivdf3.o)
                0x08000468                __aeabi_dmul
                0x08000468                __muldf3
                0x080006bc                __divdf3
                0x080006bc                __aeabi_ddiv
 .text          0x0800088c       0x40 c:/mounriver/mounriver_studio2/resources/app/resources/win32/components/wch/toolchain/arm-none-eabi-gcc/bin/../lib/gcc/arm-none-eabi/9.3.1/thumb/v7-m/nofp\libgcc.a(_arm_fixunsdfsi.o)
                0x0800088c                __aeabi_d2uiz
                0x0800088c                __fixunsdfsi
 .text          0x080008cc       0x10 c:/mounriver/mounriver_studio2/resources/app/resources/win32/components/wch/toolchain/arm-none-eabi-gcc/bin/../lib/gcc/arm-none-eabi/9.3.1/../../../../arm-none-eabi/lib/thumb/v7-m/nofp\libg_nano.a(lib_a-strlen.o)
                0x080008cc                strlen
 *(.text*)
 .text.Soft_I2C_SDA_OutOD
                0x080008dc       0x1c ./User/Main.o
 .text.Soft_I2C_SDA_InPU
                0x080008f8       0x1c ./User/Main.o
 .text.Soft_I2C_Delay
                0x08000914        0x6 ./User/Main.o
 *fill*         0x0800091a        0x2 
 .text.Soft_I2C_Start
                0x0800091c       0x38 ./User/Main.o
 .text.Soft_I2C_SendByte
                0x08000954       0x50 ./User/Main.o
 .text.Soft_I2C_WaitAck
                0x080009a4       0x3c ./User/Main.o
 .text.Soft_I2C_Stop
                0x080009e0       0x30 ./User/Main.o
 .text.Soft_I2C_ReadByte
                0x08000a10       0x7c ./User/Main.o
 .text.BH1750_WriteCmd
                0x08000a8c       0x38 ./User/Main.o
 .text.BH1750_Detect
                0x08000ac4       0x4c ./User/Main.o
 .text.SystemClock_Config_8MHz
                0x08000b10       0x5e ./User/Main.o
                0x08000b10                SystemClock_Config_8MHz
 *fill*         0x08000b6e        0x2 
 .text.PWM_Init
                0x08000b70      0x10c ./User/Main.o
                0x08000b70                PWM_Init
 .text.Set_PWM_Duty
                0x08000c7c       0x48 ./User/Main.o
                0x08000c7c                Set_PWM_Duty
 .text.Apply_Remote_PWM
                0x08000cc4       0x58 ./User/Main.o
 .text.Light_Switch
                0x08000d1c       0x64 ./User/Main.o
                0x08000d1c                Light_Switch
 .text.Touch_Init
                0x08000d80       0x28 ./User/Main.o
                0x08000d80                Touch_Init
 .text.Touch_Detect
                0x08000da8      0x1a0 ./User/Main.o
                0x08000da8                Touch_Detect
 .text.TickTimer_Init
                0x08000f48       0x5c ./User/Main.o
                0x08000f48                TickTimer_Init
 .text.I2C1_Init
                0x08000fa4       0x54 ./User/Main.o
                0x08000fa4                I2C1_Init
 .text.Read_Ambient_Light
                0x08000ff8       0xbc ./User/Main.o
                0x08000ff8                Read_Ambient_Light
 .text.Auto_Light_Adjust
                0x080010b4       0x94 ./User/Main.o
                0x080010b4                Auto_Light_Adjust
 .text.UART1_Init
                0x08001148       0x90 ./User/Main.o
                0x08001148                UART1_Init
 .text.Parse_ESP8266_Cmd
                0x080011d8      0x100 ./User/Main.o
                0x080011d8                Parse_ESP8266_Cmd
 .text.UART1_Receive_Cmd
                0x080012d8       0x70 ./User/Main.o
                0x080012d8                UART1_Receive_Cmd
 .text.UART1_Send_Status
                0x08001348       0xb4 ./User/Main.o
                0x08001348                UART1_Send_Status
 .text.RGB_Reserve_Init
                0x080013fc       0x34 ./User/Main.o
                0x080013fc                RGB_Reserve_Init
 .text.startup.main
                0x08001430       0xc4 ./User/Main.o
                0x08001430                main
 .text.USART1_IRQHandler
                0x080014f4       0x68 ./User/Main.o
                0x080014f4                USART1_IRQHandler
 .text.NMI_Handler
                0x0800155c        0x2 ./User/ch32f10x_it.o
                0x0800155c                NMI_Handler
 .text.HardFault_Handler
                0x0800155e        0x2 ./User/ch32f10x_it.o
                0x0800155e                HardFault_Handler
 .text.MemManage_Handler
                0x08001560        0x2 ./User/ch32f10x_it.o
                0x08001560                MemManage_Handler
 .text.BusFault_Handler
                0x08001562        0x2 ./User/ch32f10x_it.o
                0x08001562                BusFault_Handler
 .text.UsageFault_Handler
                0x08001564        0x2 ./User/ch32f10x_it.o
                0x08001564                UsageFault_Handler
 .text.SVC_Handler
                0x08001566        0x2 ./User/ch32f10x_it.o
                0x08001566                SVC_Handler
 .text.DebugMon_Handler
                0x08001568        0x2 ./User/ch32f10x_it.o
                0x08001568                DebugMon_Handler
 .text.PendSV_Handler
                0x0800156a        0x2 ./User/ch32f10x_it.o
                0x0800156a                PendSV_Handler
 .text.TimingDelay_Decrement
                0x0800156c       0x14 ./User/ch32f10x_it.o
                0x0800156c                TimingDelay_Decrement
 .text.SysTick_Handler
                0x08001580       0x10 ./User/ch32f10x_it.o
                0x08001580                SysTick_Handler
 .text.TIM4_IRQHandler
                0x08001590       0x28 ./User/ch32f10x_it.o
                0x08001590                TIM4_IRQHandler
 .text.TIM3_IRQHandler
                0x080015b8       0xa8 ./User/ch32f10x_it.o
                0x080015b8                TIM3_IRQHandler
 .text.SystemInit
                0x08001660       0xf0 ./User/system_ch32f10x.o
                0x08001660                SystemInit
 .text.SystemCoreClockUpdate
                0x08001750       0x64 ./User/system_ch32f10x.o
                0x08001750                SystemCoreClockUpdate
 .text.Reset_Handler
                0x080017b4       0x44 ./Startup/startup_ch32f10x.o
                0x080017b4                Reset_Handler
 .text.Default_Handler
                0x080017f8        0x2 ./Startup/startup_ch32f10x.o
                0x080017f8                EXTI2_IRQHandler
                0x080017f8                TIM1_CC_IRQHandler
                0x080017f8                PVD_IRQHandler
                0x080017f8                EXTI3_IRQHandler
                0x080017f8                EXTI0_IRQHandler
                0x080017f8                I2C2_EV_IRQHandler
                0x080017f8                ADC1_2_IRQHandler
                0x080017f8                SPI1_IRQHandler
                0x080017f8                TAMPER_IRQHandler
                0x080017f8                DMA1_Channel4_IRQHandler
                0x080017f8                USART3_IRQHandler
                0x080017f8                RTC_IRQHandler
                0x080017f8                DMA1_Channel7_IRQHandler
                0x080017f8                CAN1_RX1_IRQHandler
                0x080017f8                I2C1_EV_IRQHandler
                0x080017f8                USBHD_IRQHandler
                0x080017f8                DMA1_Channel6_IRQHandler
                0x080017f8                RCC_IRQHandler
                0x080017f8                TIM1_TRG_COM_IRQHandler
                0x080017f8                DMA1_Channel1_IRQHandler
                0x080017f8                Default_Handler
                0x080017f8                EXTI15_10_IRQHandler
                0x080017f8                EXTI9_5_IRQHandler
                0x080017f8                SPI2_IRQHandler
                0x080017f8                DMA1_Channel5_IRQHandler
                0x080017f8                EXTI4_IRQHandler
                0x080017f8                USB_LP_CAN1_RX0_IRQHandler
                0x080017f8                USB_HP_CAN1_TX_IRQHandler
                0x080017f8                DMA1_Channel3_IRQHandler
                0x080017f8                TIM1_UP_IRQHandler
                0x080017f8                WWDG_IRQHandler
                0x080017f8                TIM2_IRQHandler
                0x080017f8                TIM1_BRK_IRQHandler
                0x080017f8                EXTI1_IRQHandler
                0x080017f8                RTCAlarm_IRQHandler
                0x080017f8                USART2_IRQHandler
                0x080017f8                I2C2_ER_IRQHandler
                0x080017f8                DMA1_Channel2_IRQHandler
                0x080017f8                CAN1_SCE_IRQHandler
                0x080017f8                FLASH_IRQHandler
                0x080017f8                I2C1_ER_IRQHandler
                0x080017f8                USBWakeUp_IRQHandler
 .text.GPIO_Init
                0x080017fa       0xa0 ./Peripheral/src/ch32f10x_gpio.o
                0x080017fa                GPIO_Init
 .text.GPIO_ReadInputDataBit
                0x0800189a        0xc ./Peripheral/src/ch32f10x_gpio.o
                0x0800189a                GPIO_ReadInputDataBit
 .text.GPIO_SetBits
                0x080018a6        0x4 ./Peripheral/src/ch32f10x_gpio.o
                0x080018a6                GPIO_SetBits
 .text.GPIO_ResetBits
                0x080018aa        0x4 ./Peripheral/src/ch32f10x_gpio.o
                0x080018aa                GPIO_ResetBits
 *fill*         0x080018ae        0x2 
 .text.NVIC_Init
                0x080018b0       0x58 ./Peripheral/src/ch32f10x_misc.o
                0x080018b0                NVIC_Init
 .text.SysTick_CLKSourceConfig
                0x08001908       0x18 ./Peripheral/src/ch32f10x_misc.o
                0x08001908                SysTick_CLKSourceConfig
 .text.RCC_DeInit
                0x08001920       0x40 ./Peripheral/src/ch32f10x_rcc.o
                0x08001920                RCC_DeInit
 .text.RCC_HSEConfig
                0x08001960       0x38 ./Peripheral/src/ch32f10x_rcc.o
                0x08001960                RCC_HSEConfig
 .text.RCC_PLLConfig
                0x08001998       0x14 ./Peripheral/src/ch32f10x_rcc.o
                0x08001998                RCC_PLLConfig
 .text.RCC_PLLCmd
                0x080019ac        0xc ./Peripheral/src/ch32f10x_rcc.o
                0x080019ac                RCC_PLLCmd
 .text.RCC_SYSCLKConfig
                0x080019b8       0x14 ./Peripheral/src/ch32f10x_rcc.o
                0x080019b8                RCC_SYSCLKConfig
 .text.RCC_GetSYSCLKSource
                0x080019cc       0x10 ./Peripheral/src/ch32f10x_rcc.o
                0x080019cc                RCC_GetSYSCLKSource
 .text.RCC_HCLKConfig
                0x080019dc       0x14 ./Peripheral/src/ch32f10x_rcc.o
                0x080019dc                RCC_HCLKConfig
 .text.RCC_PCLK1Config
                0x080019f0       0x14 ./Peripheral/src/ch32f10x_rcc.o
                0x080019f0                RCC_PCLK1Config
 .text.RCC_PCLK2Config
                0x08001a04       0x14 ./Peripheral/src/ch32f10x_rcc.o
                0x08001a04                RCC_PCLK2Config
 .text.RCC_GetClocksFreq
                0x08001a18       0x90 ./Peripheral/src/ch32f10x_rcc.o
                0x08001a18                RCC_GetClocksFreq
 .text.RCC_APB2PeriphClockCmd
                0x08001aa8       0x18 ./Peripheral/src/ch32f10x_rcc.o
                0x08001aa8                RCC_APB2PeriphClockCmd
 .text.RCC_APB1PeriphClockCmd
                0x08001ac0       0x18 ./Peripheral/src/ch32f10x_rcc.o
                0x08001ac0                RCC_APB1PeriphClockCmd
 .text.RCC_APB2PeriphResetCmd
                0x08001ad8       0x18 ./Peripheral/src/ch32f10x_rcc.o
                0x08001ad8                RCC_APB2PeriphResetCmd
 .text.RCC_APB1PeriphResetCmd
                0x08001af0       0x18 ./Peripheral/src/ch32f10x_rcc.o
                0x08001af0                RCC_APB1PeriphResetCmd
 .text.RCC_GetFlagStatus
                0x08001b08       0x28 ./Peripheral/src/ch32f10x_rcc.o
                0x08001b08                RCC_GetFlagStatus
 .text.TIM_DeInit
                0x08001b30       0x70 ./Peripheral/src/ch32f10x_tim.o
                0x08001b30                TIM_DeInit
 .text.TIM_TimeBaseInit
                0x08001ba0       0x50 ./Peripheral/src/ch32f10x_tim.o
                0x08001ba0                TIM_TimeBaseInit
 .text.TIM_OC1Init
                0x08001bf0       0x68 ./Peripheral/src/ch32f10x_tim.o
                0x08001bf0                TIM_OC1Init
 .text.TIM_OC4Init
                0x08001c58       0x60 ./Peripheral/src/ch32f10x_tim.o
                0x08001c58                TIM_OC4Init
 .text.TIM_Cmd  0x08001cb8       0x18 ./Peripheral/src/ch32f10x_tim.o
                0x08001cb8                TIM_Cmd
 .text.TIM_ITConfig
                0x08001cd0       0x12 ./Peripheral/src/ch32f10x_tim.o
                0x08001cd0                TIM_ITConfig
 .text.TIM_ARRPreloadConfig
                0x08001ce2       0x18 ./Peripheral/src/ch32f10x_tim.o
                0x08001ce2                TIM_ARRPreloadConfig
 .text.TIM_OC4PreloadConfig
                0x08001cfa       0x14 ./Peripheral/src/ch32f10x_tim.o
                0x08001cfa                TIM_OC4PreloadConfig
 .text.TIM_SetCompare1
                0x08001d0e        0x4 ./Peripheral/src/ch32f10x_tim.o
                0x08001d0e                TIM_SetCompare1
 .text.TIM_SetCompare4
                0x08001d12        0x6 ./Peripheral/src/ch32f10x_tim.o
                0x08001d12                TIM_SetCompare4
 .text.TIM_GetITStatus
                0x08001d18       0x16 ./Peripheral/src/ch32f10x_tim.o
                0x08001d18                TIM_GetITStatus
 .text.TIM_ClearITPendingBit
                0x08001d2e        0x8 ./Peripheral/src/ch32f10x_tim.o
                0x08001d2e                TIM_ClearITPendingBit
 *fill*         0x08001d36        0x2 
 .text.USART_Init
                0x08001d38       0x88 ./Peripheral/src/ch32f10x_usart.o
                0x08001d38                USART_Init
 .text.USART_Cmd
                0x08001dc0       0x18 ./Peripheral/src/ch32f10x_usart.o
                0x08001dc0                USART_Cmd
 .text.USART_ITConfig
                0x08001dd8       0x30 ./Peripheral/src/ch32f10x_usart.o
                0x08001dd8                USART_ITConfig
 .text.USART_SendData
                0x08001e08        0x8 ./Peripheral/src/ch32f10x_usart.o
                0x08001e08                USART_SendData
 .text.USART_ReceiveData
                0x08001e10        0x8 ./Peripheral/src/ch32f10x_usart.o
                0x08001e10                USART_ReceiveData
 .text.USART_GetFlagStatus
                0x08001e18        0xc ./Peripheral/src/ch32f10x_usart.o
                0x08001e18                USART_GetFlagStatus
 .text.USART_GetITStatus
                0x08001e24       0x3e ./Peripheral/src/ch32f10x_usart.o
                0x08001e24                USART_GetITStatus
 *fill*         0x08001e62        0x2 
 .text.Delay_Init
                0x08001e64       0x3c ./Debug/debug.o
                0x08001e64                Delay_Init
 .text.Delay_Us
                0x08001ea0       0x38 ./Debug/debug.o
                0x08001ea0                Delay_Us
 .text.Delay_Ms
                0x08001ed8       0x38 ./Debug/debug.o
                0x08001ed8                Delay_Ms
 .text.USART_Printf_Init
                0x08001f10       0x50 ./Debug/debug.o
                0x08001f10                USART_Printf_Init
 .text._write   0x08001f60       0x30 ./Debug/debug.o
                0x08001f60                _write
 .text.atoi     0x08001f90        0x8 c:/mounriver/mounriver_studio2/resources/app/resources/win32/components/wch/toolchain/arm-none-eabi-gcc/bin/../lib/gcc/arm-none-eabi/9.3.1/../../../../arm-none-eabi/lib/thumb/v7-m/nofp\libg_nano.a(lib_a-atoi.o)
                0x08001f90                atoi
 .text.memset   0x08001f98       0x10 c:/mounriver/mounriver_studio2/resources/app/resources/win32/components/wch/toolchain/arm-none-eabi-gcc/bin/../lib/gcc/arm-none-eabi/9.3.1/../../../../arm-none-eabi/lib/thumb/v7-m/nofp\libg_nano.a(lib_a-memset.o)
                0x08001f98                memset
 .text.printf   0x08001fa8       0x30 c:/mounriver/mounriver_studio2/resources/app/resources/win32/components/wch/toolchain/arm-none-eabi-gcc/bin/../lib/gcc/arm-none-eabi/9.3.1/../../../../arm-none-eabi/lib/thumb/v7-m/nofp\libg_nano.a(lib_a-printf.o)
                0x08001fa8                iprintf
                0x08001fa8                printf
 .text._puts_r  0x08001fd8       0xdc c:/mounriver/mounriver_studio2/resources/app/resources/win32/components/wch/toolchain/arm-none-eabi-gcc/bin/../lib/gcc/arm-none-eabi/9.3.1/../../../../arm-none-eabi/lib/thumb/v7-m/nofp\libg_nano.a(lib_a-puts.o)
                0x08001fd8                _puts_r
 .text.puts     0x080020b4       0x10 c:/mounriver/mounriver_studio2/resources/app/resources/win32/components/wch/toolchain/arm-none-eabi-gcc/bin/../lib/gcc/arm-none-eabi/9.3.1/../../../../arm-none-eabi/lib/thumb/v7-m/nofp\libg_nano.a(lib_a-puts.o)
                0x080020b4                puts
 .text.sprintf  0x080020c4       0x40 c:/mounriver/mounriver_studio2/resources/app/resources/win32/components/wch/toolchain/arm-none-eabi-gcc/bin/../lib/gcc/arm-none-eabi/9.3.1/../../../../arm-none-eabi/lib/thumb/v7-m/nofp\libg_nano.a(lib_a-sprintf.o)
                0x080020c4                siprintf
                0x080020c4                sprintf
 .text.sscanf   0x08002104       0x54 c:/mounriver/mounriver_studio2/resources/app/resources/win32/components/wch/toolchain/arm-none-eabi-gcc/bin/../lib/gcc/arm-none-eabi/9.3.1/../../../../arm-none-eabi/lib/thumb/v7-m/nofp\libg_nano.a(lib_a-sscanf.o)
                0x08002104                siscanf
                0x08002104                sscanf
 .text.__sread  0x08002158       0x22 c:/mounriver/mounriver_studio2/resources/app/resources/win32/components/wch/toolchain/arm-none-eabi-gcc/bin/../lib/gcc/arm-none-eabi/9.3.1/../../../../arm-none-eabi/lib/thumb/v7-m/nofp\libg_nano.a(lib_a-stdio.o)
                0x08002158                __sread
 .text.__seofread
                0x0800217a        0x4 c:/mounriver/mounriver_studio2/resources/app/resources/win32/components/wch/toolchain/arm-none-eabi-gcc/bin/../lib/gcc/arm-none-eabi/9.3.1/../../../../arm-none-eabi/lib/thumb/v7-m/nofp\libg_nano.a(lib_a-stdio.o)
                0x0800217a                __seofread
 .text.__swrite
                0x0800217e       0x38 c:/mounriver/mounriver_studio2/resources/app/resources/win32/components/wch/toolchain/arm-none-eabi-gcc/bin/../lib/gcc/arm-none-eabi/9.3.1/../../../../arm-none-eabi/lib/thumb/v7-m/nofp\libg_nano.a(lib_a-stdio.o)
                0x0800217e                __swrite
 .text.__sseek  0x080021b6       0x24 c:/mounriver/mounriver_studio2/resources/app/resources/win32/components/wch/toolchain/arm-none-eabi-gcc/bin/../lib/gcc/arm-none-eabi/9.3.1/../../../../arm-none-eabi/lib/thumb/v7-m/nofp\libg_nano.a(lib_a-stdio.o)
                0x080021b6                __sseek
 .text.__sclose
                0x080021da        0x8 c:/mounriver/mounriver_studio2/resources/app/resources/win32/components/wch/toolchain/arm-none-eabi-gcc/bin/../lib/gcc/arm-none-eabi/9.3.1/../../../../arm-none-eabi/lib/thumb/v7-m/nofp\libg_nano.a(lib_a-stdio.o)
                0x080021da                __sclose
 .text.strncmp  0x080021e2       0x24 c:/mounriver/mounriver_studio2/resources/app/resources/win32/components/wch/toolchain/arm-none-eabi-gcc/bin/../lib/gcc/arm-none-eabi/9.3.1/../../../../arm-none-eabi/lib/thumb/v7-m/nofp\libg_nano.a(lib_a-strncmp.o)
                0x080021e2                strncmp
 .text.strstr   0x08002206       0x2e c:/mounriver/mounriver_studio2/resources/app/resources/win32/components/wch/toolchain/arm-none-eabi-gcc/bin/../lib/gcc/arm-none-eabi/9.3.1/../../../../arm-none-eabi/lib/thumb/v7-m/nofp\libg_nano.a(lib_a-strstr.o)
                0x08002206                strstr
 .text._strtol_l.isra.0
                0x08002234      0x10c c:/mounriver/mounriver_studio2/resources/app/resources/win32/components/wch/toolchain/arm-none-eabi-gcc/bin/../lib/gcc/arm-none-eabi/9.3.1/../../../../arm-none-eabi/lib/thumb/v7-m/nofp\libg_nano.a(lib_a-strtol.o)
 .text._strtol_r
                0x08002340        0x4 c:/mounriver/mounriver_studio2/resources/app/resources/win32/components/wch/toolchain/arm-none-eabi-gcc/bin/../lib/gcc/arm-none-eabi/9.3.1/../../../../arm-none-eabi/lib/thumb/v7-m/nofp\libg_nano.a(lib_a-strtol.o)
                0x08002340                _strtol_r
 .text.strtol   0x08002344       0x14 c:/mounriver/mounriver_studio2/resources/app/resources/win32/components/wch/toolchain/arm-none-eabi-gcc/bin/../lib/gcc/arm-none-eabi/9.3.1/../../../../arm-none-eabi/lib/thumb/v7-m/nofp\libg_nano.a(lib_a-strtol.o)
                0x08002344                strtol
 .text.__swbuf_r
                0x08002358       0xa4 c:/mounriver/mounriver_studio2/resources/app/resources/win32/components/wch/toolchain/arm-none-eabi-gcc/bin/../lib/gcc/arm-none-eabi/9.3.1/../../../../arm-none-eabi/lib/thumb/v7-m/nofp\libg_nano.a(lib_a-wbuf.o)
                0x08002358                __swbuf_r
 .text._write_r
                0x080023fc       0x24 c:/mounriver/mounriver_studio2/resources/app/resources/win32/components/wch/toolchain/arm-none-eabi-gcc/bin/../lib/gcc/arm-none-eabi/9.3.1/../../../../arm-none-eabi/lib/thumb/v7-m/nofp\libg_nano.a(lib_a-writer.o)
                0x080023fc                _write_r
 .text.__swsetup_r
                0x08002420       0xdc c:/mounriver/mounriver_studio2/resources/app/resources/win32/components/wch/toolchain/arm-none-eabi-gcc/bin/../lib/gcc/arm-none-eabi/9.3.1/../../../../arm-none-eabi/lib/thumb/v7-m/nofp\libg_nano.a(lib_a-wsetup.o)
                0x08002420                __swsetup_r
 .text._close_r
                0x080024fc       0x20 c:/mounriver/mounriver_studio2/resources/app/resources/win32/components/wch/toolchain/arm-none-eabi-gcc/bin/../lib/gcc/arm-none-eabi/9.3.1/../../../../arm-none-eabi/lib/thumb/v7-m/nofp\libg_nano.a(lib_a-closer.o)
                0x080024fc                _close_r
 .text.__errno  0x0800251c        0xc c:/mounriver/mounriver_studio2/resources/app/resources/win32/components/wch/toolchain/arm-none-eabi-gcc/bin/../lib/gcc/arm-none-eabi/9.3.1/../../../../arm-none-eabi/lib/thumb/v7-m/nofp\libg_nano.a(lib_a-errno.o)
                0x0800251c                __errno
 .text.__sflush_r
                0x08002528      0x10c c:/mounriver/mounriver_studio2/resources/app/resources/win32/components/wch/toolchain/arm-none-eabi-gcc/bin/../lib/gcc/arm-none-eabi/9.3.1/../../../../arm-none-eabi/lib/thumb/v7-m/nofp\libg_nano.a(lib_a-fflush.o)
                0x08002528                __sflush_r
 .text._fflush_r
                0x08002634       0x78 c:/mounriver/mounriver_studio2/resources/app/resources/win32/components/wch/toolchain/arm-none-eabi-gcc/bin/../lib/gcc/arm-none-eabi/9.3.1/../../../../arm-none-eabi/lib/thumb/v7-m/nofp\libg_nano.a(lib_a-fflush.o)
                0x08002634                _fflush_r
 .text.std      0x080026ac       0x48 c:/mounriver/mounriver_studio2/resources/app/resources/win32/components/wch/toolchain/arm-none-eabi-gcc/bin/../lib/gcc/arm-none-eabi/9.3.1/../../../../arm-none-eabi/lib/thumb/v7-m/nofp\libg_nano.a(lib_a-findfp.o)
 .text._cleanup_r
                0x080026f4        0xc c:/mounriver/mounriver_studio2/resources/app/resources/win32/components/wch/toolchain/arm-none-eabi-gcc/bin/../lib/gcc/arm-none-eabi/9.3.1/../../../../arm-none-eabi/lib/thumb/v7-m/nofp\libg_nano.a(lib_a-findfp.o)
                0x080026f4                _cleanup_r
 .text.__sfmoreglue
                0x08002700       0x2c c:/mounriver/mounriver_studio2/resources/app/resources/win32/components/wch/toolchain/arm-none-eabi-gcc/bin/../lib/gcc/arm-none-eabi/9.3.1/../../../../arm-none-eabi/lib/thumb/v7-m/nofp\libg_nano.a(lib_a-findfp.o)
                0x08002700                __sfmoreglue
 .text.__sfp_lock_acquire
                0x0800272c        0xc c:/mounriver/mounriver_studio2/resources/app/resources/win32/components/wch/toolchain/arm-none-eabi-gcc/bin/../lib/gcc/arm-none-eabi/9.3.1/../../../../arm-none-eabi/lib/thumb/v7-m/nofp\libg_nano.a(lib_a-findfp.o)
                0x0800272c                __sfp_lock_acquire
 .text.__sfp_lock_release
                0x08002738        0xc c:/mounriver/mounriver_studio2/resources/app/resources/win32/components/wch/toolchain/arm-none-eabi-gcc/bin/../lib/gcc/arm-none-eabi/9.3.1/../../../../arm-none-eabi/lib/thumb/v7-m/nofp\libg_nano.a(lib_a-findfp.o)
                0x08002738                __sfp_lock_release
 .text.__sinit_lock_acquire
                0x08002744        0xc c:/mounriver/mounriver_studio2/resources/app/resources/win32/components/wch/toolchain/arm-none-eabi-gcc/bin/../lib/gcc/arm-none-eabi/9.3.1/../../../../arm-none-eabi/lib/thumb/v7-m/nofp\libg_nano.a(lib_a-findfp.o)
                0x08002744                __sinit_lock_acquire
 .text.__sinit_lock_release
                0x08002750        0xc c:/mounriver/mounriver_studio2/resources/app/resources/win32/components/wch/toolchain/arm-none-eabi-gcc/bin/../lib/gcc/arm-none-eabi/9.3.1/../../../../arm-none-eabi/lib/thumb/v7-m/nofp\libg_nano.a(lib_a-findfp.o)
                0x08002750                __sinit_lock_release
 .text.__sinit  0x0800275c       0x70 c:/mounriver/mounriver_studio2/resources/app/resources/win32/components/wch/toolchain/arm-none-eabi-gcc/bin/../lib/gcc/arm-none-eabi/9.3.1/../../../../arm-none-eabi/lib/thumb/v7-m/nofp\libg_nano.a(lib_a-findfp.o)
                0x0800275c                __sinit
 .text.__sfp    0x080027cc       0x8c c:/mounriver/mounriver_studio2/resources/app/resources/win32/components/wch/toolchain/arm-none-eabi-gcc/bin/../lib/gcc/arm-none-eabi/9.3.1/../../../../arm-none-eabi/lib/thumb/v7-m/nofp\libg_nano.a(lib_a-findfp.o)
                0x080027cc                __sfp
 .text._fwalk_reent
                0x08002858       0x3e c:/mounriver/mounriver_studio2/resources/app/resources/win32/components/wch/toolchain/arm-none-eabi-gcc/bin/../lib/gcc/arm-none-eabi/9.3.1/../../../../arm-none-eabi/lib/thumb/v7-m/nofp\libg_nano.a(lib_a-fwalk.o)
                0x08002858                _fwalk_reent
 .text.__retarget_lock_init_recursive
                0x08002896        0x2 c:/mounriver/mounriver_studio2/resources/app/resources/win32/components/wch/toolchain/arm-none-eabi-gcc/bin/../lib/gcc/arm-none-eabi/9.3.1/../../../../arm-none-eabi/lib/thumb/v7-m/nofp\libg_nano.a(lib_a-lock.o)
                0x08002896                __retarget_lock_init_recursive
 .text.__retarget_lock_acquire_recursive
                0x08002898        0x2 c:/mounriver/mounriver_studio2/resources/app/resources/win32/components/wch/toolchain/arm-none-eabi-gcc/bin/../lib/gcc/arm-none-eabi/9.3.1/../../../../arm-none-eabi/lib/thumb/v7-m/nofp\libg_nano.a(lib_a-lock.o)
                0x08002898                __retarget_lock_acquire_recursive
 .text.__retarget_lock_release_recursive
                0x0800289a        0x2 c:/mounriver/mounriver_studio2/resources/app/resources/win32/components/wch/toolchain/arm-none-eabi-gcc/bin/../lib/gcc/arm-none-eabi/9.3.1/../../../../arm-none-eabi/lib/thumb/v7-m/nofp\libg_nano.a(lib_a-lock.o)
                0x0800289a                __retarget_lock_release_recursive
 .text._lseek_r
                0x0800289c       0x24 c:/mounriver/mounriver_studio2/resources/app/resources/win32/components/wch/toolchain/arm-none-eabi-gcc/bin/../lib/gcc/arm-none-eabi/9.3.1/../../../../arm-none-eabi/lib/thumb/v7-m/nofp\libg_nano.a(lib_a-lseekr.o)
                0x0800289c                _lseek_r
 .text.__swhatbuf_r
                0x080028c0       0x48 c:/mounriver/mounriver_studio2/resources/app/resources/win32/components/wch/toolchain/arm-none-eabi-gcc/bin/../lib/gcc/arm-none-eabi/9.3.1/../../../../arm-none-eabi/lib/thumb/v7-m/nofp\libg_nano.a(lib_a-makebuf.o)
                0x080028c0                __swhatbuf_r
 .text.__smakebuf_r
                0x08002908       0x80 c:/mounriver/mounriver_studio2/resources/app/resources/win32/components/wch/toolchain/arm-none-eabi-gcc/bin/../lib/gcc/arm-none-eabi/9.3.1/../../../../arm-none-eabi/lib/thumb/v7-m/nofp\libg_nano.a(lib_a-makebuf.o)
                0x08002908                __smakebuf_r
 .text._free_r  0x08002988       0x98 c:/mounriver/mounriver_studio2/resources/app/resources/win32/components/wch/toolchain/arm-none-eabi-gcc/bin/../lib/gcc/arm-none-eabi/9.3.1/../../../../arm-none-eabi/lib/thumb/v7-m/nofp\libg_nano.a(lib_a-nano-freer.o)
                0x08002988                _free_r
 .text._malloc_r
                0x08002a20       0xb4 c:/mounriver/mounriver_studio2/resources/app/resources/win32/components/wch/toolchain/arm-none-eabi-gcc/bin/../lib/gcc/arm-none-eabi/9.3.1/../../../../arm-none-eabi/lib/thumb/v7-m/nofp\libg_nano.a(lib_a-nano-mallocr.o)
                0x08002a20                _malloc_r
 .text.__ssputs_r
                0x08002ad4       0xb6 c:/mounriver/mounriver_studio2/resources/app/resources/win32/components/wch/toolchain/arm-none-eabi-gcc/bin/../lib/gcc/arm-none-eabi/9.3.1/../../../../arm-none-eabi/lib/thumb/v7-m/nofp\libg_nano.a(lib_a-nano-svfprintf.o)
                0x08002ad4                __ssputs_r
 *fill*         0x08002b8a        0x2 
 .text._svfprintf_r
                0x08002b8c      0x200 c:/mounriver/mounriver_studio2/resources/app/resources/win32/components/wch/toolchain/arm-none-eabi-gcc/bin/../lib/gcc/arm-none-eabi/9.3.1/../../../../arm-none-eabi/lib/thumb/v7-m/nofp\libg_nano.a(lib_a-nano-svfprintf.o)
                0x08002b8c                _svfiprintf_r
                0x08002b8c                _svfprintf_r
 .text._sungetc_r
                0x08002d8c       0x7a c:/mounriver/mounriver_studio2/resources/app/resources/win32/components/wch/toolchain/arm-none-eabi-gcc/bin/../lib/gcc/arm-none-eabi/9.3.1/../../../../arm-none-eabi/lib/thumb/v7-m/nofp\libg_nano.a(lib_a-nano-svfscanf.o)
                0x08002d8c                _sungetc_r
 .text.__ssrefill_r
                0x08002e06       0x3a c:/mounriver/mounriver_studio2/resources/app/resources/win32/components/wch/toolchain/arm-none-eabi-gcc/bin/../lib/gcc/arm-none-eabi/9.3.1/../../../../arm-none-eabi/lib/thumb/v7-m/nofp\libg_nano.a(lib_a-nano-svfscanf.o)
                0x08002e06                __ssrefill_r
 .text.__ssvfscanf_r
                0x08002e40      0x2f4 c:/mounriver/mounriver_studio2/resources/app/resources/win32/components/wch/toolchain/arm-none-eabi-gcc/bin/../lib/gcc/arm-none-eabi/9.3.1/../../../../arm-none-eabi/lib/thumb/v7-m/nofp\libg_nano.a(lib_a-nano-svfscanf.o)
                0x08002e40                __ssvfiscanf_r
                0x08002e40                __ssvfscanf_r
 .text.__sfputc_r
                0x08003134       0x2a c:/mounriver/mounriver_studio2/resources/app/resources/win32/components/wch/toolchain/arm-none-eabi-gcc/bin/../lib/gcc/arm-none-eabi/9.3.1/../../../../arm-none-eabi/lib/thumb/v7-m/nofp\libg_nano.a(lib_a-nano-vfprintf.o)
 .text.__sfputs_r
                0x0800315e       0x24 c:/mounriver/mounriver_studio2/resources/app/resources/win32/components/wch/toolchain/arm-none-eabi-gcc/bin/../lib/gcc/arm-none-eabi/9.3.1/../../../../arm-none-eabi/lib/thumb/v7-m/nofp\libg_nano.a(lib_a-nano-vfprintf.o)
                0x0800315e                __sfputs_r
 *fill*         0x08003182        0x2 
 .text._vfprintf_r
                0x08003184      0x260 c:/mounriver/mounriver_studio2/resources/app/resources/win32/components/wch/toolchain/arm-none-eabi-gcc/bin/../lib/gcc/arm-none-eabi/9.3.1/../../../../arm-none-eabi/lib/thumb/v7-m/nofp\libg_nano.a(lib_a-nano-vfprintf.o)
                0x08003184                _vfprintf_r
                0x08003184                _vfiprintf_r
 .text._printf_common
                0x080033e4       0xde c:/mounriver/mounriver_studio2/resources/app/resources/win32/components/wch/toolchain/arm-none-eabi-gcc/bin/../lib/gcc/arm-none-eabi/9.3.1/../../../../arm-none-eabi/lib/thumb/v7-m/nofp\libg_nano.a(lib_a-nano-vfprintf_i.o)
                0x080033e4                _printf_common
 *fill*         0x080034c2        0x2 
 .text._printf_i
                0x080034c4      0x24c c:/mounriver/mounriver_studio2/resources/app/resources/win32/components/wch/toolchain/arm-none-eabi-gcc/bin/../lib/gcc/arm-none-eabi/9.3.1/../../../../arm-none-eabi/lib/thumb/v7-m/nofp\libg_nano.a(lib_a-nano-vfprintf_i.o)
                0x080034c4                _printf_i
 .text._scanf_chars
                0x08003710       0xb0 c:/mounriver/mounriver_studio2/resources/app/resources/win32/components/wch/toolchain/arm-none-eabi-gcc/bin/../lib/gcc/arm-none-eabi/9.3.1/../../../../arm-none-eabi/lib/thumb/v7-m/nofp\libg_nano.a(lib_a-nano-vfscanf_i.o)
                0x08003710                _scanf_chars
 .text._scanf_i
                0x080037c0      0x1e4 c:/mounriver/mounriver_studio2/resources/app/resources/win32/components/wch/toolchain/arm-none-eabi-gcc/bin/../lib/gcc/arm-none-eabi/9.3.1/../../../../arm-none-eabi/lib/thumb/v7-m/nofp\libg_nano.a(lib_a-nano-vfscanf_i.o)
                0x080037c0                _scanf_i
 .text._read_r  0x080039a4       0x24 c:/mounriver/mounriver_studio2/resources/app/resources/win32/components/wch/toolchain/arm-none-eabi-gcc/bin/../lib/gcc/arm-none-eabi/9.3.1/../../../../arm-none-eabi/lib/thumb/v7-m/nofp\libg_nano.a(lib_a-readr.o)
                0x080039a4                _read_r
 .text._sbrk_r  0x080039c8       0x20 c:/mounriver/mounriver_studio2/resources/app/resources/win32/components/wch/toolchain/arm-none-eabi-gcc/bin/../lib/gcc/arm-none-eabi/9.3.1/../../../../arm-none-eabi/lib/thumb/v7-m/nofp\libg_nano.a(lib_a-sbrkr.o)
                0x080039c8                _sbrk_r
 .text.__sccl   0x080039e8       0x74 c:/mounriver/mounriver_studio2/resources/app/resources/win32/components/wch/toolchain/arm-none-eabi-gcc/bin/../lib/gcc/arm-none-eabi/9.3.1/../../../../arm-none-eabi/lib/thumb/v7-m/nofp\libg_nano.a(lib_a-sccl.o)
                0x080039e8                __sccl
 .text._strtoul_l.isra.0
                0x08003a5c       0xf8 c:/mounriver/mounriver_studio2/resources/app/resources/win32/components/wch/toolchain/arm-none-eabi-gcc/bin/../lib/gcc/arm-none-eabi/9.3.1/../../../../arm-none-eabi/lib/thumb/v7-m/nofp\libg_nano.a(lib_a-strtoul.o)
 .text._strtoul_r
                0x08003b54        0x4 c:/mounriver/mounriver_studio2/resources/app/resources/win32/components/wch/toolchain/arm-none-eabi-gcc/bin/../lib/gcc/arm-none-eabi/9.3.1/../../../../arm-none-eabi/lib/thumb/v7-m/nofp\libg_nano.a(lib_a-strtoul.o)
                0x08003b54                _strtoul_r
 .text.__submore
                0x08003b58       0x70 c:/mounriver/mounriver_studio2/resources/app/resources/win32/components/wch/toolchain/arm-none-eabi-gcc/bin/../lib/gcc/arm-none-eabi/9.3.1/../../../../arm-none-eabi/lib/thumb/v7-m/nofp\libg_nano.a(lib_a-ungetc.o)
                0x08003b58                __submore
 .text._fstat_r
                0x08003bc8       0x24 c:/mounriver/mounriver_studio2/resources/app/resources/win32/components/wch/toolchain/arm-none-eabi-gcc/bin/../lib/gcc/arm-none-eabi/9.3.1/../../../../arm-none-eabi/lib/thumb/v7-m/nofp\libg_nano.a(lib_a-fstatr.o)
                0x08003bc8                _fstat_r
 .text._isatty_r
                0x08003bec       0x20 c:/mounriver/mounriver_studio2/resources/app/resources/win32/components/wch/toolchain/arm-none-eabi-gcc/bin/../lib/gcc/arm-none-eabi/9.3.1/../../../../arm-none-eabi/lib/thumb/v7-m/nofp\libg_nano.a(lib_a-isattyr.o)
                0x08003bec                _isatty_r
 .text.memchr   0x08003c0c       0x1c c:/mounriver/mounriver_studio2/resources/app/resources/win32/components/wch/toolchain/arm-none-eabi-gcc/bin/../lib/gcc/arm-none-eabi/9.3.1/../../../../arm-none-eabi/lib/thumb/v7-m/nofp\libg_nano.a(lib_a-memchr-stub.o)
                0x08003c0c                memchr
 .text.memcpy   0x08003c28       0x1c c:/mounriver/mounriver_studio2/resources/app/resources/win32/components/wch/toolchain/arm-none-eabi-gcc/bin/../lib/gcc/arm-none-eabi/9.3.1/../../../../arm-none-eabi/lib/thumb/v7-m/nofp\libg_nano.a(lib_a-memcpy-stub.o)
                0x08003c28                memcpy
 .text.memmove  0x08003c44       0x34 c:/mounriver/mounriver_studio2/resources/app/resources/win32/components/wch/toolchain/arm-none-eabi-gcc/bin/../lib/gcc/arm-none-eabi/9.3.1/../../../../arm-none-eabi/lib/thumb/v7-m/nofp\libg_nano.a(lib_a-memmove.o)
                0x08003c44                memmove
 .text.__malloc_lock
                0x08003c78        0xc c:/mounriver/mounriver_studio2/resources/app/resources/win32/components/wch/toolchain/arm-none-eabi-gcc/bin/../lib/gcc/arm-none-eabi/9.3.1/../../../../arm-none-eabi/lib/thumb/v7-m/nofp\libg_nano.a(lib_a-mlock.o)
                0x08003c78                __malloc_lock
 .text.__malloc_unlock
                0x08003c84        0xc c:/mounriver/mounriver_studio2/resources/app/resources/win32/components/wch/toolchain/arm-none-eabi-gcc/bin/../lib/gcc/arm-none-eabi/9.3.1/../../../../arm-none-eabi/lib/thumb/v7-m/nofp\libg_nano.a(lib_a-mlock.o)
                0x08003c84                __malloc_unlock
 .text._realloc_r
                0x08003c90       0x4c c:/mounriver/mounriver_studio2/resources/app/resources/win32/components/wch/toolchain/arm-none-eabi-gcc/bin/../lib/gcc/arm-none-eabi/9.3.1/../../../../arm-none-eabi/lib/thumb/v7-m/nofp\libg_nano.a(lib_a-nano-reallocr.o)
                0x08003c90                _realloc_r
 .text._malloc_usable_size_r
                0x08003cdc       0x10 c:/mounriver/mounriver_studio2/resources/app/resources/win32/components/wch/toolchain/arm-none-eabi-gcc/bin/../lib/gcc/arm-none-eabi/9.3.1/../../../../arm-none-eabi/lib/thumb/v7-m/nofp\libg_nano.a(lib_a-nano-msizer.o)
                0x08003cdc                _malloc_usable_size_r
 .text._close   0x08003cec       0x10 c:/mounriver/mounriver_studio2/resources/app/resources/win32/components/wch/toolchain/arm-none-eabi-gcc/bin/../lib/gcc/arm-none-eabi/9.3.1/../../../../arm-none-eabi/lib/thumb/v7-m/nofp\libnosys.a(close.o)
                0x08003cec                _close
 .text._fstat   0x08003cfc       0x10 c:/mounriver/mounriver_studio2/resources/app/resources/win32/components/wch/toolchain/arm-none-eabi-gcc/bin/../lib/gcc/arm-none-eabi/9.3.1/../../../../arm-none-eabi/lib/thumb/v7-m/nofp\libnosys.a(fstat.o)
                0x08003cfc                _fstat
 .text._isatty  0x08003d0c       0x10 c:/mounriver/mounriver_studio2/resources/app/resources/win32/components/wch/toolchain/arm-none-eabi-gcc/bin/../lib/gcc/arm-none-eabi/9.3.1/../../../../arm-none-eabi/lib/thumb/v7-m/nofp\libnosys.a(isatty.o)
                0x08003d0c                _isatty
 .text._lseek   0x08003d1c       0x10 c:/mounriver/mounriver_studio2/resources/app/resources/win32/components/wch/toolchain/arm-none-eabi-gcc/bin/../lib/gcc/arm-none-eabi/9.3.1/../../../../arm-none-eabi/lib/thumb/v7-m/nofp\libnosys.a(lseek.o)
                0x08003d1c                _lseek
 .text._read    0x08003d2c       0x10 c:/mounriver/mounriver_studio2/resources/app/resources/win32/components/wch/toolchain/arm-none-eabi-gcc/bin/../lib/gcc/arm-none-eabi/9.3.1/../../../../arm-none-eabi/lib/thumb/v7-m/nofp\libnosys.a(read.o)
                0x08003d2c                _read
 .text._sbrk    0x08003d3c       0x1c c:/mounriver/mounriver_studio2/resources/app/resources/win32/components/wch/toolchain/arm-none-eabi-gcc/bin/../lib/gcc/arm-none-eabi/9.3.1/../../../../arm-none-eabi/lib/thumb/v7-m/nofp\libnosys.a(sbrk.o)
                0x08003d3c                _sbrk
 *(.rodata)
 .rodata        0x08003d58        0xc c:/mounriver/mounriver_studio2/resources/app/resources/win32/components/wch/toolchain/arm-none-eabi-gcc/bin/../lib/gcc/arm-none-eabi/9.3.1/../../../../arm-none-eabi/lib/thumb/v7-m/nofp\libg_nano.a(lib_a-nano-vfscanf_i.o)
 *(.rodata*)
 .rodata.I2C1_Init.str1.1
                0x08003d64       0x20 ./User/Main.o
 .rodata.Read_Ambient_Light.str1.1
                0x08003d84       0x2c ./User/Main.o
 .rodata.Parse_ESP8266_Cmd.str1.1
                0x08003db0       0x5e ./User/Main.o
 .rodata.UART1_Send_Status.str1.1
                0x08003e0e       0x7d ./User/Main.o
 .rodata.main.str1.1
                0x08003e8b       0x7d ./User/Main.o
 .rodata._ctype_
                0x08003f08      0x101 c:/mounriver/mounriver_studio2/resources/app/resources/win32/components/wch/toolchain/arm-none-eabi-gcc/bin/../lib/gcc/arm-none-eabi/9.3.1/../../../../arm-none-eabi/lib/thumb/v7-m/nofp\libg_nano.a(lib_a-ctype_.o)
                0x08003f08                _ctype_
 *fill*         0x08004009        0x3 
 .rodata.__sf_fake_stderr
                0x0800400c       0x20 c:/mounriver/mounriver_studio2/resources/app/resources/win32/components/wch/toolchain/arm-none-eabi-gcc/bin/../lib/gcc/arm-none-eabi/9.3.1/../../../../arm-none-eabi/lib/thumb/v7-m/nofp\libg_nano.a(lib_a-findfp.o)
                0x0800400c                __sf_fake_stderr
 .rodata.__sf_fake_stdin
                0x0800402c       0x20 c:/mounriver/mounriver_studio2/resources/app/resources/win32/components/wch/toolchain/arm-none-eabi-gcc/bin/../lib/gcc/arm-none-eabi/9.3.1/../../../../arm-none-eabi/lib/thumb/v7-m/nofp\libg_nano.a(lib_a-findfp.o)
                0x0800402c                __sf_fake_stdin
 .rodata.__sf_fake_stdout
                0x0800404c       0x20 c:/mounriver/mounriver_studio2/resources/app/resources/win32/components/wch/toolchain/arm-none-eabi-gcc/bin/../lib/gcc/arm-none-eabi/9.3.1/../../../../arm-none-eabi/lib/thumb/v7-m/nofp\libg_nano.a(lib_a-findfp.o)
                0x0800404c                __sf_fake_stdout
 .rodata._global_impure_ptr
                0x0800406c        0x4 c:/mounriver/mounriver_studio2/resources/app/resources/win32/components/wch/toolchain/arm-none-eabi-gcc/bin/../lib/gcc/arm-none-eabi/9.3.1/../../../../arm-none-eabi/lib/thumb/v7-m/nofp\libg_nano.a(lib_a-impure.o)
                0x0800406c                _global_impure_ptr
 .rodata._svfprintf_r.str1.1
                0x08004070       0x11 c:/mounriver/mounriver_studio2/resources/app/resources/win32/components/wch/toolchain/arm-none-eabi-gcc/bin/../lib/gcc/arm-none-eabi/9.3.1/../../../../arm-none-eabi/lib/thumb/v7-m/nofp\libg_nano.a(lib_a-nano-svfprintf.o)
 .rodata.__ssvfscanf_r.str1.1
                0x08004081        0x4 c:/mounriver/mounriver_studio2/resources/app/resources/win32/components/wch/toolchain/arm-none-eabi-gcc/bin/../lib/gcc/arm-none-eabi/9.3.1/../../../../arm-none-eabi/lib/thumb/v7-m/nofp\libg_nano.a(lib_a-nano-svfscanf.o)
 .rodata._vfprintf_r.str1.1
                0x08004081       0x11 c:/mounriver/mounriver_studio2/resources/app/resources/win32/components/wch/toolchain/arm-none-eabi-gcc/bin/../lib/gcc/arm-none-eabi/9.3.1/../../../../arm-none-eabi/lib/thumb/v7-m/nofp\libg_nano.a(lib_a-nano-vfprintf.o)
 .rodata._printf_i.str1.1
                0x08004081       0x22 c:/mounriver/mounriver_studio2/resources/app/resources/win32/components/wch/toolchain/arm-none-eabi-gcc/bin/../lib/gcc/arm-none-eabi/9.3.1/../../../../arm-none-eabi/lib/thumb/v7-m/nofp\libg_nano.a(lib_a-nano-vfprintf_i.o)
 .rodata.str1.1
                0x080040a3        0x9 c:/mounriver/mounriver_studio2/resources/app/resources/win32/components/wch/toolchain/arm-none-eabi-gcc/bin/../lib/gcc/arm-none-eabi/9.3.1/../../../../arm-none-eabi/lib/thumb/v7-m/nofp\libg_nano.a(lib_a-nano-vfscanf_i.o)
 .rodata._scanf_i.str1.1
                0x080040ac       0x12 c:/mounriver/mounriver_studio2/resources/app/resources/win32/components/wch/toolchain/arm-none-eabi-gcc/bin/../lib/gcc/arm-none-eabi/9.3.1/../../../../arm-none-eabi/lib/thumb/v7-m/nofp\libg_nano.a(lib_a-nano-vfscanf_i.o)
 *(.glue_7)
 .glue_7        0x080040be        0x0 linker stubs
 *(.glue_7t)
 .glue_7t       0x080040be        0x0 linker stubs
 *(.eh_frame)
 *(.init)
 *(.fini)
                0x080040c0                . = ALIGN (0x4)
 *fill*         0x080040be        0x2 
                0x080040c0                _etext = .

.vfp11_veneer   0x080040c0        0x0
 .vfp11_veneer  0x080040c0        0x0 linker stubs

.v4_bx          0x080040c0        0x0
 .v4_bx         0x080040c0        0x0 linker stubs

.iplt           0x080040c0        0x0
 .iplt          0x080040c0        0x0 ./User/Main.o

.rel.dyn        0x080040c0        0x0
 .rel.iplt      0x080040c0        0x0 ./User/Main.o

.ARM.extab
 *(.ARM.extab* .gnu.linkonce.armextab.*)

.ARM            0x080040c0        0x0
                0x080040c0                __exidx_start = .
 *(.ARM.exidx*)
                0x080040c0                __exidx_end = .

.preinit_array  0x080040c0        0x0
                [!provide]                PROVIDE (__preinit_array_start = .)
 *(.preinit_array*)
                [!provide]                PROVIDE (__preinit_array_end = .)

.init_array     0x080040c0        0x0
                [!provide]                PROVIDE (__init_array_start = .)
 *(SORT_BY_NAME(.init_array.*))
 *(.init_array*)
                [!provide]                PROVIDE (__init_array_end = .)

.fini_array     0x080040c0        0x0
                [!provide]                PROVIDE (__fini_array_start = .)
 *(.fini_array*)
 *(SORT_BY_NAME(.fini_array.*))
                [!provide]                PROVIDE (__fini_array_end = .)
                0x080040c0                _sidata = .

.data           0x20000000       0x98 load address 0x080040c0
                0x20000000                . = ALIGN (0x4)
                0x20000000                _sdata = .
 *(.data)
 *(.data*)
 .data.g_bh1750_addr
                0x20000000        0x1 ./User/Main.o
 .data.g_white_soft_duty
                0x20000001        0x1 ./User/Main.o
                0x20000001                g_white_soft_duty
 .data.warm_duty
                0x20000002        0x1 ./User/Main.o
                0x20000002                warm_duty
 .data.warm_last_duty
                0x20000003        0x1 ./User/Main.o
                0x20000003                warm_last_duty
 .data.warm_switch
                0x20000004        0x1 ./User/Main.o
                0x20000004                warm_switch
 .data.warm_touch_dir
                0x20000005        0x1 ./User/Main.o
                0x20000005                warm_touch_dir
 .data.white_duty
                0x20000006        0x1 ./User/Main.o
                0x20000006                white_duty
 .data.white_last_duty
                0x20000007        0x1 ./User/Main.o
                0x20000007                white_last_duty
 .data.white_switch
                0x20000008        0x1 ./User/Main.o
                0x20000008                white_switch
 .data.white_touch_dir
                0x20000009        0x1 ./User/Main.o
                0x20000009                white_touch_dir
 .data.AHBPrescTable
                0x2000000a       0x10 ./User/system_ch32f10x.o
                0x2000000a                AHBPrescTable
 *fill*         0x2000001a        0x2 
 .data.SystemCoreClock
                0x2000001c        0x4 ./User/system_ch32f10x.o
                0x2000001c                SystemCoreClock
 .data.ADCPrescTable
                0x20000020        0x4 ./Peripheral/src/ch32f10x_rcc.o
 .data.APBAHBPrescTable
                0x20000024       0x10 ./Peripheral/src/ch32f10x_rcc.o
 .data._impure_ptr
                0x20000034        0x4 c:/mounriver/mounriver_studio2/resources/app/resources/win32/components/wch/toolchain/arm-none-eabi-gcc/bin/../lib/gcc/arm-none-eabi/9.3.1/../../../../arm-none-eabi/lib/thumb/v7-m/nofp\libg_nano.a(lib_a-impure.o)
                0x20000034                _impure_ptr
 .data.impure_data
                0x20000038       0x60 c:/mounriver/mounriver_studio2/resources/app/resources/win32/components/wch/toolchain/arm-none-eabi-gcc/bin/../lib/gcc/arm-none-eabi/9.3.1/../../../../arm-none-eabi/lib/thumb/v7-m/nofp\libg_nano.a(lib_a-impure.o)
                0x20000098                . = ALIGN (0x4)
                0x20000098                _edata = .

.igot.plt       0x20000098        0x0 load address 0x08004158
 .igot.plt      0x20000098        0x0 ./User/Main.o
                0x20000098                . = ALIGN (0x4)

.bss            0x20000098      0x258 load address 0x08004158
                0x20000098                _sbss = .
                0x20000098                __bss_start__ = _sbss
 *(.bss)
 *(.bss*)
 .bss.ambient_light
                0x20000098        0x2 ./User/Main.o
                0x20000098                ambient_light
 .bss.auto_light_enable
                0x2000009a        0x1 ./User/Main.o
                0x2000009a                auto_light_enable
 *fill*         0x2000009b        0x1 
 .bss.auto_light_tick
                0x2000009c        0x4 ./User/Main.o
                0x2000009c                auto_light_tick
 .bss.buf_idx.8035
                0x200000a0        0x1 ./User/Main.o
 .bss.cmd_buf.8034
                0x200000a1      0x100 ./User/Main.o
 *fill*         0x200001a1        0x3 
 .bss.g_systick_counter
                0x200001a4        0x4 ./User/Main.o
                0x200001a4                g_systick_counter
 .bss.last_adjust_tick.7982
                0x200001a8        0x4 ./User/Main.o
 .bss.last_white_adjust_tick.7990
                0x200001ac        0x4 ./User/Main.o
 .bss.touch_warm_flag
                0x200001b0        0x1 ./User/Main.o
                0x200001b0                touch_warm_flag
 .bss.touch_white_flag
                0x200001b1        0x1 ./User/Main.o
                0x200001b1                touch_white_flag
 *fill*         0x200001b2        0x2 
 .bss.uart1_last_rx_tick
                0x200001b4        0x4 ./User/Main.o
                0x200001b4                uart1_last_rx_tick
 .bss.uart1_rx_buf
                0x200001b8      0x100 ./User/Main.o
 .bss.uart1_rx_head
                0x200002b8        0x2 ./User/Main.o
 .bss.uart1_rx_tail
                0x200002ba        0x2 ./User/Main.o
 .bss.warm_flipped_once.7978
                0x200002bc        0x1 ./User/Main.o
 *fill*         0x200002bd        0x3 
 .bss.warm_touch_tick
                0x200002c0        0x4 ./User/Main.o
                0x200002c0                warm_touch_tick
 .bss.white_flipped_once.7986
                0x200002c4        0x1 ./User/Main.o
 *fill*         0x200002c5        0x3 
 .bss.white_touch_tick
                0x200002c8        0x4 ./User/Main.o
                0x200002c8                white_touch_tick
 .bss.TimingDelay
                0x200002cc        0x4 ./User/ch32f10x_it.o
 .bss.p_ms      0x200002d0        0x2 ./Debug/debug.o
 .bss.p_us      0x200002d2        0x1 ./Debug/debug.o
 *fill*         0x200002d3        0x1 
 .bss.__malloc_free_list
                0x200002d4        0x4 c:/mounriver/mounriver_studio2/resources/app/resources/win32/components/wch/toolchain/arm-none-eabi-gcc/bin/../lib/gcc/arm-none-eabi/9.3.1/../../../../arm-none-eabi/lib/thumb/v7-m/nofp\libg_nano.a(lib_a-nano-mallocr.o)
                0x200002d4                __malloc_free_list
 .bss.__malloc_sbrk_start
                0x200002d8        0x4 c:/mounriver/mounriver_studio2/resources/app/resources/win32/components/wch/toolchain/arm-none-eabi-gcc/bin/../lib/gcc/arm-none-eabi/9.3.1/../../../../arm-none-eabi/lib/thumb/v7-m/nofp\libg_nano.a(lib_a-nano-mallocr.o)
                0x200002d8                __malloc_sbrk_start
 .bss.heap_end.4144
                0x200002dc        0x4 c:/mounriver/mounriver_studio2/resources/app/resources/win32/components/wch/toolchain/arm-none-eabi-gcc/bin/../lib/gcc/arm-none-eabi/9.3.1/../../../../arm-none-eabi/lib/thumb/v7-m/nofp\libnosys.a(sbrk.o)
 *(COMMON)
 COMMON         0x200002e0        0x9 c:/mounriver/mounriver_studio2/resources/app/resources/win32/components/wch/toolchain/arm-none-eabi-gcc/bin/../lib/gcc/arm-none-eabi/9.3.1/../../../../arm-none-eabi/lib/thumb/v7-m/nofp\libg_nano.a(lib_a-lock.o)
                0x200002e0                __lock___atexit_recursive_mutex
                0x200002e1                __lock___arc4random_mutex
                0x200002e2                __lock___env_recursive_mutex
                0x200002e3                __lock___sinit_recursive_mutex
                0x200002e4                __lock___malloc_recursive_mutex
                0x200002e5                __lock___at_quick_exit_mutex
                0x200002e6                __lock___dd_hash_mutex
                0x200002e7                __lock___tz_mutex
                0x200002e8                __lock___sfp_recursive_mutex
 *fill*         0x200002e9        0x3 
 COMMON         0x200002ec        0x4 c:/mounriver/mounriver_studio2/resources/app/resources/win32/components/wch/toolchain/arm-none-eabi-gcc/bin/../lib/gcc/arm-none-eabi/9.3.1/../../../../arm-none-eabi/lib/thumb/v7-m/nofp\libg_nano.a(lib_a-reent.o)
                0x200002ec                errno
                0x200002f0                . = ALIGN (0x4)
                0x200002f0                _ebss = .
                0x200002f0                __bss_end__ = _ebss
                0x200002f0                PROVIDE (end = _ebss)
                [!provide]                PROVIDE (_end = _ebss)

._user_heap_stack
                0x200002f0      0x600 load address 0x080043b0
                0x200002f0                . = ALIGN (0x4)
                0x200004f0                . = (. + _Min_Heap_Size)
 *fill*         0x200002f0      0x200 
                0x200008f0                . = (. + _Min_Stack_Size)
 *fill*         0x200004f0      0x400 
                0x200008f0                . = ALIGN (0x4)

/DISCARD/
 libc.a(*)
 libm.a(*)
 libgcc.a(*)

.ARM.attributes
                0x00000000       0x2b
 *(.ARM.attributes)
 .ARM.attributes
                0x00000000       0x2d ./User/Main.o
 .ARM.attributes
                0x0000002d       0x2d ./User/ch32f10x_it.o
 .ARM.attributes
                0x0000005a       0x2d ./User/system_ch32f10x.o
 .ARM.attributes
                0x00000087       0x21 ./Startup/startup_ch32f10x.o
 .ARM.attributes
                0x000000a8       0x2d ./Peripheral/src/ch32f10x_gpio.o
 .ARM.attributes
                0x000000d5       0x2d ./Peripheral/src/ch32f10x_misc.o
 .ARM.attributes
                0x00000102       0x2d ./Peripheral/src/ch32f10x_rcc.o
 .ARM.attributes
                0x0000012f       0x2d ./Peripheral/src/ch32f10x_tim.o
 .ARM.attributes
                0x0000015c       0x2d ./Peripheral/src/ch32f10x_usart.o
 .ARM.attributes
                0x00000189       0x2d ./Debug/debug.o
 .ARM.attributes
                0x000001b6       0x1d c:/mounriver/mounriver_studio2/resources/app/resources/win32/components/wch/toolchain/arm-none-eabi-gcc/bin/../lib/gcc/arm-none-eabi/9.3.1/thumb/v7-m/nofp\libgcc.a(_arm_addsubdf3.o)
 .ARM.attributes
                0x000001d3       0x1d c:/mounriver/mounriver_studio2/resources/app/resources/win32/components/wch/toolchain/arm-none-eabi-gcc/bin/../lib/gcc/arm-none-eabi/9.3.1/thumb/v7-m/nofp\libgcc.a(_arm_muldivdf3.o)
 .ARM.attributes
                0x000001f0       0x1d c:/mounriver/mounriver_studio2/resources/app/resources/win32/components/wch/toolchain/arm-none-eabi-gcc/bin/../lib/gcc/arm-none-eabi/9.3.1/thumb/v7-m/nofp\libgcc.a(_arm_fixunsdfsi.o)
 .ARM.attributes
                0x0000020d       0x2d c:/mounriver/mounriver_studio2/resources/app/resources/win32/components/wch/toolchain/arm-none-eabi-gcc/bin/../lib/gcc/arm-none-eabi/9.3.1/../../../../arm-none-eabi/lib/thumb/v7-m/nofp\libg_nano.a(lib_a-atoi.o)
 .ARM.attributes
                0x0000023a       0x2d c:/mounriver/mounriver_studio2/resources/app/resources/win32/components/wch/toolchain/arm-none-eabi-gcc/bin/../lib/gcc/arm-none-eabi/9.3.1/../../../../arm-none-eabi/lib/thumb/v7-m/nofp\libg_nano.a(lib_a-memset.o)
 .ARM.attributes
                0x00000267       0x2d c:/mounriver/mounriver_studio2/resources/app/resources/win32/components/wch/toolchain/arm-none-eabi-gcc/bin/../lib/gcc/arm-none-eabi/9.3.1/../../../../arm-none-eabi/lib/thumb/v7-m/nofp\libg_nano.a(lib_a-printf.o)
 .ARM.attributes
                0x00000294       0x2d c:/mounriver/mounriver_studio2/resources/app/resources/win32/components/wch/toolchain/arm-none-eabi-gcc/bin/../lib/gcc/arm-none-eabi/9.3.1/../../../../arm-none-eabi/lib/thumb/v7-m/nofp\libg_nano.a(lib_a-puts.o)
 .ARM.attributes
                0x000002c1       0x2d c:/mounriver/mounriver_studio2/resources/app/resources/win32/components/wch/toolchain/arm-none-eabi-gcc/bin/../lib/gcc/arm-none-eabi/9.3.1/../../../../arm-none-eabi/lib/thumb/v7-m/nofp\libg_nano.a(lib_a-sprintf.o)
 .ARM.attributes
                0x000002ee       0x2d c:/mounriver/mounriver_studio2/resources/app/resources/win32/components/wch/toolchain/arm-none-eabi-gcc/bin/../lib/gcc/arm-none-eabi/9.3.1/../../../../arm-none-eabi/lib/thumb/v7-m/nofp\libg_nano.a(lib_a-sscanf.o)
 .ARM.attributes
                0x0000031b       0x2d c:/mounriver/mounriver_studio2/resources/app/resources/win32/components/wch/toolchain/arm-none-eabi-gcc/bin/../lib/gcc/arm-none-eabi/9.3.1/../../../../arm-none-eabi/lib/thumb/v7-m/nofp\libg_nano.a(lib_a-stdio.o)
 .ARM.attributes
                0x00000348       0x17 c:/mounriver/mounriver_studio2/resources/app/resources/win32/components/wch/toolchain/arm-none-eabi-gcc/bin/../lib/gcc/arm-none-eabi/9.3.1/../../../../arm-none-eabi/lib/thumb/v7-m/nofp\libg_nano.a(lib_a-strlen.o)
 .ARM.attributes
                0x0000035f       0x2d c:/mounriver/mounriver_studio2/resources/app/resources/win32/components/wch/toolchain/arm-none-eabi-gcc/bin/../lib/gcc/arm-none-eabi/9.3.1/../../../../arm-none-eabi/lib/thumb/v7-m/nofp\libg_nano.a(lib_a-strncmp.o)
 .ARM.attributes
                0x0000038c       0x2d c:/mounriver/mounriver_studio2/resources/app/resources/win32/components/wch/toolchain/arm-none-eabi-gcc/bin/../lib/gcc/arm-none-eabi/9.3.1/../../../../arm-none-eabi/lib/thumb/v7-m/nofp\libg_nano.a(lib_a-strstr.o)
 .ARM.attributes
                0x000003b9       0x2d c:/mounriver/mounriver_studio2/resources/app/resources/win32/components/wch/toolchain/arm-none-eabi-gcc/bin/../lib/gcc/arm-none-eabi/9.3.1/../../../../arm-none-eabi/lib/thumb/v7-m/nofp\libg_nano.a(lib_a-strtol.o)
 .ARM.attributes
                0x000003e6       0x2d c:/mounriver/mounriver_studio2/resources/app/resources/win32/components/wch/toolchain/arm-none-eabi-gcc/bin/../lib/gcc/arm-none-eabi/9.3.1/../../../../arm-none-eabi/lib/thumb/v7-m/nofp\libg_nano.a(lib_a-wbuf.o)
 .ARM.attributes
                0x00000413       0x2d c:/mounriver/mounriver_studio2/resources/app/resources/win32/components/wch/toolchain/arm-none-eabi-gcc/bin/../lib/gcc/arm-none-eabi/9.3.1/../../../../arm-none-eabi/lib/thumb/v7-m/nofp\libg_nano.a(lib_a-writer.o)
 .ARM.attributes
                0x00000440       0x2d c:/mounriver/mounriver_studio2/resources/app/resources/win32/components/wch/toolchain/arm-none-eabi-gcc/bin/../lib/gcc/arm-none-eabi/9.3.1/../../../../arm-none-eabi/lib/thumb/v7-m/nofp\libg_nano.a(lib_a-wsetup.o)
 .ARM.attributes
                0x0000046d       0x2d c:/mounriver/mounriver_studio2/resources/app/resources/win32/components/wch/toolchain/arm-none-eabi-gcc/bin/../lib/gcc/arm-none-eabi/9.3.1/../../../../arm-none-eabi/lib/thumb/v7-m/nofp\libg_nano.a(lib_a-closer.o)
 .ARM.attributes
                0x0000049a       0x2d c:/mounriver/mounriver_studio2/resources/app/resources/win32/components/wch/toolchain/arm-none-eabi-gcc/bin/../lib/gcc/arm-none-eabi/9.3.1/../../../../arm-none-eabi/lib/thumb/v7-m/nofp\libg_nano.a(lib_a-ctype_.o)
 .ARM.attributes
                0x000004c7       0x2d c:/mounriver/mounriver_studio2/resources/app/resources/win32/components/wch/toolchain/arm-none-eabi-gcc/bin/../lib/gcc/arm-none-eabi/9.3.1/../../../../arm-none-eabi/lib/thumb/v7-m/nofp\libg_nano.a(lib_a-errno.o)
 .ARM.attributes
                0x000004f4       0x2d c:/mounriver/mounriver_studio2/resources/app/resources/win32/components/wch/toolchain/arm-none-eabi-gcc/bin/../lib/gcc/arm-none-eabi/9.3.1/../../../../arm-none-eabi/lib/thumb/v7-m/nofp\libg_nano.a(lib_a-fflush.o)
 .ARM.attributes
                0x00000521       0x2d c:/mounriver/mounriver_studio2/resources/app/resources/win32/components/wch/toolchain/arm-none-eabi-gcc/bin/../lib/gcc/arm-none-eabi/9.3.1/../../../../arm-none-eabi/lib/thumb/v7-m/nofp\libg_nano.a(lib_a-findfp.o)
 .ARM.attributes
                0x0000054e       0x2d c:/mounriver/mounriver_studio2/resources/app/resources/win32/components/wch/toolchain/arm-none-eabi-gcc/bin/../lib/gcc/arm-none-eabi/9.3.1/../../../../arm-none-eabi/lib/thumb/v7-m/nofp\libg_nano.a(lib_a-fwalk.o)
 .ARM.attributes
                0x0000057b       0x2d c:/mounriver/mounriver_studio2/resources/app/resources/win32/components/wch/toolchain/arm-none-eabi-gcc/bin/../lib/gcc/arm-none-eabi/9.3.1/../../../../arm-none-eabi/lib/thumb/v7-m/nofp\libg_nano.a(lib_a-impure.o)
 .ARM.attributes
                0x000005a8       0x2d c:/mounriver/mounriver_studio2/resources/app/resources/win32/components/wch/toolchain/arm-none-eabi-gcc/bin/../lib/gcc/arm-none-eabi/9.3.1/../../../../arm-none-eabi/lib/thumb/v7-m/nofp\libg_nano.a(lib_a-lock.o)
 .ARM.attributes
                0x000005d5       0x2d c:/mounriver/mounriver_studio2/resources/app/resources/win32/components/wch/toolchain/arm-none-eabi-gcc/bin/../lib/gcc/arm-none-eabi/9.3.1/../../../../arm-none-eabi/lib/thumb/v7-m/nofp\libg_nano.a(lib_a-lseekr.o)
 .ARM.attributes
                0x00000602       0x2d c:/mounriver/mounriver_studio2/resources/app/resources/win32/components/wch/toolchain/arm-none-eabi-gcc/bin/../lib/gcc/arm-none-eabi/9.3.1/../../../../arm-none-eabi/lib/thumb/v7-m/nofp\libg_nano.a(lib_a-makebuf.o)
 .ARM.attributes
                0x0000062f       0x2d c:/mounriver/mounriver_studio2/resources/app/resources/win32/components/wch/toolchain/arm-none-eabi-gcc/bin/../lib/gcc/arm-none-eabi/9.3.1/../../../../arm-none-eabi/lib/thumb/v7-m/nofp\libg_nano.a(lib_a-nano-freer.o)
 .ARM.attributes
                0x0000065c       0x2d c:/mounriver/mounriver_studio2/resources/app/resources/win32/components/wch/toolchain/arm-none-eabi-gcc/bin/../lib/gcc/arm-none-eabi/9.3.1/../../../../arm-none-eabi/lib/thumb/v7-m/nofp\libg_nano.a(lib_a-nano-mallocr.o)
 .ARM.attributes
                0x00000689       0x2d c:/mounriver/mounriver_studio2/resources/app/resources/win32/components/wch/toolchain/arm-none-eabi-gcc/bin/../lib/gcc/arm-none-eabi/9.3.1/../../../../arm-none-eabi/lib/thumb/v7-m/nofp\libg_nano.a(lib_a-nano-svfprintf.o)
 .ARM.attributes
                0x000006b6       0x2d c:/mounriver/mounriver_studio2/resources/app/resources/win32/components/wch/toolchain/arm-none-eabi-gcc/bin/../lib/gcc/arm-none-eabi/9.3.1/../../../../arm-none-eabi/lib/thumb/v7-m/nofp\libg_nano.a(lib_a-nano-svfscanf.o)
 .ARM.attributes
                0x000006e3       0x2d c:/mounriver/mounriver_studio2/resources/app/resources/win32/components/wch/toolchain/arm-none-eabi-gcc/bin/../lib/gcc/arm-none-eabi/9.3.1/../../../../arm-none-eabi/lib/thumb/v7-m/nofp\libg_nano.a(lib_a-nano-vfprintf.o)
 .ARM.attributes
                0x00000710       0x2d c:/mounriver/mounriver_studio2/resources/app/resources/win32/components/wch/toolchain/arm-none-eabi-gcc/bin/../lib/gcc/arm-none-eabi/9.3.1/../../../../arm-none-eabi/lib/thumb/v7-m/nofp\libg_nano.a(lib_a-nano-vfprintf_i.o)
 .ARM.attributes
                0x0000073d       0x2d c:/mounriver/mounriver_studio2/resources/app/resources/win32/components/wch/toolchain/arm-none-eabi-gcc/bin/../lib/gcc/arm-none-eabi/9.3.1/../../../../arm-none-eabi/lib/thumb/v7-m/nofp\libg_nano.a(lib_a-nano-vfscanf_i.o)
 .ARM.attributes
                0x0000076a       0x2d c:/mounriver/mounriver_studio2/resources/app/resources/win32/components/wch/toolchain/arm-none-eabi-gcc/bin/../lib/gcc/arm-none-eabi/9.3.1/../../../../arm-none-eabi/lib/thumb/v7-m/nofp\libg_nano.a(lib_a-readr.o)
 .ARM.attributes
                0x00000797       0x2d c:/mounriver/mounriver_studio2/resources/app/resources/win32/components/wch/toolchain/arm-none-eabi-gcc/bin/../lib/gcc/arm-none-eabi/9.3.1/../../../../arm-none-eabi/lib/thumb/v7-m/nofp\libg_nano.a(lib_a-reent.o)
 .ARM.attributes
                0x000007c4       0x2d c:/mounriver/mounriver_studio2/resources/app/resources/win32/components/wch/toolchain/arm-none-eabi-gcc/bin/../lib/gcc/arm-none-eabi/9.3.1/../../../../arm-none-eabi/lib/thumb/v7-m/nofp\libg_nano.a(lib_a-sbrkr.o)
 .ARM.attributes
                0x000007f1       0x2d c:/mounriver/mounriver_studio2/resources/app/resources/win32/components/wch/toolchain/arm-none-eabi-gcc/bin/../lib/gcc/arm-none-eabi/9.3.1/../../../../arm-none-eabi/lib/thumb/v7-m/nofp\libg_nano.a(lib_a-sccl.o)
 .ARM.attributes
                0x0000081e       0x2d c:/mounriver/mounriver_studio2/resources/app/resources/win32/components/wch/toolchain/arm-none-eabi-gcc/bin/../lib/gcc/arm-none-eabi/9.3.1/../../../../arm-none-eabi/lib/thumb/v7-m/nofp\libg_nano.a(lib_a-strtoul.o)
 .ARM.attributes
                0x0000084b       0x2d c:/mounriver/mounriver_studio2/resources/app/resources/win32/components/wch/toolchain/arm-none-eabi-gcc/bin/../lib/gcc/arm-none-eabi/9.3.1/../../../../arm-none-eabi/lib/thumb/v7-m/nofp\libg_nano.a(lib_a-ungetc.o)
 .ARM.attributes
                0x00000878       0x2d c:/mounriver/mounriver_studio2/resources/app/resources/win32/components/wch/toolchain/arm-none-eabi-gcc/bin/../lib/gcc/arm-none-eabi/9.3.1/../../../../arm-none-eabi/lib/thumb/v7-m/nofp\libg_nano.a(lib_a-fstatr.o)
 .ARM.attributes
                0x000008a5       0x2d c:/mounriver/mounriver_studio2/resources/app/resources/win32/components/wch/toolchain/arm-none-eabi-gcc/bin/../lib/gcc/arm-none-eabi/9.3.1/../../../../arm-none-eabi/lib/thumb/v7-m/nofp\libg_nano.a(lib_a-isattyr.o)
 .ARM.attributes
                0x000008d2       0x2d c:/mounriver/mounriver_studio2/resources/app/resources/win32/components/wch/toolchain/arm-none-eabi-gcc/bin/../lib/gcc/arm-none-eabi/9.3.1/../../../../arm-none-eabi/lib/thumb/v7-m/nofp\libg_nano.a(lib_a-memchr-stub.o)
 .ARM.attributes
                0x000008ff       0x2d c:/mounriver/mounriver_studio2/resources/app/resources/win32/components/wch/toolchain/arm-none-eabi-gcc/bin/../lib/gcc/arm-none-eabi/9.3.1/../../../../arm-none-eabi/lib/thumb/v7-m/nofp\libg_nano.a(lib_a-memcpy-stub.o)
 .ARM.attributes
                0x0000092c       0x2d c:/mounriver/mounriver_studio2/resources/app/resources/win32/components/wch/toolchain/arm-none-eabi-gcc/bin/../lib/gcc/arm-none-eabi/9.3.1/../../../../arm-none-eabi/lib/thumb/v7-m/nofp\libg_nano.a(lib_a-memmove.o)
 .ARM.attributes
                0x00000959       0x2d c:/mounriver/mounriver_studio2/resources/app/resources/win32/components/wch/toolchain/arm-none-eabi-gcc/bin/../lib/gcc/arm-none-eabi/9.3.1/../../../../arm-none-eabi/lib/thumb/v7-m/nofp\libg_nano.a(lib_a-mlock.o)
 .ARM.attributes
                0x00000986       0x2d c:/mounriver/mounriver_studio2/resources/app/resources/win32/components/wch/toolchain/arm-none-eabi-gcc/bin/../lib/gcc/arm-none-eabi/9.3.1/../../../../arm-none-eabi/lib/thumb/v7-m/nofp\libg_nano.a(lib_a-nano-reallocr.o)
 .ARM.attributes
                0x000009b3       0x2d c:/mounriver/mounriver_studio2/resources/app/resources/win32/components/wch/toolchain/arm-none-eabi-gcc/bin/../lib/gcc/arm-none-eabi/9.3.1/../../../../arm-none-eabi/lib/thumb/v7-m/nofp\libg_nano.a(lib_a-nano-msizer.o)
 .ARM.attributes
                0x000009e0       0x2d c:/mounriver/mounriver_studio2/resources/app/resources/win32/components/wch/toolchain/arm-none-eabi-gcc/bin/../lib/gcc/arm-none-eabi/9.3.1/../../../../arm-none-eabi/lib/thumb/v7-m/nofp\libnosys.a(close.o)
 .ARM.attributes
                0x00000a0d       0x2d c:/mounriver/mounriver_studio2/resources/app/resources/win32/components/wch/toolchain/arm-none-eabi-gcc/bin/../lib/gcc/arm-none-eabi/9.3.1/../../../../arm-none-eabi/lib/thumb/v7-m/nofp\libnosys.a(fstat.o)
 .ARM.attributes
                0x00000a3a       0x2d c:/mounriver/mounriver_studio2/resources/app/resources/win32/components/wch/toolchain/arm-none-eabi-gcc/bin/../lib/gcc/arm-none-eabi/9.3.1/../../../../arm-none-eabi/lib/thumb/v7-m/nofp\libnosys.a(isatty.o)
 .ARM.attributes
                0x00000a67       0x2d c:/mounriver/mounriver_studio2/resources/app/resources/win32/components/wch/toolchain/arm-none-eabi-gcc/bin/../lib/gcc/arm-none-eabi/9.3.1/../../../../arm-none-eabi/lib/thumb/v7-m/nofp\libnosys.a(lseek.o)
 .ARM.attributes
                0x00000a94       0x2d c:/mounriver/mounriver_studio2/resources/app/resources/win32/components/wch/toolchain/arm-none-eabi-gcc/bin/../lib/gcc/arm-none-eabi/9.3.1/../../../../arm-none-eabi/lib/thumb/v7-m/nofp\libnosys.a(read.o)
 .ARM.attributes
                0x00000ac1       0x2d c:/mounriver/mounriver_studio2/resources/app/resources/win32/components/wch/toolchain/arm-none-eabi-gcc/bin/../lib/gcc/arm-none-eabi/9.3.1/../../../../arm-none-eabi/lib/thumb/v7-m/nofp\libnosys.a(sbrk.o)
OUTPUT(ScreenBar_CH32F103C8T6.elf elf32-littlearm)
LOAD linker stubs
LOAD c:/mounriver/mounriver_studio2/resources/app/resources/win32/components/wch/toolchain/arm-none-eabi-gcc/bin/../lib/gcc/arm-none-eabi/9.3.1/../../../../arm-none-eabi/lib/thumb/v7-m/nofp\libc.a
LOAD c:/mounriver/mounriver_studio2/resources/app/resources/win32/components/wch/toolchain/arm-none-eabi-gcc/bin/../lib/gcc/arm-none-eabi/9.3.1/../../../../arm-none-eabi/lib/thumb/v7-m/nofp\libm.a
LOAD c:/mounriver/mounriver_studio2/resources/app/resources/win32/components/wch/toolchain/arm-none-eabi-gcc/bin/../lib/gcc/arm-none-eabi/9.3.1/thumb/v7-m/nofp\libgcc.a

.debug_info     0x00000000     0x90a8
 .debug_info    0x00000000     0x301a ./User/Main.o
 .debug_info    0x0000301a      0x720 ./User/ch32f10x_it.o
 .debug_info    0x0000373a      0x4e9 ./User/system_ch32f10x.o
 .debug_info    0x00003c23       0x22 ./Startup/startup_ch32f10x.o
 .debug_info    0x00003c45      0x8f2 ./Peripheral/src/ch32f10x_gpio.o
 .debug_info    0x00004537      0x548 ./Peripheral/src/ch32f10x_misc.o
 .debug_info    0x00004a7f      0x9a8 ./Peripheral/src/ch32f10x_rcc.o
 .debug_info    0x00005427     0x222e ./Peripheral/src/ch32f10x_tim.o
 .debug_info    0x00007655      0xb3d ./Peripheral/src/ch32f10x_usart.o
 .debug_info    0x00008192      0xf16 ./Debug/debug.o

.debug_abbrev   0x00000000     0x1903
 .debug_abbrev  0x00000000      0x615 ./User/Main.o
 .debug_abbrev  0x00000615      0x214 ./User/ch32f10x_it.o
 .debug_abbrev  0x00000829      0x1fb ./User/system_ch32f10x.o
 .debug_abbrev  0x00000a24       0x12 ./Startup/startup_ch32f10x.o
 .debug_abbrev  0x00000a36      0x26f ./Peripheral/src/ch32f10x_gpio.o
 .debug_abbrev  0x00000ca5      0x1be ./Peripheral/src/ch32f10x_misc.o
 .debug_abbrev  0x00000e63      0x267 ./Peripheral/src/ch32f10x_rcc.o
 .debug_abbrev  0x000010ca      0x345 ./Peripheral/src/ch32f10x_tim.o
 .debug_abbrev  0x0000140f      0x222 ./Peripheral/src/ch32f10x_usart.o
 .debug_abbrev  0x00001631      0x2d2 ./Debug/debug.o

.debug_loc      0x00000000     0x39b8
 .debug_loc     0x00000000      0x925 ./User/Main.o
 .debug_loc     0x00000925       0x70 ./User/ch32f10x_it.o
 .debug_loc     0x00000995       0xc9 ./User/system_ch32f10x.o
 .debug_loc     0x00000a5e      0x6ad ./Peripheral/src/ch32f10x_gpio.o
 .debug_loc     0x0000110b      0x1ab ./Peripheral/src/ch32f10x_misc.o
 .debug_loc     0x000012b6      0x5fa ./Peripheral/src/ch32f10x_rcc.o
 .debug_loc     0x000018b0     0x165e ./Peripheral/src/ch32f10x_tim.o
 .debug_loc     0x00002f0e      0x943 ./Peripheral/src/ch32f10x_usart.o
 .debug_loc     0x00003851      0x167 ./Debug/debug.o

.debug_aranges  0x00000000      0x7b8
 .debug_aranges
                0x00000000      0x100 ./User/Main.o
 .debug_aranges
                0x00000100       0x68 ./User/ch32f10x_it.o
 .debug_aranges
                0x00000168       0x28 ./User/system_ch32f10x.o
 .debug_aranges
                0x00000190       0x28 ./Startup/startup_ch32f10x.o
 .debug_aranges
                0x000001b8       0xa8 ./Peripheral/src/ch32f10x_gpio.o
 .debug_aranges
                0x00000260       0x40 ./Peripheral/src/ch32f10x_misc.o
 .debug_aranges
                0x000002a0      0x118 ./Peripheral/src/ch32f10x_rcc.o
 .debug_aranges
                0x000003b8      0x2d0 ./Peripheral/src/ch32f10x_tim.o
 .debug_aranges
                0x00000688       0xf0 ./Peripheral/src/ch32f10x_usart.o
 .debug_aranges
                0x00000778       0x40 ./Debug/debug.o

.debug_ranges   0x00000000      0xa10
 .debug_ranges  0x00000000      0x350 ./User/Main.o
 .debug_ranges  0x00000350       0x88 ./User/ch32f10x_it.o
 .debug_ranges  0x000003d8       0x30 ./User/system_ch32f10x.o
 .debug_ranges  0x00000408       0x20 ./Startup/startup_ch32f10x.o
 .debug_ranges  0x00000428       0x98 ./Peripheral/src/ch32f10x_gpio.o
 .debug_ranges  0x000004c0       0x30 ./Peripheral/src/ch32f10x_misc.o
 .debug_ranges  0x000004f0      0x108 ./Peripheral/src/ch32f10x_rcc.o
 .debug_ranges  0x000005f8      0x308 ./Peripheral/src/ch32f10x_tim.o
 .debug_ranges  0x00000900       0xe0 ./Peripheral/src/ch32f10x_usart.o
 .debug_ranges  0x000009e0       0x30 ./Debug/debug.o

.debug_line     0x00000000     0x5ebd
 .debug_line    0x00000000     0x1585 ./User/Main.o
 .debug_line    0x00001585      0x4d1 ./User/ch32f10x_it.o
 .debug_line    0x00001a56      0x4cd ./User/system_ch32f10x.o
 .debug_line    0x00001f23       0x78 ./Startup/startup_ch32f10x.o
 .debug_line    0x00001f9b      0x855 ./Peripheral/src/ch32f10x_gpio.o
 .debug_line    0x000027f0      0x41c ./Peripheral/src/ch32f10x_misc.o
 .debug_line    0x00002c0c      0x9d3 ./Peripheral/src/ch32f10x_rcc.o
 .debug_line    0x000035df     0x1963 ./Peripheral/src/ch32f10x_tim.o
 .debug_line    0x00004f42      0x932 ./Peripheral/src/ch32f10x_usart.o
 .debug_line    0x00005874      0x649 ./Debug/debug.o

.debug_str      0x00000000     0x2920
 .debug_str     0x00000000     0x1437 ./User/Main.o
                               0x1505 (size before relaxing)
 .debug_str     0x00001437      0x11e ./User/ch32f10x_it.o
                                0x545 (size before relaxing)
 .debug_str     0x00001555      0x15f ./User/system_ch32f10x.o
                                0x3bc (size before relaxing)
 .debug_str     0x000016b4       0x2c ./Startup/startup_ch32f10x.o
                                 0x96 (size before relaxing)
 .debug_str     0x000016e0      0x20f ./Peripheral/src/ch32f10x_gpio.o
                                0x5f5 (size before relaxing)
 .debug_str     0x000018ef      0x139 ./Peripheral/src/ch32f10x_misc.o
                                0x46b (size before relaxing)
 .debug_str     0x00001a28      0x2e5 ./Peripheral/src/ch32f10x_rcc.o
                                0x6f8 (size before relaxing)
 .debug_str     0x00001d0d      0x8fe ./Peripheral/src/ch32f10x_tim.o
                                0xef6 (size before relaxing)
 .debug_str     0x0000260b      0x2f1 ./Peripheral/src/ch32f10x_usart.o
                                0x765 (size before relaxing)
 .debug_str     0x000028fc       0x24 ./Debug/debug.o
                                0x959 (size before relaxing)

.comment        0x00000000       0x4c
 .comment       0x00000000       0x4c ./User/Main.o
                                 0x4d (size before relaxing)
 .comment       0x0000004c       0x4d ./User/ch32f10x_it.o
 .comment       0x0000004c       0x4d ./User/system_ch32f10x.o
 .comment       0x0000004c       0x4d ./Peripheral/src/ch32f10x_gpio.o
 .comment       0x0000004c       0x4d ./Peripheral/src/ch32f10x_misc.o
 .comment       0x0000004c       0x4d ./Peripheral/src/ch32f10x_rcc.o
 .comment       0x0000004c       0x4d ./Peripheral/src/ch32f10x_tim.o
 .comment       0x0000004c       0x4d ./Peripheral/src/ch32f10x_usart.o
 .comment       0x0000004c       0x4d ./Debug/debug.o

.debug_frame    0x00000000     0x20b0
 .debug_frame   0x00000000      0x344 ./User/Main.o
 .debug_frame   0x00000344       0xf0 ./User/ch32f10x_it.o
 .debug_frame   0x00000434       0x38 ./User/system_ch32f10x.o
 .debug_frame   0x0000046c      0x17c ./Peripheral/src/ch32f10x_gpio.o
 .debug_frame   0x000005e8       0x6c ./Peripheral/src/ch32f10x_misc.o
 .debug_frame   0x00000654      0x220 ./Peripheral/src/ch32f10x_rcc.o
 .debug_frame   0x00000874      0x6b4 ./Peripheral/src/ch32f10x_tim.o
 .debug_frame   0x00000f28      0x200 ./Peripheral/src/ch32f10x_usart.o
 .debug_frame   0x00001128       0x88 ./Debug/debug.o
 .debug_frame   0x000011b0       0xac c:/mounriver/mounriver_studio2/resources/app/resources/win32/components/wch/toolchain/arm-none-eabi-gcc/bin/../lib/gcc/arm-none-eabi/9.3.1/thumb/v7-m/nofp\libgcc.a(_arm_addsubdf3.o)
 .debug_frame   0x0000125c       0x50 c:/mounriver/mounriver_studio2/resources/app/resources/win32/components/wch/toolchain/arm-none-eabi-gcc/bin/../lib/gcc/arm-none-eabi/9.3.1/thumb/v7-m/nofp\libgcc.a(_arm_muldivdf3.o)
 .debug_frame   0x000012ac       0x24 c:/mounriver/mounriver_studio2/resources/app/resources/win32/components/wch/toolchain/arm-none-eabi-gcc/bin/../lib/gcc/arm-none-eabi/9.3.1/thumb/v7-m/nofp\libgcc.a(_arm_fixunsdfsi.o)
 .debug_frame   0x000012d0       0x30 c:/mounriver/mounriver_studio2/resources/app/resources/win32/components/wch/toolchain/arm-none-eabi-gcc/bin/../lib/gcc/arm-none-eabi/9.3.1/../../../../arm-none-eabi/lib/thumb/v7-m/nofp\libg_nano.a(lib_a-atoi.o)
 .debug_frame   0x00001300       0x20 c:/mounriver/mounriver_studio2/resources/app/resources/win32/components/wch/toolchain/arm-none-eabi-gcc/bin/../lib/gcc/arm-none-eabi/9.3.1/../../../../arm-none-eabi/lib/thumb/v7-m/nofp\libg_nano.a(lib_a-memset.o)
 .debug_frame   0x00001320       0x74 c:/mounriver/mounriver_studio2/resources/app/resources/win32/components/wch/toolchain/arm-none-eabi-gcc/bin/../lib/gcc/arm-none-eabi/9.3.1/../../../../arm-none-eabi/lib/thumb/v7-m/nofp\libg_nano.a(lib_a-printf.o)
 .debug_frame   0x00001394       0x3c c:/mounriver/mounriver_studio2/resources/app/resources/win32/components/wch/toolchain/arm-none-eabi-gcc/bin/../lib/gcc/arm-none-eabi/9.3.1/../../../../arm-none-eabi/lib/thumb/v7-m/nofp\libg_nano.a(lib_a-puts.o)
 .debug_frame   0x000013d0       0x6c c:/mounriver/mounriver_studio2/resources/app/resources/win32/components/wch/toolchain/arm-none-eabi-gcc/bin/../lib/gcc/arm-none-eabi/9.3.1/../../../../arm-none-eabi/lib/thumb/v7-m/nofp\libg_nano.a(lib_a-sprintf.o)
 .debug_frame   0x0000143c       0x80 c:/mounriver/mounriver_studio2/resources/app/resources/win32/components/wch/toolchain/arm-none-eabi-gcc/bin/../lib/gcc/arm-none-eabi/9.3.1/../../../../arm-none-eabi/lib/thumb/v7-m/nofp\libg_nano.a(lib_a-sscanf.o)
 .debug_frame   0x000014bc       0x88 c:/mounriver/mounriver_studio2/resources/app/resources/win32/components/wch/toolchain/arm-none-eabi-gcc/bin/../lib/gcc/arm-none-eabi/9.3.1/../../../../arm-none-eabi/lib/thumb/v7-m/nofp\libg_nano.a(lib_a-stdio.o)
 .debug_frame   0x00001544       0x28 c:/mounriver/mounriver_studio2/resources/app/resources/win32/components/wch/toolchain/arm-none-eabi-gcc/bin/../lib/gcc/arm-none-eabi/9.3.1/../../../../arm-none-eabi/lib/thumb/v7-m/nofp\libg_nano.a(lib_a-strncmp.o)
 .debug_frame   0x0000156c       0x30 c:/mounriver/mounriver_studio2/resources/app/resources/win32/components/wch/toolchain/arm-none-eabi-gcc/bin/../lib/gcc/arm-none-eabi/9.3.1/../../../../arm-none-eabi/lib/thumb/v7-m/nofp\libg_nano.a(lib_a-strstr.o)
 .debug_frame   0x0000159c       0x64 c:/mounriver/mounriver_studio2/resources/app/resources/win32/components/wch/toolchain/arm-none-eabi-gcc/bin/../lib/gcc/arm-none-eabi/9.3.1/../../../../arm-none-eabi/lib/thumb/v7-m/nofp\libg_nano.a(lib_a-strtol.o)
 .debug_frame   0x00001600       0x40 c:/mounriver/mounriver_studio2/resources/app/resources/win32/components/wch/toolchain/arm-none-eabi-gcc/bin/../lib/gcc/arm-none-eabi/9.3.1/../../../../arm-none-eabi/lib/thumb/v7-m/nofp\libg_nano.a(lib_a-wbuf.o)
 .debug_frame   0x00001640       0x2c c:/mounriver/mounriver_studio2/resources/app/resources/win32/components/wch/toolchain/arm-none-eabi-gcc/bin/../lib/gcc/arm-none-eabi/9.3.1/../../../../arm-none-eabi/lib/thumb/v7-m/nofp\libg_nano.a(lib_a-writer.o)
 .debug_frame   0x0000166c       0x2c c:/mounriver/mounriver_studio2/resources/app/resources/win32/components/wch/toolchain/arm-none-eabi-gcc/bin/../lib/gcc/arm-none-eabi/9.3.1/../../../../arm-none-eabi/lib/thumb/v7-m/nofp\libg_nano.a(lib_a-wsetup.o)
 .debug_frame   0x00001698       0x2c c:/mounriver/mounriver_studio2/resources/app/resources/win32/components/wch/toolchain/arm-none-eabi-gcc/bin/../lib/gcc/arm-none-eabi/9.3.1/../../../../arm-none-eabi/lib/thumb/v7-m/nofp\libg_nano.a(lib_a-closer.o)
 .debug_frame   0x000016c4       0x20 c:/mounriver/mounriver_studio2/resources/app/resources/win32/components/wch/toolchain/arm-none-eabi-gcc/bin/../lib/gcc/arm-none-eabi/9.3.1/../../../../arm-none-eabi/lib/thumb/v7-m/nofp\libg_nano.a(lib_a-errno.o)
 .debug_frame   0x000016e4       0x5c c:/mounriver/mounriver_studio2/resources/app/resources/win32/components/wch/toolchain/arm-none-eabi-gcc/bin/../lib/gcc/arm-none-eabi/9.3.1/../../../../arm-none-eabi/lib/thumb/v7-m/nofp\libg_nano.a(lib_a-fflush.o)
 .debug_frame   0x00001740      0x14c c:/mounriver/mounriver_studio2/resources/app/resources/win32/components/wch/toolchain/arm-none-eabi-gcc/bin/../lib/gcc/arm-none-eabi/9.3.1/../../../../arm-none-eabi/lib/thumb/v7-m/nofp\libg_nano.a(lib_a-findfp.o)
 .debug_frame   0x0000188c       0x54 c:/mounriver/mounriver_studio2/resources/app/resources/win32/components/wch/toolchain/arm-none-eabi-gcc/bin/../lib/gcc/arm-none-eabi/9.3.1/../../../../arm-none-eabi/lib/thumb/v7-m/nofp\libg_nano.a(lib_a-fwalk.o)
 .debug_frame   0x000018e0       0xb0 c:/mounriver/mounriver_studio2/resources/app/resources/win32/components/wch/toolchain/arm-none-eabi-gcc/bin/../lib/gcc/arm-none-eabi/9.3.1/../../../../arm-none-eabi/lib/thumb/v7-m/nofp\libg_nano.a(lib_a-lock.o)
 .debug_frame   0x00001990       0x2c c:/mounriver/mounriver_studio2/resources/app/resources/win32/components/wch/toolchain/arm-none-eabi-gcc/bin/../lib/gcc/arm-none-eabi/9.3.1/../../../../arm-none-eabi/lib/thumb/v7-m/nofp\libg_nano.a(lib_a-lseekr.o)
 .debug_frame   0x000019bc       0x58 c:/mounriver/mounriver_studio2/resources/app/resources/win32/components/wch/toolchain/arm-none-eabi-gcc/bin/../lib/gcc/arm-none-eabi/9.3.1/../../../../arm-none-eabi/lib/thumb/v7-m/nofp\libg_nano.a(lib_a-makebuf.o)
 .debug_frame   0x00001a14       0x38 c:/mounriver/mounriver_studio2/resources/app/resources/win32/components/wch/toolchain/arm-none-eabi-gcc/bin/../lib/gcc/arm-none-eabi/9.3.1/../../../../arm-none-eabi/lib/thumb/v7-m/nofp\libg_nano.a(lib_a-nano-freer.o)
 .debug_frame   0x00001a4c       0x30 c:/mounriver/mounriver_studio2/resources/app/resources/win32/components/wch/toolchain/arm-none-eabi-gcc/bin/../lib/gcc/arm-none-eabi/9.3.1/../../../../arm-none-eabi/lib/thumb/v7-m/nofp\libg_nano.a(lib_a-nano-mallocr.o)
 .debug_frame   0x00001a7c       0x90 c:/mounriver/mounriver_studio2/resources/app/resources/win32/components/wch/toolchain/arm-none-eabi-gcc/bin/../lib/gcc/arm-none-eabi/9.3.1/../../../../arm-none-eabi/lib/thumb/v7-m/nofp\libg_nano.a(lib_a-nano-svfprintf.o)
 .debug_frame   0x00001b0c       0x78 c:/mounriver/mounriver_studio2/resources/app/resources/win32/components/wch/toolchain/arm-none-eabi-gcc/bin/../lib/gcc/arm-none-eabi/9.3.1/../../../../arm-none-eabi/lib/thumb/v7-m/nofp\libg_nano.a(lib_a-nano-svfscanf.o)
 .debug_frame   0x00001b84       0xac c:/mounriver/mounriver_studio2/resources/app/resources/win32/components/wch/toolchain/arm-none-eabi-gcc/bin/../lib/gcc/arm-none-eabi/9.3.1/../../../../arm-none-eabi/lib/thumb/v7-m/nofp\libg_nano.a(lib_a-nano-vfprintf.o)
 .debug_frame   0x00001c30       0x60 c:/mounriver/mounriver_studio2/resources/app/resources/win32/components/wch/toolchain/arm-none-eabi-gcc/bin/../lib/gcc/arm-none-eabi/9.3.1/../../../../arm-none-eabi/lib/thumb/v7-m/nofp\libg_nano.a(lib_a-nano-vfprintf_i.o)
 .debug_frame   0x00001c90       0x64 c:/mounriver/mounriver_studio2/resources/app/resources/win32/components/wch/toolchain/arm-none-eabi-gcc/bin/../lib/gcc/arm-none-eabi/9.3.1/../../../../arm-none-eabi/lib/thumb/v7-m/nofp\libg_nano.a(lib_a-nano-vfscanf_i.o)
 .debug_frame   0x00001cf4       0x2c c:/mounriver/mounriver_studio2/resources/app/resources/win32/components/wch/toolchain/arm-none-eabi-gcc/bin/../lib/gcc/arm-none-eabi/9.3.1/../../../../arm-none-eabi/lib/thumb/v7-m/nofp\libg_nano.a(lib_a-readr.o)
 .debug_frame   0x00001d20       0x5c c:/mounriver/mounriver_studio2/resources/app/resources/win32/components/wch/toolchain/arm-none-eabi-gcc/bin/../lib/gcc/arm-none-eabi/9.3.1/../../../../arm-none-eabi/lib/thumb/v7-m/nofp\libg_nano.a(lib_a-reent.o)
 .debug_frame   0x00001d7c       0x2c c:/mounriver/mounriver_studio2/resources/app/resources/win32/components/wch/toolchain/arm-none-eabi-gcc/bin/../lib/gcc/arm-none-eabi/9.3.1/../../../../arm-none-eabi/lib/thumb/v7-m/nofp\libg_nano.a(lib_a-sbrkr.o)
 .debug_frame   0x00001da8       0x2c c:/mounriver/mounriver_studio2/resources/app/resources/win32/components/wch/toolchain/arm-none-eabi-gcc/bin/../lib/gcc/arm-none-eabi/9.3.1/../../../../arm-none-eabi/lib/thumb/v7-m/nofp\libg_nano.a(lib_a-sccl.o)
 .debug_frame   0x00001dd4       0x64 c:/mounriver/mounriver_studio2/resources/app/resources/win32/components/wch/toolchain/arm-none-eabi-gcc/bin/../lib/gcc/arm-none-eabi/9.3.1/../../../../arm-none-eabi/lib/thumb/v7-m/nofp\libg_nano.a(lib_a-strtoul.o)
 .debug_frame   0x00001e38       0x5c c:/mounriver/mounriver_studio2/resources/app/resources/win32/components/wch/toolchain/arm-none-eabi-gcc/bin/../lib/gcc/arm-none-eabi/9.3.1/../../../../arm-none-eabi/lib/thumb/v7-m/nofp\libg_nano.a(lib_a-ungetc.o)
 .debug_frame   0x00001e94       0x2c c:/mounriver/mounriver_studio2/resources/app/resources/win32/components/wch/toolchain/arm-none-eabi-gcc/bin/../lib/gcc/arm-none-eabi/9.3.1/../../../../arm-none-eabi/lib/thumb/v7-m/nofp\libg_nano.a(lib_a-fstatr.o)
 .debug_frame   0x00001ec0       0x2c c:/mounriver/mounriver_studio2/resources/app/resources/win32/components/wch/toolchain/arm-none-eabi-gcc/bin/../lib/gcc/arm-none-eabi/9.3.1/../../../../arm-none-eabi/lib/thumb/v7-m/nofp\libg_nano.a(lib_a-isattyr.o)
 .debug_frame   0x00001eec       0x28 c:/mounriver/mounriver_studio2/resources/app/resources/win32/components/wch/toolchain/arm-none-eabi-gcc/bin/../lib/gcc/arm-none-eabi/9.3.1/../../../../arm-none-eabi/lib/thumb/v7-m/nofp\libg_nano.a(lib_a-memchr-stub.o)
 .debug_frame   0x00001f14       0x28 c:/mounriver/mounriver_studio2/resources/app/resources/win32/components/wch/toolchain/arm-none-eabi-gcc/bin/../lib/gcc/arm-none-eabi/9.3.1/../../../../arm-none-eabi/lib/thumb/v7-m/nofp\libg_nano.a(lib_a-memcpy-stub.o)
 .debug_frame   0x00001f3c       0x28 c:/mounriver/mounriver_studio2/resources/app/resources/win32/components/wch/toolchain/arm-none-eabi-gcc/bin/../lib/gcc/arm-none-eabi/9.3.1/../../../../arm-none-eabi/lib/thumb/v7-m/nofp\libg_nano.a(lib_a-memmove.o)
 .debug_frame   0x00001f64       0x30 c:/mounriver/mounriver_studio2/resources/app/resources/win32/components/wch/toolchain/arm-none-eabi-gcc/bin/../lib/gcc/arm-none-eabi/9.3.1/../../../../arm-none-eabi/lib/thumb/v7-m/nofp\libg_nano.a(lib_a-mlock.o)
 .debug_frame   0x00001f94       0x3c c:/mounriver/mounriver_studio2/resources/app/resources/win32/components/wch/toolchain/arm-none-eabi-gcc/bin/../lib/gcc/arm-none-eabi/9.3.1/../../../../arm-none-eabi/lib/thumb/v7-m/nofp\libg_nano.a(lib_a-nano-reallocr.o)
 .debug_frame   0x00001fd0       0x20 c:/mounriver/mounriver_studio2/resources/app/resources/win32/components/wch/toolchain/arm-none-eabi-gcc/bin/../lib/gcc/arm-none-eabi/9.3.1/../../../../arm-none-eabi/lib/thumb/v7-m/nofp\libg_nano.a(lib_a-nano-msizer.o)
 .debug_frame   0x00001ff0       0x20 c:/mounriver/mounriver_studio2/resources/app/resources/win32/components/wch/toolchain/arm-none-eabi-gcc/bin/../lib/gcc/arm-none-eabi/9.3.1/../../../../arm-none-eabi/lib/thumb/v7-m/nofp\libnosys.a(close.o)
 .debug_frame   0x00002010       0x20 c:/mounriver/mounriver_studio2/resources/app/resources/win32/components/wch/toolchain/arm-none-eabi-gcc/bin/../lib/gcc/arm-none-eabi/9.3.1/../../../../arm-none-eabi/lib/thumb/v7-m/nofp\libnosys.a(fstat.o)
 .debug_frame   0x00002030       0x20 c:/mounriver/mounriver_studio2/resources/app/resources/win32/components/wch/toolchain/arm-none-eabi-gcc/bin/../lib/gcc/arm-none-eabi/9.3.1/../../../../arm-none-eabi/lib/thumb/v7-m/nofp\libnosys.a(isatty.o)
 .debug_frame   0x00002050       0x20 c:/mounriver/mounriver_studio2/resources/app/resources/win32/components/wch/toolchain/arm-none-eabi-gcc/bin/../lib/gcc/arm-none-eabi/9.3.1/../../../../arm-none-eabi/lib/thumb/v7-m/nofp\libnosys.a(lseek.o)
 .debug_frame   0x00002070       0x20 c:/mounriver/mounriver_studio2/resources/app/resources/win32/components/wch/toolchain/arm-none-eabi-gcc/bin/../lib/gcc/arm-none-eabi/9.3.1/../../../../arm-none-eabi/lib/thumb/v7-m/nofp\libnosys.a(read.o)
 .debug_frame   0x00002090       0x20 c:/mounriver/mounriver_studio2/resources/app/resources/win32/components/wch/toolchain/arm-none-eabi-gcc/bin/../lib/gcc/arm-none-eabi/9.3.1/../../../../arm-none-eabi/lib/thumb/v7-m/nofp\libnosys.a(sbrk.o)

.stab           0x00000000       0x84
 .stab          0x00000000       0x24 c:/mounriver/mounriver_studio2/resources/app/resources/win32/components/wch/toolchain/arm-none-eabi-gcc/bin/../lib/gcc/arm-none-eabi/9.3.1/../../../../arm-none-eabi/lib/thumb/v7-m/nofp\libnosys.a(close.o)
 .stab          0x00000024       0x18 c:/mounriver/mounriver_studio2/resources/app/resources/win32/components/wch/toolchain/arm-none-eabi-gcc/bin/../lib/gcc/arm-none-eabi/9.3.1/../../../../arm-none-eabi/lib/thumb/v7-m/nofp\libnosys.a(fstat.o)
                                 0x24 (size before relaxing)